Archive member included to satisfy reference by file (symbol)

C:/PROGRA~2/ARMGNU~1/14EFD8~1.2RE/bin/../lib/gcc/arm-none-eabi/14.2.1/thumb/v7e-m+fp/hard\libgcc.a(_arm_addsubdf3.o)
                              CMakeFiles\CrossUp.dir\C\movement.c.obj (__aeabi_f2d)
C:/PROGRA~2/ARMGNU~1/14EFD8~1.2RE/bin/../lib/gcc/arm-none-eabi/14.2.1/thumb/v7e-m+fp/hard\libgcc.a(_arm_cmpdf2.o)
                              CMakeFiles\CrossUp.dir\C\movement.c.obj (__aeabi_dcmplt)
C:/PROGRA~2/ARMGNU~1/14EFD8~1.2RE/bin/../lib/gcc/arm-none-eabi/14.2.1/thumb/v7e-m+fp/hard\libgcc.a(_arm_addsubsf3.o)
                              CMakeFiles\CrossUp.dir\C\main.c.obj (__aeabi_ul2f)
C:/PROGRA~2/ARMGNU~1/14EFD8~1.2RE/bin/../lib/gcc/arm-none-eabi/14.2.1/thumb/v7e-m+fp/hard\libgcc.a(_fixsfdi.o)
                              CMakeFiles\CrossUp.dir\C\entities.c.obj (__aeabi_f2lz)
C:/PROGRA~2/ARMGNU~1/14EFD8~1.2RE/bin/../lib/gcc/arm-none-eabi/14.2.1/thumb/v7e-m+fp/hard\libgcc.a(_fixunssfdi.o)
                              C:/PROGRA~2/ARMGNU~1/14EFD8~1.2RE/bin/../lib/gcc/arm-none-eabi/14.2.1/thumb/v7e-m+fp/hard\libgcc.a(_fixsfdi.o) (__aeabi_f2ulz)
C:/PROGRA~2/ARMGNU~1/14EFD8~1.2RE/bin/../lib/gcc/arm-none-eabi/14.2.1/thumb/v7e-m+fp/hard\libgcc.a(_arm_muldf3.o)
                              C:/PROGRA~2/ARMGNU~1/14EFD8~1.2RE/bin/../lib/gcc/arm-none-eabi/14.2.1/thumb/v7e-m+fp/hard\libgcc.a(_fixunssfdi.o) (__aeabi_dmul)
C:/PROGRA~2/ARMGNU~1/14EFD8~1.2RE/bin/../lib/gcc/arm-none-eabi/14.2.1/thumb/v7e-m+fp/hard\libgcc.a(_arm_fixunsdfsi.o)
                              C:/PROGRA~2/ARMGNU~1/14EFD8~1.2RE/bin/../lib/gcc/arm-none-eabi/14.2.1/thumb/v7e-m+fp/hard\libgcc.a(_fixunssfdi.o) (__aeabi_d2uiz)
C:/PROGRA~2/ARMGNU~1/14EFD8~1.2RE/bin/../lib/gcc/arm-none-eabi/14.2.1/thumb/v7e-m+fp/hard\libc.a(libc_a-rand.o)
                              CMakeFiles\CrossUp.dir\C\library.c.obj (rand)
C:/PROGRA~2/ARMGNU~1/14EFD8~1.2RE/bin/../lib/gcc/arm-none-eabi/14.2.1/thumb/v7e-m+fp/hard\libc.a(libc_a-impure.o)
                              C:/PROGRA~2/ARMGNU~1/14EFD8~1.2RE/bin/../lib/gcc/arm-none-eabi/14.2.1/thumb/v7e-m+fp/hard\libc.a(libc_a-rand.o) (_impure_ptr)
C:/PROGRA~2/ARMGNU~1/14EFD8~1.2RE/bin/../lib/gcc/arm-none-eabi/14.2.1/thumb/v7e-m+fp/hard\libc.a(libc_a-memcpy.o)
                              CMakeFiles\CrossUp.dir\C\main.c.obj (memcpy)
C:/PROGRA~2/ARMGNU~1/14EFD8~1.2RE/bin/../lib/gcc/arm-none-eabi/14.2.1/thumb/v7e-m+fp/hard\libc.a(libc_a-findfp.o)
                              C:/PROGRA~2/ARMGNU~1/14EFD8~1.2RE/bin/../lib/gcc/arm-none-eabi/14.2.1/thumb/v7e-m+fp/hard\libc.a(libc_a-impure.o) (__sf)
C:/PROGRA~2/ARMGNU~1/14EFD8~1.2RE/bin/../lib/gcc/arm-none-eabi/14.2.1/thumb/v7e-m+fp/hard\libc.a(libc_a-fwalk.o)
                              C:/PROGRA~2/ARMGNU~1/14EFD8~1.2RE/bin/../lib/gcc/arm-none-eabi/14.2.1/thumb/v7e-m+fp/hard\libc.a(libc_a-findfp.o) (_fwalk_sglue)
C:/PROGRA~2/ARMGNU~1/14EFD8~1.2RE/bin/../lib/gcc/arm-none-eabi/14.2.1/thumb/v7e-m+fp/hard\libc.a(libc_a-stdio.o)
                              C:/PROGRA~2/ARMGNU~1/14EFD8~1.2RE/bin/../lib/gcc/arm-none-eabi/14.2.1/thumb/v7e-m+fp/hard\libc.a(libc_a-findfp.o) (__sread)
C:/PROGRA~2/ARMGNU~1/14EFD8~1.2RE/bin/../lib/gcc/arm-none-eabi/14.2.1/thumb/v7e-m+fp/hard\libc.a(libc_a-memset.o)
                              C:/PROGRA~2/ARMGNU~1/14EFD8~1.2RE/bin/../lib/gcc/arm-none-eabi/14.2.1/thumb/v7e-m+fp/hard\libc.a(libc_a-findfp.o) (memset)
C:/PROGRA~2/ARMGNU~1/14EFD8~1.2RE/bin/../lib/gcc/arm-none-eabi/14.2.1/thumb/v7e-m+fp/hard\libc.a(libc_a-closer.o)
                              C:/PROGRA~2/ARMGNU~1/14EFD8~1.2RE/bin/../lib/gcc/arm-none-eabi/14.2.1/thumb/v7e-m+fp/hard\libc.a(libc_a-stdio.o) (_close_r)
C:/PROGRA~2/ARMGNU~1/14EFD8~1.2RE/bin/../lib/gcc/arm-none-eabi/14.2.1/thumb/v7e-m+fp/hard\libc.a(libc_a-reent.o)
                              C:/PROGRA~2/ARMGNU~1/14EFD8~1.2RE/bin/../lib/gcc/arm-none-eabi/14.2.1/thumb/v7e-m+fp/hard\libc.a(libc_a-closer.o) (errno)
C:/PROGRA~2/ARMGNU~1/14EFD8~1.2RE/bin/../lib/gcc/arm-none-eabi/14.2.1/thumb/v7e-m+fp/hard\libc.a(libc_a-lseekr.o)
                              C:/PROGRA~2/ARMGNU~1/14EFD8~1.2RE/bin/../lib/gcc/arm-none-eabi/14.2.1/thumb/v7e-m+fp/hard\libc.a(libc_a-stdio.o) (_lseek_r)
C:/PROGRA~2/ARMGNU~1/14EFD8~1.2RE/bin/../lib/gcc/arm-none-eabi/14.2.1/thumb/v7e-m+fp/hard\libc.a(libc_a-readr.o)
                              C:/PROGRA~2/ARMGNU~1/14EFD8~1.2RE/bin/../lib/gcc/arm-none-eabi/14.2.1/thumb/v7e-m+fp/hard\libc.a(libc_a-stdio.o) (_read_r)
C:/PROGRA~2/ARMGNU~1/14EFD8~1.2RE/bin/../lib/gcc/arm-none-eabi/14.2.1/thumb/v7e-m+fp/hard\libc.a(libc_a-writer.o)
                              C:/PROGRA~2/ARMGNU~1/14EFD8~1.2RE/bin/../lib/gcc/arm-none-eabi/14.2.1/thumb/v7e-m+fp/hard\libc.a(libc_a-stdio.o) (_write_r)
C:/PROGRA~2/ARMGNU~1/14EFD8~1.2RE/bin/../lib/gcc/arm-none-eabi/14.2.1/thumb/v7e-m+fp/hard\libc.a(libc_a-lock.o)
[...]
Memory Configuration

Name             Origin             Length             Attributes
*default*        0x00000000         0xffffffff

Linker script and memory map

LOAD CMakeFiles\CrossUp.dir\C\main.c.obj
LOAD CMakeFiles\CrossUp.dir\C\library.c.obj
LOAD CMakeFiles\CrossUp.dir\C\entities.c.obj
LOAD CMakeFiles\CrossUp.dir\C\movement.c.obj
LOAD CMakeFiles\CrossUp.dir\C\draw.c.obj
LOAD CMakeFiles\CrossUp.dir\C\collisions.c.obj
LOAD CMakeFiles\CrossUp.dir\C\syscall.c.obj
LOAD CMakeFiles\CrossUp.dir\E_\PlaydateSDK\C_API\buildsupport\setup.c.obj
START GROUP
LOAD C:/PROGRA~2/ARMGNU~1/14EFD8~1.2RE/bin/../lib/gcc/arm-none-eabi/14.2.1/thumb/v7e-m+fp/hard\libgcc.a
LOAD C:/PROGRA~2/ARMGNU~1/14EFD8~1.2RE/bin/../lib/gcc/arm-none-eabi/14.2.1/thumb/v7e-m+fp/hard\libc.a
END GROUP
START GROUP
LOAD C:/PROGRA~2/ARMGNU~1/14EFD8~1.2RE/bin/../lib/gcc/arm-none-eabi/14.2.1/thumb/v7e-m+fp/hard\libgcc.a
LOAD C:/PROGRA~2/ARMGNU~1/14EFD8~1.2RE/bin/../lib/gcc/arm-none-eabi/14.2.1/thumb/v7e-m+fp/hard\libc.a
LOAD C:/PROGRA~2/ARMGNU~1/14EFD8~1.2RE/bin/../lib/gcc/arm-none-eabi/14.2.1/thumb/v7e-m+fp/hard\libm.a
END GROUP

.text           0x00000000     0x58ec
 *(.text)
 .text          0x00000000      0x378 C:/PROGRA~2/ARMGNU~1/14EFD8~1.2RE/bin/../lib/gcc/arm-none-eabi/14.2.1/thumb/v7e-m+fp/hard\libgcc.a(_arm_addsubdf3.o)
                0x00000000                __aeabi_drsub
                0x00000008                __aeabi_dsub
                0x00000008                __subdf3
                0x0000000c                __aeabi_dadd
                0x0000000c                __adddf3
                0x00000284                __floatunsidf
                0x00000284                __aeabi_ui2d
                0x000002a4                __floatsidf
                0x000002a4                __aeabi_i2d
                0x000002c8                __aeabi_f2d
                0x000002c8                __extendsfdf2
                0x0000030c                __floatundidf
                0x0000030c                __aeabi_ul2d
                0x0000031c                __floatdidf
                0x0000031c                __aeabi_l2d
 .text          0x00000378      0x110 C:/PROGRA~2/ARMGNU~1/14EFD8~1.2RE/bin/../lib/gcc/arm-none-eabi/14.2.1/thumb/v7e-m+fp/hard\libgcc.a(_arm_cmpdf2.o)
                0x00000378                __gtdf2
                0x00000378                __gedf2
                0x00000380                __ltdf2
                0x00000380                __ledf2
                0x00000388                __nedf2
                0x00000388                __eqdf2
                0x00000388                __cmpdf2
                0x00000404                __aeabi_cdrcmple
                0x00000414                __aeabi_cdcmpeq
                0x00000414                __aeabi_cdcmple
                0x00000424                __aeabi_dcmpeq
                0x00000438                __aeabi_dcmplt
                0x0000044c                __aeabi_dcmple
                0x00000460                __aeabi_dcmpge
                0x00000474                __aeabi_dcmpgt
 .text          0x00000488      0x21c C:/PROGRA~2/ARMGNU~1/14EFD8~1.2RE/bin/../lib/gcc/arm-none-eabi/14.2.1/thumb/v7e-m+fp/hard\libgcc.a(_arm_addsubsf3.o)
                0x00000488                __aeabi_frsub
                0x00000490                __subsf3
                0x00000490                __aeabi_fsub
                0x00000494                __aeabi_fadd
                0x00000494                __addsf3
                0x000005f4                __aeabi_ui2f
                0x000005f4                __floatunsisf
                0x000005fc                __aeabi_i2f
                0x000005fc                __floatsisf
                0x00000618                __aeabi_ul2f
                0x00000618                __floatundisf
                0x00000628                __aeabi_l2f
                0x00000628                __floatdisf
 .text          0x000006a4      0x254 C:/PROGRA~2/ARMGNU~1/14EFD8~1.2RE/bin/../lib/gcc/arm-none-eabi/14.2.1/thumb/v7e-m+fp/hard\libgcc.a(_arm_muldf3.o)
                0x000006a4                __muldf3
                0x000006a4                __aeabi_dmul
 .text          0x000008f8       0x40 C:/PROGRA~2/ARMGNU~1/14EFD8~1.2RE/bin/../lib/gcc/arm-none-eabi/14.2.1/thumb/v7e-m+fp/hard\libgcc.a(_arm_fixunsdfsi.o)
                0x000008f8                __aeabi_d2uiz
                0x000008f8                __fixunsdfsi
 .text          0x00000938      0x134 C:/PROGRA~2/ARMGNU~1/14EFD8~1.2RE/bin/../lib/gcc/arm-none-eabi/14.2.1/thumb/v7e-m+fp/hard\libc.a(libc_a-memcpy.o)
                0x00000938                memcpy
 *(.text.*)
 *fill*         0x00000a6c        0x4 
 .text.cLib_addEnt
                0x00000a70      0x1a0 CMakeFiles\CrossUp.dir\C\main.c.obj
 .text.cLib_playerAction
                0x00000c10      0x17c CMakeFiles\CrossUp.dir\C\main.c.obj
 *fill*         0x00000d8c        0x4 
 .text.renderTris
                0x00000d90      0x334 CMakeFiles\CrossUp.dir\C\main.c.obj
 *fill*         0x000010c4        0xc 
 .text.cLib_init
                0x000010d0      0x2c4 CMakeFiles\CrossUp.dir\C\main.c.obj
 *fill*         0x00001394        0xc 
 .text.addObjectToWorld.isra.0
                0x000013a0      0x268 CMakeFiles\CrossUp.dir\C\main.c.obj
 *fill*         0x00001608        0x8 
 .text.cLib_render
                0x00001610      0x364 CMakeFiles\CrossUp.dir\C\main.c.obj
 *fill*         0x00001974        0xc 
 .text.eventHandler
                0x00001980       0x5c CMakeFiles\CrossUp.dir\C\main.c.obj
                0x00001980                eventHandler
 *fill*         0x000019dc        0x4 
 .text.randomInt
                0x000019e0       0x1c CMakeFiles\CrossUp.dir\C\library.c.obj
                0x000019e0                randomInt
 *fill*         0x000019fc        0x4 
 .text.randomFloat
                0x00001a00       0x34 CMakeFiles\CrossUp.dir\C\library.c.obj
                0x00001a00                randomFloat
 *fill*         0x00001a34        0xc 
 .text.degToRad
                0x00001a40       0x10 CMakeFiles\CrossUp.dir\C\library.c.obj
                0x00001a40                degToRad
 .text.setPixelRaw
                0x00001a50       0x28 CMakeFiles\CrossUp.dir\C\library.c.obj
                0x00001a50                setPixelRaw
 *fill*         0x00001a78        0x8 
 .text.dot      0x00001a80       0x18 CMakeFiles\CrossUp.dir\C\library.c.obj
                0x00001a80                dot
 *fill*         0x00001a98        0x8 
 .text.createCamera
                0x00001aa0       0xec CMakeFiles\CrossUp.dir\C\entities.c.obj
                0x00001aa0                createCamera
 *fill*         0x00001b8c        0x4 
 .text.createEntity
                0x00001b90      0x128 CMakeFiles\CrossUp.dir\C\entities.c.obj
                0x00001b90                createEntity
 *fill*         0x00001cb8        0x8 
 .text.createPlayer
                0x00001cc0      0x128 CMakeFiles\CrossUp.dir\C\entities.c.obj
                0x00001cc0                createPlayer
 *fill*         0x00001de8        0x8 
 .text.movePlayer
                0x00001df0       0x5c CMakeFiles\CrossUp.dir\C\entities.c.obj
                0x00001df0                movePlayer
 *fill*         0x00001e4c        0x4 
 .text.moveEnt.constprop.0
                0x00001e50      0x114 CMakeFiles\CrossUp.dir\C\movement.c.obj
 *fill*         0x00001f64        0xc 
 .text.runColl  0x00001f70      0x3cc CMakeFiles\CrossUp.dir\C\movement.c.obj
 *fill*         0x0000233c        0x4 
 .text.movePlayerObj
                0x00002340      0x438 CMakeFiles\CrossUp.dir\C\movement.c.obj
                0x00002340                movePlayerObj
 *fill*         0x00002778        0x8 
 .text.updateCamera
                0x00002780      0x140 CMakeFiles\CrossUp.dir\C\movement.c.obj
                0x00002780                updateCamera
 .text.handleCameraInput
                0x000028c0      0x138 CMakeFiles\CrossUp.dir\C\movement.c.obj
                0x000028c0                handleCameraInput
 *fill*         0x000029f8        0x8 
 .text.moveEntObj
                0x00002a00      0x258 CMakeFiles\CrossUp.dir\C\movement.c.obj
                0x00002a00                moveEntObj
 *fill*         0x00002c58        0x8 
 .text.project2D
                0x00002c60       0x40 CMakeFiles\CrossUp.dir\C\draw.c.obj
                0x00002c60                project2D
 .text.RotationMatrix
                0x00002ca0       0x40 CMakeFiles\CrossUp.dir\C\draw.c.obj
                0x00002ca0                RotationMatrix
 .text.rotateVertex
                0x00002ce0       0x58 CMakeFiles\CrossUp.dir\C\draw.c.obj
                0x00002ce0                rotateVertex
 *fill*         0x00002d38        0x8 
 .text.computeRotScaleMatrix
                0x00002d40       0xe8 CMakeFiles\CrossUp.dir\C\draw.c.obj
                0x00002d40                computeRotScaleMatrix
 *fill*         0x00002e28        0x8 
 .text.windingOrder
                0x00002e30       0x34 CMakeFiles\CrossUp.dir\C\draw.c.obj
                0x00002e30                windingOrder
 *fill*         0x00002e64        0xc 
 .text.drawFilledTrisZ
                0x00002e70      0x374 CMakeFiles\CrossUp.dir\C\draw.c.obj
                0x00002e70                drawFilledTrisZ
 *fill*         0x000031e4        0xc 
 .text.TriangleClipping
                0x000031f0      0x2ec CMakeFiles\CrossUp.dir\C\draw.c.obj
                0x000031f0                TriangleClipping
 *fill*         0x000034dc        0x4 
 .text.resetCollisionSurface
                0x000034e0       0x28 CMakeFiles\CrossUp.dir\C\collisions.c.obj
                0x000034e0                resetCollisionSurface
 *fill*         0x00003508        0x8 
 .text.addCollisionSurface
                0x00003510      0x140 CMakeFiles\CrossUp.dir\C\collisions.c.obj
                0x00003510                addCollisionSurface
 .text.cylinderInTriangle
                0x00003650      0x2e0 CMakeFiles\CrossUp.dir\C\collisions.c.obj
                0x00003650                cylinderInTriangle
 .text.eventHandlerShim
                0x00003930       0x1c CMakeFiles\CrossUp.dir\E_\PlaydateSDK\C_API\buildsupport\setup.c.obj
                0x00003930                eventHandlerShim
 .text.__fixsfdi
                0x0000394c       0x28 C:/PROGRA~2/ARMGNU~1/14EFD8~1.2RE/bin/../lib/gcc/arm-none-eabi/14.2.1/thumb/v7e-m+fp/hard\libgcc.a(_fixsfdi.o)
                0x0000394c                __fixsfdi
                0x0000394c                __aeabi_f2lz
 .text.__fixunssfdi
                0x00003974       0x40 C:/PROGRA~2/ARMGNU~1/14EFD8~1.2RE/bin/../lib/gcc/arm-none-eabi/14.2.1/thumb/v7e-m+fp/hard\libgcc.a(_fixunssfdi.o)
                0x00003974                __fixunssfdi
                0x00003974                __aeabi_f2ulz
 .text.rand     0x000039b4       0x40 C:/PROGRA~2/ARMGNU~1/14EFD8~1.2RE/bin/../lib/gcc/arm-none-eabi/14.2.1/thumb/v7e-m+fp/hard\libc.a(libc_a-rand.o)
                0x000039b4                rand
 .text.atan2f   0x000039f4        0x4 C:/PROGRA~2/ARMGNU~1/14EFD8~1.2RE/bin/../lib/gcc/arm-none-eabi/14.2.1/thumb/v7e-m+fp/hard\libm.a(libm_a-wf_atan2.o)
                0x000039f4                atan2f
 .text.fmodf    0x000039f8       0x48 C:/PROGRA~2/ARMGNU~1/14EFD8~1.2RE/bin/../lib/gcc/arm-none-eabi/14.2.1/thumb/v7e-m+fp/hard\libm.a(libm_a-wf_fmod.o)
                0x000039f8                fmodf
 .text.powf     0x00003a40       0xbc C:/PROGRA~2/ARMGNU~1/14EFD8~1.2RE/bin/../lib/gcc/arm-none-eabi/14.2.1/thumb/v7e-m+fp/hard\libm.a(libm_a-wf_pow.o)
                0x00003a40                powf
 .text.cosf     0x00003afc       0x70 C:/PROGRA~2/ARMGNU~1/14EFD8~1.2RE/bin/../lib/gcc/arm-none-eabi/14.2.1/thumb/v7e-m+fp/hard\libm.a(libm_a-sf_cos.o)
                0x00003afc                cosf
 .text.sinf     0x00003b6c       0x74 C:/PROGRA~2/ARMGNU~1/14EFD8~1.2RE/bin/../lib/gcc/arm-none-eabi/14.2.1/thumb/v7e-m+fp/hard\libm.a(libm_a-sf_sin.o)
                0x00003b6c                sinf
 .text.finitef  0x00003be0       0x14 C:/PROGRA~2/ARMGNU~1/14EFD8~1.2RE/bin/../lib/gcc/arm-none-eabi/14.2.1/thumb/v7e-m+fp/hard\libm.a(libm_a-sf_finite.o)
                0x00003be0                finitef
 .text.__kernel_cosf
                0x00003bf4      0x104 C:/PROGRA~2/ARMGNU~1/14EFD8~1.2RE/bin/../lib/gcc/arm-none-eabi/14.2.1/thumb/v7e-m+fp/hard\libm.a(libm_a-kf_cos.o)
                0x00003bf4                __kernel_cosf
 .text.__kernel_sinf
                0x00003cf8       0x90 C:/PROGRA~2/ARMGNU~1/14EFD8~1.2RE/bin/../lib/gcc/arm-none-eabi/14.2.1/thumb/v7e-m+fp/hard\libm.a(libm_a-kf_sin.o)
                0x00003cf8                __kernel_sinf
 .text.__ieee754_atan2f
                0x00003d88      0x14c C:/PROGRA~2/ARMGNU~1/14EFD8~1.2RE/bin/../lib/gcc/arm-none-eabi/14.2.1/thumb/v7e-m+fp/hard\libm.a(libm_a-ef_atan2.o)
                0x00003d88                __ieee754_atan2f
 .text.__ieee754_fmodf
                0x00003ed4      0x184 C:/PROGRA~2/ARMGNU~1/14EFD8~1.2RE/bin/../lib/gcc/arm-none-eabi/14.2.1/thumb/v7e-m+fp/hard\libm.a(libm_a-ef_fmod.o)
                0x00003ed4                __ieee754_fmodf
 .text.__ieee754_powf
                0x00004058      0x6b8 C:/PROGRA~2/ARMGNU~1/14EFD8~1.2RE/bin/../lib/gcc/arm-none-eabi/14.2.1/thumb/v7e-m+fp/hard\libm.a(libm_a-ef_pow.o)
                0x00004058                __ieee754_powf
 .text.__ieee754_rem_pio2f
                0x00004710      0x26c C:/PROGRA~2/ARMGNU~1/14EFD8~1.2RE/bin/../lib/gcc/arm-none-eabi/14.2.1/thumb/v7e-m+fp/hard\libm.a(libm_a-ef_rem_pio2.o)
                0x00004710                __ieee754_rem_pio2f
 .text.atanf    0x0000497c      0x1a4 C:/PROGRA~2/ARMGNU~1/14EFD8~1.2RE/bin/../lib/gcc/arm-none-eabi/14.2.1/thumb/v7e-m+fp/hard\libm.a(libm_a-sf_atan.o)
                0x0000497c                atanf
 .text.fabsf    0x00004b20       0x10 C:/PROGRA~2/ARMGNU~1/14EFD8~1.2RE/bin/../lib/gcc/arm-none-eabi/14.2.1/thumb/v7e-m+fp/hard\libm.a(libm_a-sf_fabs.o)
                0x00004b20                fabsf
 .text.scalbnf  0x00004b30       0xdc C:/PROGRA~2/ARMGNU~1/14EFD8~1.2RE/bin/../lib/gcc/arm-none-eabi/14.2.1/thumb/v7e-m+fp/hard\libm.a(libm_a-sf_scalbn.o)
                0x00004b30                scalbnf
 .text.with_errnof
                0x00004c0c       0x1c C:/PROGRA~2/ARMGNU~1/14EFD8~1.2RE/bin/../lib/gcc/arm-none-eabi/14.2.1/thumb/v7e-m+fp/hard\libm.a(libm_a-math_errf.o)
 .text.xflowf   0x00004c28       0x20 C:/PROGRA~2/ARMGNU~1/14EFD8~1.2RE/bin/../lib/gcc/arm-none-eabi/14.2.1/thumb/v7e-m+fp/hard\libm.a(libm_a-math_errf.o)
 .text.__math_uflowf
                0x00004c48        0xc C:/PROGRA~2/ARMGNU~1/14EFD8~1.2RE/bin/../lib/gcc/arm-none-eabi/14.2.1/thumb/v7e-m+fp/hard\libm.a(libm_a-math_errf.o)
                0x00004c48                __math_uflowf
 .text.__math_oflowf
                0x00004c54        0xc C:/PROGRA~2/ARMGNU~1/14EFD8~1.2RE/bin/../lib/gcc/arm-none-eabi/14.2.1/thumb/v7e-m+fp/hard\libm.a(libm_a-math_errf.o)
                0x00004c54                __math_oflowf
 .text.__ieee754_sqrtf
                0x00004c60        0x8 C:/PROGRA~2/ARMGNU~1/14EFD8~1.2RE/bin/../lib/gcc/arm-none-eabi/14.2.1/thumb/v7e-m+fp/hard\libm.a(libm_a-ef_sqrt.o)
                0x00004c60                __ieee754_sqrtf
 .text.__kernel_rem_pio2f
                0x00004c68      0x68c C:/PROGRA~2/ARMGNU~1/14EFD8~1.2RE/bin/../lib/gcc/arm-none-eabi/14.2.1/thumb/v7e-m+fp/hard\libm.a(libm_a-kf_rem_pio2.o)
                0x00004c68                __kernel_rem_pio2f
 .text.floorf   0x000052f4       0x94 C:/PROGRA~2/ARMGNU~1/14EFD8~1.2RE/bin/../lib/gcc/arm-none-eabi/14.2.1/thumb/v7e-m+fp/hard\libm.a(libm_a-sf_floor.o)
                0x000052f4                floorf
 .text.__errno  0x00005388        0xc C:/PROGRA~2/ARMGNU~1/14EFD8~1.2RE/bin/../lib/gcc/arm-none-eabi/14.2.1/thumb/v7e-m+fp/hard\libc.a(libc_a-errno.o)
                0x00005388                __errno
 *(.init)
 *(.fini)
 *crtbegin.o(.ctors)
 *crtbegin?.o(.ctors)
 *(EXCLUDE_FILE(*crtend.o *crtend?.o) .ctors)
 *(SORT_BY_NAME(.ctors.*))
 *(.ctors)
 *crtbegin.o(.dtors)
 *crtbegin?.o(.dtors)
 *(EXCLUDE_FILE(*crtend.o *crtend?.o) .dtors)
 *(SORT_BY_NAME(.dtors.*))
 *(.dtors)
 *(.rodata*)
 .rodata.cLib_addEnt.str1.4
                0x00005394       0x97 CMakeFiles\CrossUp.dir\C\main.c.obj
                                 0x16 (size before relaxing)
 .rodata.eventHandler.str1.4
                0x0000542b       0x5e CMakeFiles\CrossUp.dir\C\main.c.obj
 .rodata.str1.4
                0x0000542b       0x1f CMakeFiles\CrossUp.dir\C\main.c.obj
 *fill*         0x0000542b        0x1 
 .rodata.cLibs  0x0000542c       0x28 CMakeFiles\CrossUp.dir\C\main.c.obj
 .rodata.map    0x00005454        0xc CMakeFiles\CrossUp.dir\C\main.c.obj
 .rodata.arm    0x00005460        0xc CMakeFiles\CrossUp.dir\C\main.c.obj
 .rodata.cube   0x0000546c        0xc CMakeFiles\CrossUp.dir\C\main.c.obj
 .rodata        0x00005478        0xc CMakeFiles\CrossUp.dir\C\main.c.obj
 .rodata.pattern
                0x00005484       0x40 CMakeFiles\CrossUp.dir\C\draw.c.obj
                0x00005484                pattern
 .rodata        0x000054c4       0x18 CMakeFiles\CrossUp.dir\C\collisions.c.obj
 .rodata.CSWTCH.9
                0x000054dc        0xc C:/PROGRA~2/ARMGNU~1/14EFD8~1.2RE/bin/../lib/gcc/arm-none-eabi/14.2.1/thumb/v7e-m+fp/hard\libm.a(libm_a-ef_atan2.o)
 .rodata.CSWTCH.8
                0x000054e8        0xc C:/PROGRA~2/ARMGNU~1/14EFD8~1.2RE/bin/../lib/gcc/arm-none-eabi/14.2.1/thumb/v7e-m+fp/hard\libm.a(libm_a-ef_atan2.o)
 .rodata.Zero   0x000054f4        0x8 C:/PROGRA~2/ARMGNU~1/14EFD8~1.2RE/bin/../lib/gcc/arm-none-eabi/14.2.1/thumb/v7e-m+fp/hard\libm.a(libm_a-ef_fmod.o)
 .rodata.npio2_hw
                0x000054fc       0x80 C:/PROGRA~2/ARMGNU~1/14EFD8~1.2RE/bin/../lib/gcc/arm-none-eabi/14.2.1/thumb/v7e-m+fp/hard\libm.a(libm_a-ef_rem_pio2.o)
 .rodata.two_over_pi
                0x0000557c      0x318 C:/PROGRA~2/ARMGNU~1/14EFD8~1.2RE/bin/../lib/gcc/arm-none-eabi/14.2.1/thumb/v7e-m+fp/hard\libm.a(libm_a-ef_rem_pio2.o)
 .rodata.atanlo
                0x00005894       0x10 C:/PROGRA~2/ARMGNU~1/14EFD8~1.2RE/bin/../lib/gcc/arm-none-eabi/14.2.1/thumb/v7e-m+fp/hard\libm.a(libm_a-sf_atan.o)
 .rodata.atanhi
                0x000058a4       0x10 C:/PROGRA~2/ARMGNU~1/14EFD8~1.2RE/bin/../lib/gcc/arm-none-eabi/14.2.1/thumb/v7e-m+fp/hard\libm.a(libm_a-sf_atan.o)
 .rodata.PIo2   0x000058b4       0x2c C:/PROGRA~2/ARMGNU~1/14EFD8~1.2RE/bin/../lib/gcc/arm-none-eabi/14.2.1/thumb/v7e-m+fp/hard\libm.a(libm_a-kf_rem_pio2.o)
 .rodata.init_jk
                0x000058e0        0xc C:/PROGRA~2/ARMGNU~1/14EFD8~1.2RE/bin/../lib/gcc/arm-none-eabi/14.2.1/thumb/v7e-m+fp/hard\libm.a(libm_a-kf_rem_pio2.o)
 *(.eh_frame*)

.glue_7         0x000058ec        0x0
 .glue_7        0x000058ec        0x0 linker stubs

.glue_7t        0x000058ec        0x0
 .glue_7t       0x000058ec        0x0 linker stubs

.vfp11_veneer   0x000058ec        0x0
 .vfp11_veneer  0x000058ec        0x0 linker stubs

.v4_bx          0x000058ec        0x0
 .v4_bx         0x000058ec        0x0 linker stubs

.iplt           0x000058ec        0x0
 .iplt          0x000058ec        0x0 CMakeFiles\CrossUp.dir\C\main.c.obj

.rel.dyn        0x000058ec        0x0
 .rel.iplt      0x000058ec        0x0 CMakeFiles\CrossUp.dir\C\main.c.obj

.data           0x000058f0     0x8828
                0x000058f0                        __etext = .
                0x000058f0                        __data_start__ = .
 *(vtable)
 *(.data*)
 .data.__compound_literal.5
                0x000058f0      0xce4 CMakeFiles\CrossUp.dir\C\main.c.obj
 .data.__compound_literal.4
                0x000065d4     0x7404 CMakeFiles\CrossUp.dir\C\main.c.obj
 .data.__compound_literal.3
                0x0000d9d8       0x68 CMakeFiles\CrossUp.dir\C\main.c.obj
 .data.__compound_literal.2
                0x0000da40      0x3a8 CMakeFiles\CrossUp.dir\C\main.c.obj
 .data.__compound_literal.1
                0x0000dde8       0x30 CMakeFiles\CrossUp.dir\C\main.c.obj
 .data.__compound_literal.0
                0x0000de18      0x1b0 CMakeFiles\CrossUp.dir\C\main.c.obj
 .data.deltaTime
                0x0000dfc8        0x4 CMakeFiles\CrossUp.dir\C\library.c.obj
                0x0000dfc8                deltaTime
 .data.substeps
                0x0000dfcc        0x4 CMakeFiles\CrossUp.dir\C\movement.c.obj
                0x0000dfcc                substeps
 .data._impure_ptr
                0x0000dfd0        0x4 C:/PROGRA~2/ARMGNU~1/14EFD8~1.2RE/bin/../lib/gcc/arm-none-eabi/14.2.1/thumb/v7e-m+fp/hard\libc.a(libc_a-impure.o)
                0x0000dfd0                _impure_ptr
 *fill*         0x0000dfd4        0x4 
 .data._impure_data
                0x0000dfd8      0x140 C:/PROGRA~2/ARMGNU~1/14EFD8~1.2RE/bin/../lib/gcc/arm-none-eabi/14.2.1/thumb/v7e-m+fp/hard\libc.a(libc_a-impure.o)
                0x0000dfd8                _impure_data
                0x0000e118                        . = ALIGN (0x4)
                [!provide]                        PROVIDE (__preinit_array_start = .)
 *(.preinit_array)
                [!provide]                        PROVIDE (__preinit_array_end = .)
                0x0000e118                        . = ALIGN (0x4)
                [!provide]                        PROVIDE (__init_array_start = .)
 *(SORT_BY_NAME(.init_array.*))
 *(.init_array)
                [!provide]                        PROVIDE (__init_array_end = .)
                0x0000e118                        . = ALIGN (0x4)
                [!provide]                        PROVIDE (__fini_array_start = .)
 *(SORT_BY_NAME(.fini_array.*))
 *(.fini_array)
                [!provide]                        PROVIDE (__fini_array_end = .)
                0x0000e118                        . = ALIGN (0x4)
                0x0000e118                        __data_end__ = .

.igot.plt       0x0000e118        0x0
 .igot.plt      0x0000e118        0x0 CMakeFiles\CrossUp.dir\C\main.c.obj

.bss            0x0000e118    0x5deb8
                0x0000e118                        . = ALIGN (0x4)
                0x0000e118                        __bss_start__ = .
 *(.bss*)
 .bss.camForward
                0x0000e118        0xc CMakeFiles\CrossUp.dir\C\main.c.obj
                0x0000e118                camForward
 .bss.allPointsCount
                0x0000e124        0x4 CMakeFiles\CrossUp.dir\C\main.c.obj
                0x0000e124                allPointsCount
 .bss.modelIndex
                0x0000e128        0x4 CMakeFiles\CrossUp.dir\C\main.c.obj
                0x0000e128                modelIndex
 .bss.entArray  0x0000e12c        0x4 CMakeFiles\CrossUp.dir\C\main.c.obj
                0x0000e12c                entArray
 .bss.mapArray  0x0000e130        0x4 CMakeFiles\CrossUp.dir\C\main.c.obj
                0x0000e130                mapArray
 *fill*         0x0000e134        0x4 
 .bss.player    0x0000e138       0x98 CMakeFiles\CrossUp.dir\C\main.c.obj
                0x0000e138                player
 .bss.allEnts   0x0000e1d0        0x4 CMakeFiles\CrossUp.dir\C\main.c.obj
                0x0000e1d0                allEnts
 .bss.staticAmt
                0x0000e1d4        0x4 CMakeFiles\CrossUp.dir\C\main.c.obj
                0x0000e1d4                staticAmt
 .bss.allAmt    0x0000e1d8        0x4 CMakeFiles\CrossUp.dir\C\main.c.obj
                0x0000e1d8                allAmt
 .bss.entAmt    0x0000e1dc        0x4 CMakeFiles\CrossUp.dir\C\main.c.obj
                0x0000e1dc                entAmt
 .bss.rendAmt   0x0000e1e0        0x4 CMakeFiles\CrossUp.dir\C\main.c.obj
                0x0000e1e0                rendAmt
 *fill*         0x0000e1e4        0x4 
 .bss.zBuffer   0x0000e1e8    0x5dc00 CMakeFiles\CrossUp.dir\C\main.c.obj
                0x0000e1e8                zBuffer
 .bss.buf       0x0006bde8        0x4 CMakeFiles\CrossUp.dir\C\main.c.obj
                0x0006bde8                buf
 .bss.entModels
                0x0006bdec        0x4 CMakeFiles\CrossUp.dir\C\main.c.obj
                0x0006bdec                entModels
 .bss.static3D  0x0006bdf0        0x4 CMakeFiles\CrossUp.dir\C\main.c.obj
                0x0006bdf0                static3D
 .bss.allPoints
                0x0006bdf4        0x4 CMakeFiles\CrossUp.dir\C\main.c.obj
                0x0006bdf4                allPoints
 .bss.cam       0x0006bdf8       0x48 CMakeFiles\CrossUp.dir\C\main.c.obj
                0x0006bdf8                cam
 .bss.pd        0x0006be40        0x4 CMakeFiles\CrossUp.dir\C\main.c.obj
                0x0006be40                pd
 *fill*         0x0006be44        0x4 
 .bss.lastTime  0x0006be48        0x8 CMakeFiles\CrossUp.dir\C\library.c.obj
                0x0006be48                lastTime
 .bss.pColPoints
                0x0006be50       0x30 CMakeFiles\CrossUp.dir\C\movement.c.obj
                0x0006be50                pColPoints
 .bss.pCollisionPos
                0x0006be80        0xc CMakeFiles\CrossUp.dir\C\movement.c.obj
                0x0006be80                pCollisionPos
 .bss.collisionCount
                0x0006be8c        0x4 CMakeFiles\CrossUp.dir\C\collisions.c.obj
                0x0006be8c                collisionCount
 .bss.collisionSurfaces
                0x0006be90        0x4 CMakeFiles\CrossUp.dir\C\collisions.c.obj
                0x0006be90                collisionSurfaces
 .bss.pdrealloc
                0x0006be94        0x4 CMakeFiles\CrossUp.dir\E_\PlaydateSDK\C_API\buildsupport\setup.c.obj
 .bss.__sf      0x0006be98      0x138 C:/PROGRA~2/ARMGNU~1/14EFD8~1.2RE/bin/../lib/gcc/arm-none-eabi/14.2.1/thumb/v7e-m+fp/hard\libc.a(libc_a-findfp.o)
                0x0006be98                __sf
 *(COMMON)
 *(COM)
                0x0006bfd0                        . = ALIGN (0x4)
                0x0006bfd0                        __bss_end__ = .

/DISCARD/
 *(.ARM.exidx)
OUTPUT(CrossUp.elf elf32-littlearm)
LOAD linker stubs

.debug_info     0x00000000    0x2e080
 .debug_info    0x00000000     0x892c CMakeFiles\CrossUp.dir\C\main.c.obj
 .debug_info    0x0000892c      0x53b CMakeFiles\CrossUp.dir\C\library.c.obj
 .debug_info    0x00008e67     0x7320 CMakeFiles\CrossUp.dir\C\entities.c.obj
 .debug_info    0x00010187     0x8002 CMakeFiles\CrossUp.dir\C\movement.c.obj
 .debug_info    0x00018189     0x7a74 CMakeFiles\CrossUp.dir\C\draw.c.obj
 .debug_info    0x0001fbfd     0x70a7 CMakeFiles\CrossUp.dir\C\collisions.c.obj
 .debug_info    0x00026ca4     0x73dc CMakeFiles\CrossUp.dir\E_\PlaydateSDK\C_API\buildsupport\setup.c.obj

.debug_abbrev   0x00000000     0x1b48
 .debug_abbrev  0x00000000      0x617 CMakeFiles\CrossUp.dir\C\main.c.obj
 .debug_abbrev  0x00000617      0x1da CMakeFiles\CrossUp.dir\C\library.c.obj
 .debug_abbrev  0x000007f1      0x342 CMakeFiles\CrossUp.dir\C\entities.c.obj
 .debug_abbrev  0x00000b33      0x54c CMakeFiles\CrossUp.dir\C\movement.c.obj
 .debug_abbrev  0x0000107f      0x45a CMakeFiles\CrossUp.dir\C\draw.c.obj
 .debug_abbrev  0x000014d9      0x355 CMakeFiles\CrossUp.dir\C\collisions.c.obj
 .debug_abbrev  0x0000182e      0x31a CMakeFiles\CrossUp.dir\E_\PlaydateSDK\C_API\buildsupport\setup.c.obj

.debug_loc      0x00000000     0x722a
 .debug_loc     0x00000000      0xf0b CMakeFiles\CrossUp.dir\C\main.c.obj
 .debug_loc     0x00000f0b      0x34e CMakeFiles\CrossUp.dir\C\library.c.obj
 .debug_loc     0x00001259      0xd0a CMakeFiles\CrossUp.dir\C\entities.c.obj
 .debug_loc     0x00001f63     0x16a4 CMakeFiles\CrossUp.dir\C\movement.c.obj
 .debug_loc     0x00003607     0x26a5 CMakeFiles\CrossUp.dir\C\draw.c.obj
 .debug_loc     0x00005cac     0x1314 CMakeFiles\CrossUp.dir\C\collisions.c.obj
 .debug_loc     0x00006fc0      0x26a CMakeFiles\CrossUp.dir\E_\PlaydateSDK\C_API\buildsupport\setup.c.obj

.debug_aranges  0x00000000      0x248
 .debug_aranges
                0x00000000       0x50 CMakeFiles\CrossUp.dir\C\main.c.obj
 .debug_aranges
                0x00000050       0x78 CMakeFiles\CrossUp.dir\C\library.c.obj
 .debug_aranges
                0x000000c8       0x78 CMakeFiles\CrossUp.dir\C\entities.c.obj
 .debug_aranges
                0x00000140       0x48 CMakeFiles\CrossUp.dir\C\movement.c.obj
 .debug_aranges
                0x00000188       0x58 CMakeFiles\CrossUp.dir\C\draw.c.obj
 .debug_aranges
                0x000001e0       0x30 CMakeFiles\CrossUp.dir\C\collisions.c.obj
 .debug_aranges
                0x00000210       0x38 CMakeFiles\CrossUp.dir\E_\PlaydateSDK\C_API\buildsupport\setup.c.obj

.debug_ranges   0x00000000      0x870
 .debug_ranges  0x00000000      0x230 CMakeFiles\CrossUp.dir\C\main.c.obj
 .debug_ranges  0x00000230       0x68 CMakeFiles\CrossUp.dir\C\library.c.obj
 .debug_ranges  0x00000298       0x68 CMakeFiles\CrossUp.dir\C\entities.c.obj
 .debug_ranges  0x00000300      0x228 CMakeFiles\CrossUp.dir\C\movement.c.obj
 .debug_ranges  0x00000528      0x258 CMakeFiles\CrossUp.dir\C\draw.c.obj
 .debug_ranges  0x00000780       0xc8 CMakeFiles\CrossUp.dir\C\collisions.c.obj
 .debug_ranges  0x00000848       0x28 CMakeFiles\CrossUp.dir\E_\PlaydateSDK\C_API\buildsupport\setup.c.obj

.debug_line     0x00000000     0x42e9
 .debug_line    0x00000000     0x103c CMakeFiles\CrossUp.dir\C\main.c.obj
 .debug_line    0x0000103c      0x377 CMakeFiles\CrossUp.dir\C\library.c.obj
 .debug_line    0x000013b3      0x7ba CMakeFiles\CrossUp.dir\C\entities.c.obj
 .debug_line    0x00001b6d     0x10c0 CMakeFiles\CrossUp.dir\C\movement.c.obj
 .debug_line    0x00002c2d      0xc6c CMakeFiles\CrossUp.dir\C\draw.c.obj
 .debug_line    0x00003899      0x704 CMakeFiles\CrossUp.dir\C\collisions.c.obj
 .debug_line    0x00003f9d      0x34c CMakeFiles\CrossUp.dir\E_\PlaydateSDK\C_API\buildsupport\setup.c.obj

.debug_str      0x00000000     0x3e98
 .debug_str     0x00000000     0x3e98 CMakeFiles\CrossUp.dir\C\main.c.obj
                               0x3729 (size before relaxing)
 .debug_str     0x00003e98      0x2f2 CMakeFiles\CrossUp.dir\C\library.c.obj
 .debug_str     0x00003e98     0x328e CMakeFiles\CrossUp.dir\C\entities.c.obj
 .debug_str     0x00003e98     0x34b2 CMakeFiles\CrossUp.dir\C\movement.c.obj
 .debug_str     0x00003e98     0x3389 CMakeFiles\CrossUp.dir\C\draw.c.obj
 .debug_str     0x00003e98     0x32a2 CMakeFiles\CrossUp.dir\C\collisions.c.obj
 .debug_str     0x00003e98     0x354c CMakeFiles\CrossUp.dir\E_\PlaydateSDK\C_API\buildsupport\setup.c.obj

.comment        0x00000000       0x45
 .comment       0x00000000       0x45 CMakeFiles\CrossUp.dir\C\main.c.obj
                                 0x46 (size before relaxing)
 .comment       0x00000045       0x46 CMakeFiles\CrossUp.dir\C\library.c.obj
 .comment       0x00000045       0x46 CMakeFiles\CrossUp.dir\C\entities.c.obj
 .comment       0x00000045       0x46 CMakeFiles\CrossUp.dir\C\movement.c.obj
 .comment       0x00000045       0x46 CMakeFiles\CrossUp.dir\C\draw.c.obj
 .comment       0x00000045       0x46 CMakeFiles\CrossUp.dir\C\collisions.c.obj
 .comment       0x00000045       0x46 CMakeFiles\CrossUp.dir\E_\PlaydateSDK\C_API\buildsupport\setup.c.obj

.ARM.attributes
                0x00000000       0x32
 .ARM.attributes
                0x00000000       0x30 CMakeFiles\CrossUp.dir\C\main.c.obj
 .ARM.attributes
                0x00000030       0x30 CMakeFiles\CrossUp.dir\C\library.c.obj
 .ARM.attributes
                0x00000060       0x30 CMakeFiles\CrossUp.dir\C\entities.c.obj
 .ARM.attributes
                0x00000090       0x30 CMakeFiles\CrossUp.dir\C\movement.c.obj
 .ARM.attributes
                0x000000c0       0x30 CMakeFiles\CrossUp.dir\C\draw.c.obj
 .ARM.attributes
                0x000000f0       0x30 CMakeFiles\CrossUp.dir\C\collisions.c.obj
 .ARM.attributes
                0x00000120       0x30 CMakeFiles\CrossUp.dir\E_\PlaydateSDK\C_API\buildsupport\setup.c.obj
 .ARM.attributes
                0x00000150       0x22 C:/PROGRA~2/ARMGNU~1/14EFD8~1.2RE/bin/../lib/gcc/arm-none-eabi/14.2.1/thumb/v7e-m+fp/hard\libgcc.a(_arm_addsubdf3.o)
 .ARM.attributes
                0x00000172       0x22 C:/PROGRA~2/ARMGNU~1/14EFD8~1.2RE/bin/../lib/gcc/arm-none-eabi/14.2.1/thumb/v7e-m+fp/hard\libgcc.a(_arm_cmpdf2.o)
 .ARM.attributes
                0x00000194       0x22 C:/PROGRA~2/ARMGNU~1/14EFD8~1.2RE/bin/../lib/gcc/arm-none-eabi/14.2.1/thumb/v7e-m+fp/hard\libgcc.a(_arm_addsubsf3.o)
 .ARM.attributes
                0x000001b6       0x34 C:/PROGRA~2/ARMGNU~1/14EFD8~1.2RE/bin/../lib/gcc/arm-none-eabi/14.2.1/thumb/v7e-m+fp/hard\libgcc.a(_fixsfdi.o)
 .ARM.attributes
                0x000001ea       0x34 C:/PROGRA~2/ARMGNU~1/14EFD8~1.2RE/bin/../lib/gcc/arm-none-eabi/14.2.1/thumb/v7e-m+fp/hard\libgcc.a(_fixunssfdi.o)
 .ARM.attributes
                0x0000021e       0x22 C:/PROGRA~2/ARMGNU~1/14EFD8~1.2RE/bin/../lib/gcc/arm-none-eabi/14.2.1/thumb/v7e-m+fp/hard\libgcc.a(_arm_muldf3.o)
 .ARM.attributes
                0x00000240       0x22 C:/PROGRA~2/ARMGNU~1/14EFD8~1.2RE/bin/../lib/gcc/arm-none-eabi/14.2.1/thumb/v7e-m+fp/hard\libgcc.a(_arm_fixunsdfsi.o)
 .ARM.attributes
                0x00000262       0x34 C:/PROGRA~2/ARMGNU~1/14EFD8~1.2RE/bin/../lib/gcc/arm-none-eabi/14.2.1/thumb/v7e-m+fp/hard\libc.a(libc_a-rand.o)
 .ARM.attributes
                0x00000296       0x34 C:/PROGRA~2/ARMGNU~1/14EFD8~1.2RE/bin/../lib/gcc/arm-none-eabi/14.2.1/thumb/v7e-m+fp/hard\libc.a(libc_a-impure.o)
 .ARM.attributes
                0x000002ca       0x20 C:/PROGRA~2/ARMGNU~1/14EFD8~1.2RE/bin/../lib/gcc/arm-none-eabi/14.2.1/thumb/v7e-m+fp/hard\libc.a(libc_a-memcpy.o)
 .ARM.attributes
                0x000002ea       0x34 C:/PROGRA~2/ARMGNU~1/14EFD8~1.2RE/bin/../lib/gcc/arm-none-eabi/14.2.1/thumb/v7e-m+fp/hard\libc.a(libc_a-findfp.o)
 .ARM.attributes
                0x0000031e       0x34 C:/PROGRA~2/ARMGNU~1/14EFD8~1.2RE/bin/../lib/gcc/arm-none-eabi/14.2.1/thumb/v7e-m+fp/hard\libm.a(libm_a-wf_atan2.o)
 .ARM.attributes
                0x00000352       0x34 C:/PROGRA~2/ARMGNU~1/14EFD8~1.2RE/bin/../lib/gcc/arm-none-eabi/14.2.1/thumb/v7e-m+fp/hard\libm.a(libm_a-wf_fmod.o)
 .ARM.attributes
                0x00000386       0x34 C:/PROGRA~2/ARMGNU~1/14EFD8~1.2RE/bin/../lib/gcc/arm-none-eabi/14.2.1/thumb/v7e-m+fp/hard\libm.a(libm_a-wf_pow.o)
 .ARM.attributes
                0x000003ba       0x34 C:/PROGRA~2/ARMGNU~1/14EFD8~1.2RE/bin/../lib/gcc/arm-none-eabi/14.2.1/thumb/v7e-m+fp/hard\libm.a(libm_a-sf_cos.o)
 .ARM.attributes
                0x000003ee       0x34 C:/PROGRA~2/ARMGNU~1/14EFD8~1.2RE/bin/../lib/gcc/arm-none-eabi/14.2.1/thumb/v7e-m+fp/hard\libm.a(libm_a-sf_sin.o)
 .ARM.attributes
                0x00000422       0x34 C:/PROGRA~2/ARMGNU~1/14EFD8~1.2RE/bin/../lib/gcc/arm-none-eabi/14.2.1/thumb/v7e-m+fp/hard\libm.a(libm_a-sf_finite.o)
 .ARM.attributes
                0x00000456       0x34 C:/PROGRA~2/ARMGNU~1/14EFD8~1.2RE/bin/../lib/gcc/arm-none-eabi/14.2.1/thumb/v7e-m+fp/hard\libm.a(libm_a-kf_cos.o)
 .ARM.attributes
                0x0000048a       0x34 C:/PROGRA~2/ARMGNU~1/14EFD8~1.2RE/bin/../lib/gcc/arm-none-eabi/14.2.1/thumb/v7e-m+fp/hard\libm.a(libm_a-kf_sin.o)
 .ARM.attributes
                0x000004be       0x34 C:/PROGRA~2/ARMGNU~1/14EFD8~1.2RE/bin/../lib/gcc/arm-none-eabi/14.2.1/thumb/v7e-m+fp/hard\libm.a(libm_a-ef_atan2.o)
 .ARM.attributes
                0x000004f2       0x34 C:/PROGRA~2/ARMGNU~1/14EFD8~1.2RE/bin/../lib/gcc/arm-none-eabi/14.2.1/thumb/v7e-m+fp/hard\libm.a(libm_a-ef_fmod.o)
 .ARM.attributes
                0x00000526       0x34 C:/PROGRA~2/ARMGNU~1/14EFD8~1.2RE/bin/../lib/gcc/arm-none-eabi/14.2.1/thumb/v7e-m+fp/hard\libm.a(libm_a-ef_pow.o)
 .ARM.attributes
                0x0000055a       0x34 C:/PROGRA~2/ARMGNU~1/14EFD8~1.2RE/bin/../lib/gcc/arm-none-eabi/14.2.1/thumb/v7e-m+fp/hard\libm.a(libm_a-ef_rem_pio2.o)
 .ARM.attributes
                0x0000058e       0x34 C:/PROGRA~2/ARMGNU~1/14EFD8~1.2RE/bin/../lib/gcc/arm-none-eabi/14.2.1/thumb/v7e-m+fp/hard\libm.a(libm_a-sf_atan.o)
 .ARM.attributes
                0x000005c2       0x34 C:/PROGRA~2/ARMGNU~1/14EFD8~1.2RE/bin/../lib/gcc/arm-none-eabi/14.2.1/thumb/v7e-m+fp/hard\libm.a(libm_a-sf_fabs.o)
 .ARM.attributes
                0x000005f6       0x34 C:/PROGRA~2/ARMGNU~1/14EFD8~1.2RE/bin/../lib/gcc/arm-none-eabi/14.2.1/thumb/v7e-m+fp/hard\libm.a(libm_a-sf_scalbn.o)
 .ARM.attributes
                0x0000062a       0x34 C:/PROGRA~2/ARMGNU~1/14EFD8~1.2RE/bin/../lib/gcc/arm-none-eabi/14.2.1/thumb/v7e-m+fp/hard\libm.a(libm_a-math_errf.o)
 .ARM.attributes
                0x0000065e       0x34 C:/PROGRA~2/ARMGNU~1/14EFD8~1.2RE/bin/../lib/gcc/arm-none-eabi/14.2.1/thumb/v7e-m+fp/hard\libm.a(libm_a-ef_sqrt.o)
 .ARM.attributes
                0x00000692       0x34 C:/PROGRA~2/ARMGNU~1/14EFD8~1.2RE/bin/../lib/gcc/arm-none-eabi/14.2.1/thumb/v7e-m+fp/hard\libm.a(libm_a-kf_rem_pio2.o)
 .ARM.attributes
                0x000006c6       0x34 C:/PROGRA~2/ARMGNU~1/14EFD8~1.2RE/bin/../lib/gcc/arm-none-eabi/14.2.1/thumb/v7e-m+fp/hard\libm.a(libm_a-sf_floor.o)
 .ARM.attributes
                0x000006fa       0x34 C:/PROGRA~2/ARMGNU~1/14EFD8~1.2RE/bin/../lib/gcc/arm-none-eabi/14.2.1/thumb/v7e-m+fp/hard\libc.a(libc_a-errno.o)

.debug_frame    0x00000000     0x13f0
 .debug_frame   0x00000000      0x2b4 CMakeFiles\CrossUp.dir\C\main.c.obj
 .debug_frame   0x000002b4      0x108 CMakeFiles\CrossUp.dir\C\library.c.obj
 .debug_frame   0x000003bc      0x2b8 CMakeFiles\CrossUp.dir\C\entities.c.obj
 .debug_frame   0x00000674      0x210 CMakeFiles\CrossUp.dir\C\movement.c.obj
 .debug_frame   0x00000884      0x178 CMakeFiles\CrossUp.dir\C\draw.c.obj
 .debug_frame   0x000009fc      0x118 CMakeFiles\CrossUp.dir\C\collisions.c.obj
 .debug_frame   0x00000b14       0x5c CMakeFiles\CrossUp.dir\E_\PlaydateSDK\C_API\buildsupport\setup.c.obj
 .debug_frame   0x00000b70       0xac C:/PROGRA~2/ARMGNU~1/14EFD8~1.2RE/bin/../lib/gcc/arm-none-eabi/14.2.1/thumb/v7e-m+fp/hard\libgcc.a(_arm_addsubdf3.o)
 .debug_frame   0x00000c1c       0xc4 C:/PROGRA~2/ARMGNU~1/14EFD8~1.2RE/bin/../lib/gcc/arm-none-eabi/14.2.1/thumb/v7e-m+fp/hard\libgcc.a(_arm_cmpdf2.o)
 .debug_frame   0x00000ce0       0x4c C:/PROGRA~2/ARMGNU~1/14EFD8~1.2RE/bin/../lib/gcc/arm-none-eabi/14.2.1/thumb/v7e-m+fp/hard\libgcc.a(_arm_addsubsf3.o)
 .debug_frame   0x00000d2c       0x28 C:/PROGRA~2/ARMGNU~1/14EFD8~1.2RE/bin/../lib/gcc/arm-none-eabi/14.2.1/thumb/v7e-m+fp/hard\libgcc.a(_fixsfdi.o)
 .debug_frame   0x00000d54       0x2c C:/PROGRA~2/ARMGNU~1/14EFD8~1.2RE/bin/../lib/gcc/arm-none-eabi/14.2.1/thumb/v7e-m+fp/hard\libgcc.a(_fixunssfdi.o)
 .debug_frame   0x00000d80       0x30 C:/PROGRA~2/ARMGNU~1/14EFD8~1.2RE/bin/../lib/gcc/arm-none-eabi/14.2.1/thumb/v7e-m+fp/hard\libgcc.a(_arm_muldf3.o)
 .debug_frame   0x00000db0       0x24 C:/PROGRA~2/ARMGNU~1/14EFD8~1.2RE/bin/../lib/gcc/arm-none-eabi/14.2.1/thumb/v7e-m+fp/hard\libgcc.a(_arm_fixunsdfsi.o)
 .debug_frame   0x00000dd4       0x3c C:/PROGRA~2/ARMGNU~1/14EFD8~1.2RE/bin/../lib/gcc/arm-none-eabi/14.2.1/thumb/v7e-m+fp/hard\libc.a(libc_a-rand.o)
 .debug_frame   0x00000e10       0x28 C:/PROGRA~2/ARMGNU~1/14EFD8~1.2RE/bin/../lib/gcc/arm-none-eabi/14.2.1/thumb/v7e-m+fp/hard\libc.a(libc_a-memcpy.o)
 .debug_frame   0x00000e38      0x13c C:/PROGRA~2/ARMGNU~1/14EFD8~1.2RE/bin/../lib/gcc/arm-none-eabi/14.2.1/thumb/v7e-m+fp/hard\libc.a(libc_a-findfp.o)
 .debug_frame   0x00000f74       0x20 C:/PROGRA~2/ARMGNU~1/14EFD8~1.2RE/bin/../lib/gcc/arm-none-eabi/14.2.1/thumb/v7e-m+fp/hard\libm.a(libm_a-wf_atan2.o)
 .debug_frame   0x00000f94       0x44 C:/PROGRA~2/ARMGNU~1/14EFD8~1.2RE/bin/../lib/gcc/arm-none-eabi/14.2.1/thumb/v7e-m+fp/hard\libm.a(libm_a-wf_fmod.o)
 .debug_frame   0x00000fd8       0x44 C:/PROGRA~2/ARMGNU~1/14EFD8~1.2RE/bin/../lib/gcc/arm-none-eabi/14.2.1/thumb/v7e-m+fp/hard\libm.a(libm_a-wf_pow.o)
 .debug_frame   0x0000101c       0x34 C:/PROGRA~2/ARMGNU~1/14EFD8~1.2RE/bin/../lib/gcc/arm-none-eabi/14.2.1/thumb/v7e-m+fp/hard\libm.a(libm_a-sf_cos.o)
 .debug_frame   0x00001050       0x34 C:/PROGRA~2/ARMGNU~1/14EFD8~1.2RE/bin/../lib/gcc/arm-none-eabi/14.2.1/thumb/v7e-m+fp/hard\libm.a(libm_a-sf_sin.o)
 .debug_frame   0x00001084       0x20 C:/PROGRA~2/ARMGNU~1/14EFD8~1.2RE/bin/../lib/gcc/arm-none-eabi/14.2.1/thumb/v7e-m+fp/hard\libm.a(libm_a-sf_finite.o)
 .debug_frame   0x000010a4       0x20 C:/PROGRA~2/ARMGNU~1/14EFD8~1.2RE/bin/../lib/gcc/arm-none-eabi/14.2.1/thumb/v7e-m+fp/hard\libm.a(libm_a-kf_cos.o)
 .debug_frame   0x000010c4       0x20 C:/PROGRA~2/ARMGNU~1/14EFD8~1.2RE/bin/../lib/gcc/arm-none-eabi/14.2.1/thumb/v7e-m+fp/hard\libm.a(libm_a-kf_sin.o)
 .debug_frame   0x000010e4       0x44 C:/PROGRA~2/ARMGNU~1/14EFD8~1.2RE/bin/../lib/gcc/arm-none-eabi/14.2.1/thumb/v7e-m+fp/hard\libm.a(libm_a-ef_atan2.o)
 .debug_frame   0x00001128       0x3c C:/PROGRA~2/ARMGNU~1/14EFD8~1.2RE/bin/../lib/gcc/arm-none-eabi/14.2.1/thumb/v7e-m+fp/hard\libm.a(libm_a-ef_fmod.o)
 .debug_frame   0x00001164       0xa0 C:/PROGRA~2/ARMGNU~1/14EFD8~1.2RE/bin/../lib/gcc/arm-none-eabi/14.2.1/thumb/v7e-m+fp/hard\libm.a(libm_a-ef_pow.o)
 .debug_frame   0x00001204       0x3c C:/PROGRA~2/ARMGNU~1/14EFD8~1.2RE/bin/../lib/gcc/arm-none-eabi/14.2.1/thumb/v7e-m+fp/hard\libm.a(libm_a-ef_rem_pio2.o)
 .debug_frame   0x00001240       0x2c C:/PROGRA~2/ARMGNU~1/14EFD8~1.2RE/bin/../lib/gcc/arm-none-eabi/14.2.1/thumb/v7e-m+fp/hard\libm.a(libm_a-sf_atan.o)
 .debug_frame   0x0000126c       0x20 C:/PROGRA~2/ARMGNU~1/14EFD8~1.2RE/bin/../lib/gcc/arm-none-eabi/14.2.1/thumb/v7e-m+fp/hard\libm.a(libm_a-sf_fabs.o)
 .debug_frame   0x0000128c       0x20 C:/PROGRA~2/ARMGNU~1/14EFD8~1.2RE/bin/../lib/gcc/arm-none-eabi/14.2.1/thumb/v7e-m+fp/hard\libm.a(libm_a-sf_scalbn.o)
 .debug_frame   0x000012ac       0x88 C:/PROGRA~2/ARMGNU~1/14EFD8~1.2RE/bin/../lib/gcc/arm-none-eabi/14.2.1/thumb/v7e-m+fp/hard\libm.a(libm_a-math_errf.o)
 .debug_frame   0x00001334       0x20 C:/PROGRA~2/ARMGNU~1/14EFD8~1.2RE/bin/../lib/gcc/arm-none-eabi/14.2.1/thumb/v7e-m+fp/hard\libm.a(libm_a-ef_sqrt.o)
 .debug_frame   0x00001354       0x5c C:/PROGRA~2/ARMGNU~1/14EFD8~1.2RE/bin/../lib/gcc/arm-none-eabi/14.2.1/thumb/v7e-m+fp/hard\libm.a(libm_a-kf_rem_pio2.o)
 .debug_frame   0x000013b0       0x20 C:/PROGRA~2/ARMGNU~1/14EFD8~1.2RE/bin/../lib/gcc/arm-none-eabi/14.2.1/thumb/v7e-m+fp/hard\libm.a(libm_a-sf_floor.o)
 .debug_frame   0x000013d0       0x20 C:/PROGRA~2/ARMGNU~1/14EFD8~1.2RE/bin/../lib/gcc/arm-none-eabi/14.2.1/thumb/v7e-m+fp/hard\libc.a(libc_a-errno.o)

.debug_line_str
                0x00000000      0x1be
 .debug_line_str
                0x00000000      0x1be C:/PROGRA~2/ARMGNU~1/14EFD8~1.2RE/bin/../lib/gcc/arm-none-eabi/14.2.1/thumb/v7e-m+fp/hard\libgcc.a(_arm_addsubdf3.o)
                                 0xce (size before relaxing)
 .debug_line_str
                0x000001be       0xce C:/PROGRA~2/ARMGNU~1/14EFD8~1.2RE/bin/../lib/gcc/arm-none-eabi/14.2.1/thumb/v7e-m+fp/hard\libgcc.a(_arm_cmpdf2.o)
 .debug_line_str
                0x000001be       0xce C:/PROGRA~2/ARMGNU~1/14EFD8~1.2RE/bin/../lib/gcc/arm-none-eabi/14.2.1/thumb/v7e-m+fp/hard\libgcc.a(_arm_addsubsf3.o)
 .debug_line_str
                0x000001be       0xce C:/PROGRA~2/ARMGNU~1/14EFD8~1.2RE/bin/../lib/gcc/arm-none-eabi/14.2.1/thumb/v7e-m+fp/hard\libgcc.a(_arm_muldf3.o)
 .debug_line_str
                0x000001be       0xce C:/PROGRA~2/ARMGNU~1/14EFD8~1.2RE/bin/../lib/gcc/arm-none-eabi/14.2.1/thumb/v7e-m+fp/hard\libgcc.a(_arm_fixunsdfsi.o)
 .debug_line_str
                0x000001be       0xe3 C:/PROGRA~2/ARMGNU~1/14EFD8~1.2RE/bin/../lib/gcc/arm-none-eabi/14.2.1/thumb/v7e-m+fp/hard\libc.a(libc_a-memcpy.o)

Cross Reference Table

Symbol                                            File
RotationMatrix                                    CMakeFiles\CrossUp.dir\C\draw.c.obj
                                                  CMakeFiles\CrossUp.dir\C\main.c.obj
TriangleClipping                                  CMakeFiles\CrossUp.dir\C\draw.c.obj
                                                  CMakeFiles\CrossUp.dir\C\main.c.obj
__adddf3                                          C:/PROGRA~2/ARMGNU~1/14EFD8~1.2RE/bin/../lib/gcc/arm-none-eabi/14.2.1/thumb/v7e-m+fp/hard\libgcc.a(_arm_addsubdf3.o)
__addsf3                                          C:/PROGRA~2/ARMGNU~1/14EFD8~1.2RE/bin/../lib/gcc/arm-none-eabi/14.2.1/thumb/v7e-m+fp/hard\libgcc.a(_arm_addsubsf3.o)
__aeabi_cdcmpeq                                   C:/PROGRA~2/ARMGNU~1/14EFD8~1.2RE/bin/../lib/gcc/arm-none-eabi/14.2.1/thumb/v7e-m+fp/hard\libgcc.a(_arm_cmpdf2.o)
__aeabi_cdcmple                                   C:/PROGRA~2/ARMGNU~1/14EFD8~1.2RE/bin/../lib/gcc/arm-none-eabi/14.2.1/thumb/v7e-m+fp/hard\libgcc.a(_arm_cmpdf2.o)
__aeabi_cdrcmple                                  C:/PROGRA~2/ARMGNU~1/14EFD8~1.2RE/bin/../lib/gcc/arm-none-eabi/14.2.1/thumb/v7e-m+fp/hard\libgcc.a(_arm_cmpdf2.o)
__aeabi_d2uiz                                     C:/PROGRA~2/ARMGNU~1/14EFD8~1.2RE/bin/../lib/gcc/arm-none-eabi/14.2.1/thumb/v7e-m+fp/hard\libgcc.a(_arm_fixunsdfsi.o)
                                                  C:/PROGRA~2/ARMGNU~1/14EFD8~1.2RE/bin/../lib/gcc/arm-none-eabi/14.2.1/thumb/v7e-m+fp/hard\libgcc.a(_fixunssfdi.o)
__aeabi_dadd                                      C:/PROGRA~2/ARMGNU~1/14EFD8~1.2RE/bin/../lib/gcc/arm-none-eabi/14.2.1/thumb/v7e-m+fp/hard\libgcc.a(_arm_addsubdf3.o)
__aeabi_dcmpeq                                    C:/PROGRA~2/ARMGNU~1/14EFD8~1.2RE/bin/../lib/gcc/arm-none-eabi/14.2.1/thumb/v7e-m+fp/hard\libgcc.a(_arm_cmpdf2.o)
__aeabi_dcmpge                                    C:/PROGRA~2/ARMGNU~1/14EFD8~1.2RE/bin/../lib/gcc/arm-none-eabi/14.2.1/thumb/v7e-m+fp/hard\libgcc.a(_arm_cmpdf2.o)
__aeabi_dcmpgt                                    C:/PROGRA~2/ARMGNU~1/14EFD8~1.2RE/bin/../lib/gcc/arm-none-eabi/14.2.1/thumb/v7e-m+fp/hard\libgcc.a(_arm_cmpdf2.o)
                                                  CMakeFiles\CrossUp.dir\C\movement.c.obj
__aeabi_dcmple                                    C:/PROGRA~2/ARMGNU~1/14EFD8~1.2RE/bin/../lib/gcc/arm-none-eabi/14.2.1/thumb/v7e-m+fp/hard\libgcc.a(_arm_cmpdf2.o)
__aeabi_dcmplt                                    C:/PROGRA~2/ARMGNU~1/14EFD8~1.2RE/bin/../lib/gcc/arm-none-eabi/14.2.1/thumb/v7e-m+fp/hard\libgcc.a(_arm_cmpdf2.o)
                                                  CMakeFiles\CrossUp.dir\C\movement.c.obj
__aeabi_dmul                                      C:/PROGRA~2/ARMGNU~1/14EFD8~1.2RE/bin/../lib/gcc/arm-none-eabi/14.2.1/thumb/v7e-m+fp/hard\libgcc.a(_arm_muldf3.o)
                                                  C:/PROGRA~2/ARMGNU~1/14EFD8~1.2RE/bin/../lib/gcc/arm-none-eabi/14.2.1/thumb/v7e-m+fp/hard\libgcc.a(_fixunssfdi.o)
__aeabi_drsub                                     C:/PROGRA~2/ARMGNU~1/14EFD8~1.2RE/bin/../lib/gcc/arm-none-eabi/14.2.1/thumb/v7e-m+fp/hard\libgcc.a(_arm_addsubdf3.o)
__aeabi_dsub                                      C:/PROGRA~2/ARMGNU~1/14EFD8~1.2RE/bin/../lib/gcc/arm-none-eabi/14.2.1/thumb/v7e-m+fp/hard\libgcc.a(_arm_addsubdf3.o)
                                                  C:/PROGRA~2/ARMGNU~1/14EFD8~1.2RE/bin/../lib/gcc/arm-none-eabi/14.2.1/thumb/v7e-m+fp/hard\libgcc.a(_fixunssfdi.o)
__aeabi_f2d                                       C:/PROGRA~2/ARMGNU~1/14EFD8~1.2RE/bin/../lib/gcc/arm-none-eabi/14.2.1/thumb/v7e-m+fp/hard\libgcc.a(_arm_addsubdf3.o)
                                                  C:/PROGRA~2/ARMGNU~1/14EFD8~1.2RE/bin/../lib/gcc/arm-none-eabi/14.2.1/thumb/v7e-m+fp/hard\libgcc.a(_fixunssfdi.o)
                                                  CMakeFiles\CrossUp.dir\C\movement.c.obj
__aeabi_f2lz                                      C:/PROGRA~2/ARMGNU~1/14EFD8~1.2RE/bin/../lib/gcc/arm-none-eabi/14.2.1/thumb/v7e-m+fp/hard\libgcc.a(_fixsfdi.o)
                                                  CMakeFiles\CrossUp.dir\C\movement.c.obj
                                                  CMakeFiles\CrossUp.dir\C\entities.c.obj
__aeabi_f2ulz                                     C:/PROGRA~2/ARMGNU~1/14EFD8~1.2RE/bin/../lib/gcc/arm-none-eabi/14.2.1/thumb/v7e-m+fp/hard\libgcc.a(_fixunssfdi.o)
                                                  C:/PROGRA~2/ARMGNU~1/14EFD8~1.2RE/bin/../lib/gcc/arm-none-eabi/14.2.1/thumb/v7e-m+fp/hard\libgcc.a(_fixsfdi.o)
__aeabi_fadd                                      C:/PROGRA~2/ARMGNU~1/14EFD8~1.2RE/bin/../lib/gcc/arm-none-eabi/14.2.1/thumb/v7e-m+fp/hard\libgcc.a(_arm_addsubsf3.o)
__aeabi_frsub                                     C:/PROGRA~2/ARMGNU~1/14EFD8~1.2RE/bin/../lib/gcc/arm-none-eabi/14.2.1/thumb/v7e-m+fp/hard\libgcc.a(_arm_addsubsf3.o)
__aeabi_fsub                                      C:/PROGRA~2/ARMGNU~1/14EFD8~1.2RE/bin/../lib/gcc/arm-none-eabi/14.2.1/thumb/v7e-m+fp/hard\libgcc.a(_arm_addsubsf3.o)
__aeabi_i2d                                       C:/PROGRA~2/ARMGNU~1/14EFD8~1.2RE/bin/../lib/gcc/arm-none-eabi/14.2.1/thumb/v7e-m+fp/hard\libgcc.a(_arm_addsubdf3.o)
__aeabi_i2f                                       C:/PROGRA~2/ARMGNU~1/14EFD8~1.2RE/bin/../lib/gcc/arm-none-eabi/14.2.1/thumb/v7e-m+fp/hard\libgcc.a(_arm_addsubsf3.o)
__aeabi_l2d                                       C:/PROGRA~2/ARMGNU~1/14EFD8~1.2RE/bin/../lib/gcc/arm-none-eabi/14.2.1/thumb/v7e-m+fp/hard\libgcc.a(_arm_addsubdf3.o)
__aeabi_l2f                                       C:/PROGRA~2/ARMGNU~1/14EFD8~1.2RE/bin/../lib/gcc/arm-none-eabi/14.2.1/thumb/v7e-m+fp/hard\libgcc.a(_arm_addsubsf3.o)
                                                  CMakeFiles\CrossUp.dir\C\movement.c.obj
                                                  CMakeFiles\CrossUp.dir\C\main.c.obj
__aeabi_ui2d                                      C:/PROGRA~2/ARMGNU~1/14EFD8~1.2RE/bin/../lib/gcc/arm-none-eabi/14.2.1/thumb/v7e-m+fp/hard\libgcc.a(_arm_addsubdf3.o)
                                                  C:/PROGRA~2/ARMGNU~1/14EFD8~1.2RE/bin/../lib/gcc/arm-none-eabi/14.2.1/thumb/v7e-m+fp/hard\libgcc.a(_fixunssfdi.o)
__aeabi_ui2f                                      C:/PROGRA~2/ARMGNU~1/14EFD8~1.2RE/bin/../lib/gcc/arm-none-eabi/14.2.1/thumb/v7e-m+fp/hard\libgcc.a(_arm_addsubsf3.o)
__aeabi_ul2d                                      C:/PROGRA~2/ARMGNU~1/14EFD8~1.2RE/bin/../lib/gcc/arm-none-eabi/14.2.1/thumb/v7e-m+fp/hard\libgcc.a(_arm_addsubdf3.o)
__aeabi_ul2f                                      C:/PROGRA~2/ARMGNU~1/14EFD8~1.2RE/bin/../lib/gcc/arm-none-eabi/14.2.1/thumb/v7e-m+fp/hard\libgcc.a(_arm_addsubsf3.o)
                                                  CMakeFiles\CrossUp.dir\C\main.c.obj
__cmpdf2                                          C:/PROGRA~2/ARMGNU~1/14EFD8~1.2RE/bin/../lib/gcc/arm-none-eabi/14.2.1/thumb/v7e-m+fp/hard\libgcc.a(_arm_cmpdf2.o)
__eqdf2                                           C:/PROGRA~2/ARMGNU~1/14EFD8~1.2RE/bin/../lib/gcc/arm-none-eabi/14.2.1/thumb/v7e-m+fp/hard\libgcc.a(_arm_cmpdf2.o)
__errno                                           C:/PROGRA~2/ARMGNU~1/14EFD8~1.2RE/bin/../lib/gcc/arm-none-eabi/14.2.1/thumb/v7e-m+fp/hard\libc.a(libc_a-errno.o)
                                                  C:/PROGRA~2/ARMGNU~1/14EFD8~1.2RE/bin/../lib/gcc/arm-none-eabi/14.2.1/thumb/v7e-m+fp/hard\libm.a(libm_a-math_errf.o)
                                                  C:/PROGRA~2/ARMGNU~1/14EFD8~1.2RE/bin/../lib/gcc/arm-none-eabi/14.2.1/thumb/v7e-m+fp/hard\libm.a(libm_a-wf_pow.o)
                                                  C:/PROGRA~2/ARMGNU~1/14EFD8~1.2RE/bin/../lib/gcc/arm-none-eabi/14.2.1/thumb/v7e-m+fp/hard\libm.a(libm_a-wf_fmod.o)
__extendsfdf2                                     C:/PROGRA~2/ARMGNU~1/14EFD8~1.2RE/bin/../lib/gcc/arm-none-eabi/14.2.1/thumb/v7e-m+fp/hard\libgcc.a(_arm_addsubdf3.o)
__fixsfdi                                         C:/PROGRA~2/ARMGNU~1/14EFD8~1.2RE/bin/../lib/gcc/arm-none-eabi/14.2.1/thumb/v7e-m+fp/hard\libgcc.a(_fixsfdi.o)
__fixunsdfsi                                      C:/PROGRA~2/ARMGNU~1/14EFD8~1.2RE/bin/../lib/gcc/arm-none-eabi/14.2.1/thumb/v7e-m+fp/hard\libgcc.a(_arm_fixunsdfsi.o)
__fixunssfdi                                      C:/PROGRA~2/ARMGNU~1/14EFD8~1.2RE/bin/../lib/gcc/arm-none-eabi/14.2.1/thumb/v7e-m+fp/hard\libgcc.a(_fixunssfdi.o)
__floatdidf                                       C:/PROGRA~2/ARMGNU~1/14EFD8~1.2RE/bin/../lib/gcc/arm-none-eabi/14.2.1/thumb/v7e-m+fp/hard\libgcc.a(_arm_addsubdf3.o)
__floatdisf                                       C:/PROGRA~2/ARMGNU~1/14EFD8~1.2RE/bin/../lib/gcc/arm-none-eabi/14.2.1/thumb/v7e-m+fp/hard\libgcc.a(_arm_addsubsf3.o)
__floatsidf                                       C:/PROGRA~2/ARMGNU~1/14EFD8~1.2RE/bin/../lib/gcc/arm-none-eabi/14.2.1/thumb/v7e-m+fp/hard\libgcc.a(_arm_addsubdf3.o)
__floatsisf                                       C:/PROGRA~2/ARMGNU~1/14EFD8~1.2RE/bin/../lib/gcc/arm-none-eabi/14.2.1/thumb/v7e-m+fp/hard\libgcc.a(_arm_addsubsf3.o)
__floatundidf                                     C:/PROGRA~2/ARMGNU~1/14EFD8~1.2RE/bin/../lib/gcc/arm-none-eabi/14.2.1/thumb/v7e-m+fp/hard\libgcc.a(_arm_addsubdf3.o)
__floatundisf                                     C:/PROGRA~2/ARMGNU~1/14EFD8~1.2RE/bin/../lib/gcc/arm-none-eabi/14.2.1/thumb/v7e-m+fp/hard\libgcc.a(_arm_addsubsf3.o)
__floatunsidf                                     C:/PROGRA~2/ARMGNU~1/14EFD8~1.2RE/bin/../lib/gcc/arm-none-eabi/14.2.1/thumb/v7e-m+fp/hard\libgcc.a(_arm_addsubdf3.o)
__floatunsisf                                     C:/PROGRA~2/ARMGNU~1/14EFD8~1.2RE/bin/../lib/gcc/arm-none-eabi/14.2.1/thumb/v7e-m+fp/hard\libgcc.a(_arm_addsubsf3.o)
__fp_lock_all                                     C:/PROGRA~2/ARMGNU~1/14EFD8~1.2RE/bin/../lib/gcc/arm-none-eabi/14.2.1/thumb/v7e-m+fp/hard\libc.a(libc_a-findfp.o)
__fp_unlock_all                                   C:/PROGRA~2/ARMGNU~1/14EFD8~1.2RE/bin/../lib/gcc/arm-none-eabi/14.2.1/thumb/v7e-m+fp/hard\libc.a(libc_a-findfp.o)
__gedf2                                           C:/PROGRA~2/ARMGNU~1/14EFD8~1.2RE/bin/../lib/gcc/arm-none-eabi/14.2.1/thumb/v7e-m+fp/hard\libgcc.a(_arm_cmpdf2.o)
__gtdf2                                           C:/PROGRA~2/ARMGNU~1/14EFD8~1.2RE/bin/../lib/gcc/arm-none-eabi/14.2.1/thumb/v7e-m+fp/hard\libgcc.a(_arm_cmpdf2.o)
__ieee754_atan2f                                  C:/PROGRA~2/ARMGNU~1/14EFD8~1.2RE/bin/../lib/gcc/arm-none-eabi/14.2.1/thumb/v7e-m+fp/hard\libm.a(libm_a-ef_atan2.o)
                                                  C:/PROGRA~2/ARMGNU~1/14EFD8~1.2RE/bin/../lib/gcc/arm-none-eabi/14.2.1/thumb/v7e-m+fp/hard\libm.a(libm_a-wf_atan2.o)
__ieee754_fmodf                                   C:/PROGRA~2/ARMGNU~1/14EFD8~1.2RE/bin/../lib/gcc/arm-none-eabi/14.2.1/thumb/v7e-m+fp/hard\libm.a(libm_a-ef_fmod.o)
                                                  C:/PROGRA~2/ARMGNU~1/14EFD8~1.2RE/bin/../lib/gcc/arm-none-eabi/14.2.1/thumb/v7e-m+fp/hard\libm.a(libm_a-wf_fmod.o)
__ieee754_powf                                    C:/PROGRA~2/ARMGNU~1/14EFD8~1.2RE/bin/../lib/gcc/arm-none-eabi/14.2.1/thumb/v7e-m+fp/hard\libm.a(libm_a-ef_pow.o)
                                                  C:/PROGRA~2/ARMGNU~1/14EFD8~1.2RE/bin/../lib/gcc/arm-none-eabi/14.2.1/thumb/v7e-m+fp/hard\libm.a(libm_a-wf_pow.o)
__ieee754_rem_pio2f                               C:/PROGRA~2/ARMGNU~1/14EFD8~1.2RE/bin/../lib/gcc/arm-none-eabi/14.2.1/thumb/v7e-m+fp/hard\libm.a(libm_a-ef_rem_pio2.o)
                                                  C:/PROGRA~2/ARMGNU~1/14EFD8~1.2RE/bin/../lib/gcc/arm-none-eabi/14.2.1/thumb/v7e-m+fp/hard\libm.a(libm_a-sf_sin.o)
                                                  C:/PROGRA~2/ARMGNU~1/14EFD8~1.2RE/bin/../lib/gcc/arm-none-eabi/14.2.1/thumb/v7e-m+fp/hard\libm.a(libm_a-sf_cos.o)
__ieee754_sqrtf                                   C:/PROGRA~2/ARMGNU~1/14EFD8~1.2RE/bin/../lib/gcc/arm-none-eabi/14.2.1/thumb/v7e-m+fp/hard\libm.a(libm_a-ef_sqrt.o)
                                                  C:/PROGRA~2/ARMGNU~1/14EFD8~1.2RE/bin/../lib/gcc/arm-none-eabi/14.2.1/thumb/v7e-m+fp/hard\libm.a(libm_a-ef_pow.o)
__kernel_cosf                                     C:/PROGRA~2/ARMGNU~1/14EFD8~1.2RE/bin/../lib/gcc/arm-none-eabi/14.2.1/thumb/v7e-m+fp/hard\libm.a(libm_a-kf_cos.o)
                                                  C:/PROGRA~2/ARMGNU~1/14EFD8~1.2RE/bin/../lib/gcc/arm-none-eabi/14.2.1/thumb/v7e-m+fp/hard\libm.a(libm_a-sf_sin.o)
                                                  C:/PROGRA~2/ARMGNU~1/14EFD8~1.2RE/bin/../lib/gcc/arm-none-eabi/14.2.1/thumb/v7e-m+fp/hard\libm.a(libm_a-sf_cos.o)
__kernel_rem_pio2f                                C:/PROGRA~2/ARMGNU~1/14EFD8~1.2RE/bin/../lib/gcc/arm-none-eabi/14.2.1/thumb/v7e-m+fp/hard\libm.a(libm_a-kf_rem_pio2.o)
                                                  C:/PROGRA~2/ARMGNU~1/14EFD8~1.2RE/bin/../lib/gcc/arm-none-eabi/14.2.1/thumb/v7e-m+fp/hard\libm.a(libm_a-ef_rem_pio2.o)
__kernel_sinf                                     C:/PROGRA~2/ARMGNU~1/14EFD8~1.2RE/bin/../lib/gcc/arm-none-eabi/14.2.1/thumb/v7e-m+fp/hard\libm.a(libm_a-kf_sin.o)
                                                  C:/PROGRA~2/ARMGNU~1/14EFD8~1.2RE/bin/../lib/gcc/arm-none-eabi/14.2.1/thumb/v7e-m+fp/hard\libm.a(libm_a-sf_sin.o)
                                                  C:/PROGRA~2/ARMGNU~1/14EFD8~1.2RE/bin/../lib/gcc/arm-none-eabi/14.2.1/thumb/v7e-m+fp/hard\libm.a(libm_a-sf_cos.o)
__ledf2                                           C:/PROGRA~2/ARMGNU~1/14EFD8~1.2RE/bin/../lib/gcc/arm-none-eabi/14.2.1/thumb/v7e-m+fp/hard\libgcc.a(_arm_cmpdf2.o)
__lock___arc4random_mutex                         C:/PROGRA~2/ARMGNU~1/14EFD8~1.2RE/bin/../lib/gcc/arm-none-eabi/14.2.1/thumb/v7e-m+fp/hard\libc.a(libc_a-lock.o)
__lock___at_quick_exit_mutex                      C:/PROGRA~2/ARMGNU~1/14EFD8~1.2RE/bin/../lib/gcc/arm-none-eabi/14.2.1/thumb/v7e-m+fp/hard\libc.a(libc_a-lock.o)
__lock___atexit_recursive_mutex                   C:/PROGRA~2/ARMGNU~1/14EFD8~1.2RE/bin/../lib/gcc/arm-none-eabi/14.2.1/thumb/v7e-m+fp/hard\libc.a(libc_a-lock.o)
__lock___dd_hash_mutex                            C:/PROGRA~2/ARMGNU~1/14EFD8~1.2RE/bin/../lib/gcc/arm-none-eabi/14.2.1/thumb/v7e-m+fp/hard\libc.a(libc_a-lock.o)
__lock___env_recursive_mutex                      C:/PROGRA~2/ARMGNU~1/14EFD8~1.2RE/bin/../lib/gcc/arm-none-eabi/14.2.1/thumb/v7e-m+fp/hard\libc.a(libc_a-lock.o)
__lock___malloc_recursive_mutex                   C:/PROGRA~2/ARMGNU~1/14EFD8~1.2RE/bin/../lib/gcc/arm-none-eabi/14.2.1/thumb/v7e-m+fp/hard\libc.a(libc_a-lock.o)
__lock___sfp_recursive_mutex                      C:/PROGRA~2/ARMGNU~1/14EFD8~1.2RE/bin/../lib/gcc/arm-none-eabi/14.2.1/thumb/v7e-m+fp/hard\libc.a(libc_a-lock.o)
                                                  C:/PROGRA~2/ARMGNU~1/14EFD8~1.2RE/bin/../lib/gcc/arm-none-eabi/14.2.1/thumb/v7e-m+fp/hard\libc.a(libc_a-findfp.o)
__lock___tz_mutex                                 C:/PROGRA~2/ARMGNU~1/14EFD8~1.2RE/bin/../lib/gcc/arm-none-eabi/14.2.1/thumb/v7e-m+fp/hard\libc.a(libc_a-lock.o)
__ltdf2                                           C:/PROGRA~2/ARMGNU~1/14EFD8~1.2RE/bin/../lib/gcc/arm-none-eabi/14.2.1/thumb/v7e-m+fp/hard\libgcc.a(_arm_cmpdf2.o)
__math_divzerof                                   C:/PROGRA~2/ARMGNU~1/14EFD8~1.2RE/bin/../lib/gcc/arm-none-eabi/14.2.1/thumb/v7e-m+fp/hard\libm.a(libm_a-math_errf.o)
__math_invalidf                                   C:/PROGRA~2/ARMGNU~1/14EFD8~1.2RE/bin/../lib/gcc/arm-none-eabi/14.2.1/thumb/v7e-m+fp/hard\libm.a(libm_a-math_errf.o)
__math_oflowf                                     C:/PROGRA~2/ARMGNU~1/14EFD8~1.2RE/bin/../lib/gcc/arm-none-eabi/14.2.1/thumb/v7e-m+fp/hard\libm.a(libm_a-math_errf.o)
                                                  C:/PROGRA~2/ARMGNU~1/14EFD8~1.2RE/bin/../lib/gcc/arm-none-eabi/14.2.1/thumb/v7e-m+fp/hard\libm.a(libm_a-ef_pow.o)
__math_uflowf                                     C:/PROGRA~2/ARMGNU~1/14EFD8~1.2RE/bin/../lib/gcc/arm-none-eabi/14.2.1/thumb/v7e-m+fp/hard\libm.a(libm_a-math_errf.o)
                                                  C:/PROGRA~2/ARMGNU~1/14EFD8~1.2RE/bin/../lib/gcc/arm-none-eabi/14.2.1/thumb/v7e-m+fp/hard\libm.a(libm_a-ef_pow.o)
__muldf3                                          C:/PROGRA~2/ARMGNU~1/14EFD8~1.2RE/bin/../lib/gcc/arm-none-eabi/14.2.1/thumb/v7e-m+fp/hard\libgcc.a(_arm_muldf3.o)
__nedf2                                           C:/PROGRA~2/ARMGNU~1/14EFD8~1.2RE/bin/../lib/gcc/arm-none-eabi/14.2.1/thumb/v7e-m+fp/hard\libgcc.a(_arm_cmpdf2.o)
__retarget_lock_acquire                           C:/PROGRA~2/ARMGNU~1/14EFD8~1.2RE/bin/../lib/gcc/arm-none-eabi/14.2.1/thumb/v7e-m+fp/hard\libc.a(libc_a-lock.o)
__retarget_lock_acquire_recursive                 C:/PROGRA~2/ARMGNU~1/14EFD8~1.2RE/bin/../lib/gcc/arm-none-eabi/14.2.1/thumb/v7e-m+fp/hard\libc.a(libc_a-lock.o)
                                                  C:/PROGRA~2/ARMGNU~1/14EFD8~1.2RE/bin/../lib/gcc/arm-none-eabi/14.2.1/thumb/v7e-m+fp/hard\libc.a(libc_a-fflush.o)
                                                  C:/PROGRA~2/ARMGNU~1/14EFD8~1.2RE/bin/../lib/gcc/arm-none-eabi/14.2.1/thumb/v7e-m+fp/hard\libc.a(libc_a-fclose.o)
                                                  C:/PROGRA~2/ARMGNU~1/14EFD8~1.2RE/bin/../lib/gcc/arm-none-eabi/14.2.1/thumb/v7e-m+fp/hard\libc.a(libc_a-findfp.o)
__retarget_lock_close                             C:/PROGRA~2/ARMGNU~1/14EFD8~1.2RE/bin/../lib/gcc/arm-none-eabi/14.2.1/thumb/v7e-m+fp/hard\libc.a(libc_a-lock.o)
__retarget_lock_close_recursive                   C:/PROGRA~2/ARMGNU~1/14EFD8~1.2RE/bin/../lib/gcc/arm-none-eabi/14.2.1/thumb/v7e-m+fp/hard\libc.a(libc_a-lock.o)
                                                  C:/PROGRA~2/ARMGNU~1/14EFD8~1.2RE/bin/../lib/gcc/arm-none-eabi/14.2.1/thumb/v7e-m+fp/hard\libc.a(libc_a-fclose.o)
__retarget_lock_init                              C:/PROGRA~2/ARMGNU~1/14EFD8~1.2RE/bin/../lib/gcc/arm-none-eabi/14.2.1/thumb/v7e-m+fp/hard\libc.a(libc_a-lock.o)
__retarget_lock_init_recursive                    C:/PROGRA~2/ARMGNU~1/14EFD8~1.2RE/bin/../lib/gcc/arm-none-eabi/14.2.1/thumb/v7e-m+fp/hard\libc.a(libc_a-lock.o)
                                                  C:/PROGRA~2/ARMGNU~1/14EFD8~1.2RE/bin/../lib/gcc/arm-none-eabi/14.2.1/thumb/v7e-m+fp/hard\libc.a(libc_a-findfp.o)
__retarget_lock_release                           C:/PROGRA~2/ARMGNU~1/14EFD8~1.2RE/bin/../lib/gcc/arm-none-eabi/14.2.1/thumb/v7e-m+fp/hard\libc.a(libc_a-lock.o)
__retarget_lock_release_recursive                 C:/PROGRA~2/ARMGNU~1/14EFD8~1.2RE/bin/../lib/gcc/arm-none-eabi/14.2.1/thumb/v7e-m+fp/hard\libc.a(libc_a-lock.o)
                                                  C:/PROGRA~2/ARMGNU~1/14EFD8~1.2RE/bin/../lib/gcc/arm-none-eabi/14.2.1/thumb/v7e-m+fp/hard\libc.a(libc_a-fflush.o)
                                                  C:/PROGRA~2/ARMGNU~1/14EFD8~1.2RE/bin/../lib/gcc/arm-none-eabi/14.2.1/thumb/v7e-m+fp/hard\libc.a(libc_a-fclose.o)
                                                  C:/PROGRA~2/ARMGNU~1/14EFD8~1.2RE/bin/../lib/gcc/arm-none-eabi/14.2.1/thumb/v7e-m+fp/hard\libc.a(libc_a-findfp.o)
__retarget_lock_try_acquire                       C:/PROGRA~2/ARMGNU~1/14EFD8~1.2RE/bin/../lib/gcc/arm-none-eabi/14.2.1/thumb/v7e-m+fp/hard\libc.a(libc_a-lock.o)
__retarget_lock_try_acquire_recursive             C:/PROGRA~2/ARMGNU~1/14EFD8~1.2RE/bin/../lib/gcc/arm-none-eabi/14.2.1/thumb/v7e-m+fp/hard\libc.a(libc_a-lock.o)
__sclose                                          C:/PROGRA~2/ARMGNU~1/14EFD8~1.2RE/bin/../lib/gcc/arm-none-eabi/14.2.1/thumb/v7e-m+fp/hard\libc.a(libc_a-stdio.o)
                                                  C:/PROGRA~2/ARMGNU~1/14EFD8~1.2RE/bin/../lib/gcc/arm-none-eabi/14.2.1/thumb/v7e-m+fp/hard\libc.a(libc_a-findfp.o)
__seofread                                        C:/PROGRA~2/ARMGNU~1/14EFD8~1.2RE/bin/../lib/gcc/arm-none-eabi/14.2.1/thumb/v7e-m+fp/hard\libc.a(libc_a-stdio.o)
__sf                                              C:/PROGRA~2/ARMGNU~1/14EFD8~1.2RE/bin/../lib/gcc/arm-none-eabi/14.2.1/thumb/v7e-m+fp/hard\libc.a(libc_a-findfp.o)
                                                  C:/PROGRA~2/ARMGNU~1/14EFD8~1.2RE/bin/../lib/gcc/arm-none-eabi/14.2.1/thumb/v7e-m+fp/hard\libc.a(libc_a-impure.o)
__sflush_r                                        C:/PROGRA~2/ARMGNU~1/14EFD8~1.2RE/bin/../lib/gcc/arm-none-eabi/14.2.1/thumb/v7e-m+fp/hard\libc.a(libc_a-fflush.o)
                                                  C:/PROGRA~2/ARMGNU~1/14EFD8~1.2RE/bin/../lib/gcc/arm-none-eabi/14.2.1/thumb/v7e-m+fp/hard\libc.a(libc_a-fclose.o)
__sfp                                             C:/PROGRA~2/ARMGNU~1/14EFD8~1.2RE/bin/../lib/gcc/arm-none-eabi/14.2.1/thumb/v7e-m+fp/hard\libc.a(libc_a-findfp.o)
__sfp_lock_acquire                                C:/PROGRA~2/ARMGNU~1/14EFD8~1.2RE/bin/../lib/gcc/arm-none-eabi/14.2.1/thumb/v7e-m+fp/hard\libc.a(libc_a-findfp.o)
                                                  C:/PROGRA~2/ARMGNU~1/14EFD8~1.2RE/bin/../lib/gcc/arm-none-eabi/14.2.1/thumb/v7e-m+fp/hard\libc.a(libc_a-fclose.o)
__sfp_lock_release                                C:/PROGRA~2/ARMGNU~1/14EFD8~1.2RE/bin/../lib/gcc/arm-none-eabi/14.2.1/thumb/v7e-m+fp/hard\libc.a(libc_a-findfp.o)
                                                  C:/PROGRA~2/ARMGNU~1/14EFD8~1.2RE/bin/../lib/gcc/arm-none-eabi/14.2.1/thumb/v7e-m+fp/hard\libc.a(libc_a-fclose.o)
__sglue                                           C:/PROGRA~2/ARMGNU~1/14EFD8~1.2RE/bin/../lib/gcc/arm-none-eabi/14.2.1/thumb/v7e-m+fp/hard\libc.a(libc_a-findfp.o)
                                                  C:/PROGRA~2/ARMGNU~1/14EFD8~1.2RE/bin/../lib/gcc/arm-none-eabi/14.2.1/thumb/v7e-m+fp/hard\libc.a(libc_a-fflush.o)
__sinit                                           C:/PROGRA~2/ARMGNU~1/14EFD8~1.2RE/bin/../lib/gcc/arm-none-eabi/14.2.1/thumb/v7e-m+fp/hard\libc.a(libc_a-findfp.o)
                                                  C:/PROGRA~2/ARMGNU~1/14EFD8~1.2RE/bin/../lib/gcc/arm-none-eabi/14.2.1/thumb/v7e-m+fp/hard\libc.a(libc_a-fflush.o)
                                                  C:/PROGRA~2/ARMGNU~1/14EFD8~1.2RE/bin/../lib/gcc/arm-none-eabi/14.2.1/thumb/v7e-m+fp/hard\libc.a(libc_a-fclose.o)
__sread                                           C:/PROGRA~2/ARMGNU~1/14EFD8~1.2RE/bin/../lib/gcc/arm-none-eabi/14.2.1/thumb/v7e-m+fp/hard\libc.a(libc_a-stdio.o)
                                                  C:/PROGRA~2/ARMGNU~1/14EFD8~1.2RE/bin/../lib/gcc/arm-none-eabi/14.2.1/thumb/v7e-m+fp/hard\libc.a(libc_a-findfp.o)
__sseek                                           C:/PROGRA~2/ARMGNU~1/14EFD8~1.2RE/bin/../lib/gcc/arm-none-eabi/14.2.1/thumb/v7e-m+fp/hard\libc.a(libc_a-stdio.o)
                                                  C:/PROGRA~2/ARMGNU~1/14EFD8~1.2RE/bin/../lib/gcc/arm-none-eabi/14.2.1/thumb/v7e-m+fp/hard\libc.a(libc_a-findfp.o)
__stdio_exit_handler                              C:/PROGRA~2/ARMGNU~1/14EFD8~1.2RE/bin/../lib/gcc/arm-none-eabi/14.2.1/thumb/v7e-m+fp/hard\libc.a(libc_a-findfp.o)
__subdf3                                          C:/PROGRA~2/ARMGNU~1/14EFD8~1.2RE/bin/../lib/gcc/arm-none-eabi/14.2.1/thumb/v7e-m+fp/hard\libgcc.a(_arm_addsubdf3.o)
__subsf3                                          C:/PROGRA~2/ARMGNU~1/14EFD8~1.2RE/bin/../lib/gcc/arm-none-eabi/14.2.1/thumb/v7e-m+fp/hard\libgcc.a(_arm_addsubsf3.o)
__swrite                                          C:/PROGRA~2/ARMGNU~1/14EFD8~1.2RE/bin/../lib/gcc/arm-none-eabi/14.2.1/thumb/v7e-m+fp/hard\libc.a(libc_a-stdio.o)
                                                  C:/PROGRA~2/ARMGNU~1/14EFD8~1.2RE/bin/../lib/gcc/arm-none-eabi/14.2.1/thumb/v7e-m+fp/hard\libc.a(libc_a-findfp.o)
_close                                            CMakeFiles\CrossUp.dir\C\syscall.c.obj
                                                  C:/PROGRA~2/ARMGNU~1/14EFD8~1.2RE/bin/../lib/gcc/arm-none-eabi/14.2.1/thumb/v7e-m+fp/hard\libc.a(libc_a-closer.o)
_close_r                                          C:/PROGRA~2/ARMGNU~1/14EFD8~1.2RE/bin/../lib/gcc/arm-none-eabi/14.2.1/thumb/v7e-m+fp/hard\libc.a(libc_a-closer.o)
                                                  C:/PROGRA~2/ARMGNU~1/14EFD8~1.2RE/bin/../lib/gcc/arm-none-eabi/14.2.1/thumb/v7e-m+fp/hard\libc.a(libc_a-stdio.o)
_exit                                             CMakeFiles\CrossUp.dir\C\syscall.c.obj
_fclose_r                                         C:/PROGRA~2/ARMGNU~1/14EFD8~1.2RE/bin/../lib/gcc/arm-none-eabi/14.2.1/thumb/v7e-m+fp/hard\libc.a(libc_a-fclose.o)
                                                  C:/PROGRA~2/ARMGNU~1/14EFD8~1.2RE/bin/../lib/gcc/arm-none-eabi/14.2.1/thumb/v7e-m+fp/hard\libc.a(libc_a-findfp.o)
_fflush_r                                         C:/PROGRA~2/ARMGNU~1/14EFD8~1.2RE/bin/../lib/gcc/arm-none-eabi/14.2.1/thumb/v7e-m+fp/hard\libc.a(libc_a-fflush.o)
_free_r                                           CMakeFiles\CrossUp.dir\E_\PlaydateSDK\C_API\buildsupport\setup.c.obj
                                                  C:/PROGRA~2/ARMGNU~1/14EFD8~1.2RE/bin/../lib/gcc/arm-none-eabi/14.2.1/thumb/v7e-m+fp/hard\libc.a(libc_a-fflush.o)
                                                  C:/PROGRA~2/ARMGNU~1/14EFD8~1.2RE/bin/../lib/gcc/arm-none-eabi/14.2.1/thumb/v7e-m+fp/hard\libc.a(libc_a-fclose.o)
                                                  C:/PROGRA~2/ARMGNU~1/14EFD8~1.2RE/bin/../lib/gcc/arm-none-eabi/14.2.1/thumb/v7e-m+fp/hard\libc.a(libc_a-reent.o)
_fstat                                            CMakeFiles\CrossUp.dir\C\syscall.c.obj
_fwalk_sglue                                      C:/PROGRA~2/ARMGNU~1/14EFD8~1.2RE/bin/../lib/gcc/arm-none-eabi/14.2.1/thumb/v7e-m+fp/hard\libc.a(libc_a-fwalk.o)
                                                  C:/PROGRA~2/ARMGNU~1/14EFD8~1.2RE/bin/../lib/gcc/arm-none-eabi/14.2.1/thumb/v7e-m+fp/hard\libc.a(libc_a-fflush.o)
                                                  C:/PROGRA~2/ARMGNU~1/14EFD8~1.2RE/bin/../lib/gcc/arm-none-eabi/14.2.1/thumb/v7e-m+fp/hard\libc.a(libc_a-findfp.o)
_getpid                                           CMakeFiles\CrossUp.dir\C\syscall.c.obj
_impure_data                                      C:/PROGRA~2/ARMGNU~1/14EFD8~1.2RE/bin/../lib/gcc/arm-none-eabi/14.2.1/thumb/v7e-m+fp/hard\libc.a(libc_a-impure.o)
                                                  C:/PROGRA~2/ARMGNU~1/14EFD8~1.2RE/bin/../lib/gcc/arm-none-eabi/14.2.1/thumb/v7e-m+fp/hard\libc.a(libc_a-fflush.o)
                                                  C:/PROGRA~2/ARMGNU~1/14EFD8~1.2RE/bin/../lib/gcc/arm-none-eabi/14.2.1/thumb/v7e-m+fp/hard\libc.a(libc_a-findfp.o)
_impure_ptr                                       C:/PROGRA~2/ARMGNU~1/14EFD8~1.2RE/bin/../lib/gcc/arm-none-eabi/14.2.1/thumb/v7e-m+fp/hard\libc.a(libc_a-impure.o)
                                                  C:/PROGRA~2/ARMGNU~1/14EFD8~1.2RE/bin/../lib/gcc/arm-none-eabi/14.2.1/thumb/v7e-m+fp/hard\libc.a(libc_a-errno.o)
                                                  C:/PROGRA~2/ARMGNU~1/14EFD8~1.2RE/bin/../lib/gcc/arm-none-eabi/14.2.1/thumb/v7e-m+fp/hard\libc.a(libc_a-fflush.o)
                                                  C:/PROGRA~2/ARMGNU~1/14EFD8~1.2RE/bin/../lib/gcc/arm-none-eabi/14.2.1/thumb/v7e-m+fp/hard\libc.a(libc_a-fclose.o)
                                                  C:/PROGRA~2/ARMGNU~1/14EFD8~1.2RE/bin/../lib/gcc/arm-none-eabi/14.2.1/thumb/v7e-m+fp/hard\libc.a(libc_a-reent.o)
                                                  C:/PROGRA~2/ARMGNU~1/14EFD8~1.2RE/bin/../lib/gcc/arm-none-eabi/14.2.1/thumb/v7e-m+fp/hard\libc.a(libc_a-rand.o)
_isatty                                           CMakeFiles\CrossUp.dir\C\syscall.c.obj
_kill                                             CMakeFiles\CrossUp.dir\C\syscall.c.obj
_lseek                                            CMakeFiles\CrossUp.dir\C\syscall.c.obj
                                                  C:/PROGRA~2/ARMGNU~1/14EFD8~1.2RE/bin/../lib/gcc/arm-none-eabi/14.2.1/thumb/v7e-m+fp/hard\libc.a(libc_a-lseekr.o)
_lseek_r                                          C:/PROGRA~2/ARMGNU~1/14EFD8~1.2RE/bin/../lib/gcc/arm-none-eabi/14.2.1/thumb/v7e-m+fp/hard\libc.a(libc_a-lseekr.o)
                                                  C:/PROGRA~2/ARMGNU~1/14EFD8~1.2RE/bin/../lib/gcc/arm-none-eabi/14.2.1/thumb/v7e-m+fp/hard\libc.a(libc_a-stdio.o)
_malloc_r                                         CMakeFiles\CrossUp.dir\E_\PlaydateSDK\C_API\buildsupport\setup.c.obj
                                                  C:/PROGRA~2/ARMGNU~1/14EFD8~1.2RE/bin/../lib/gcc/arm-none-eabi/14.2.1/thumb/v7e-m+fp/hard\libc.a(libc_a-findfp.o)
_read                                             CMakeFiles\CrossUp.dir\C\syscall.c.obj
                                                  C:/PROGRA~2/ARMGNU~1/14EFD8~1.2RE/bin/../lib/gcc/arm-none-eabi/14.2.1/thumb/v7e-m+fp/hard\libc.a(libc_a-readr.o)
_read_r                                           C:/PROGRA~2/ARMGNU~1/14EFD8~1.2RE/bin/../lib/gcc/arm-none-eabi/14.2.1/thumb/v7e-m+fp/hard\libc.a(libc_a-readr.o)
                                                  C:/PROGRA~2/ARMGNU~1/14EFD8~1.2RE/bin/../lib/gcc/arm-none-eabi/14.2.1/thumb/v7e-m+fp/hard\libc.a(libc_a-stdio.o)
_realloc_r                                        CMakeFiles\CrossUp.dir\E_\PlaydateSDK\C_API\buildsupport\setup.c.obj
_reclaim_reent                                    C:/PROGRA~2/ARMGNU~1/14EFD8~1.2RE/bin/../lib/gcc/arm-none-eabi/14.2.1/thumb/v7e-m+fp/hard\libc.a(libc_a-reent.o)
_write                                            CMakeFiles\CrossUp.dir\C\syscall.c.obj
                                                  C:/PROGRA~2/ARMGNU~1/14EFD8~1.2RE/bin/../lib/gcc/arm-none-eabi/14.2.1/thumb/v7e-m+fp/hard\libc.a(libc_a-writer.o)
_write_r                                          C:/PROGRA~2/ARMGNU~1/14EFD8~1.2RE/bin/../lib/gcc/arm-none-eabi/14.2.1/thumb/v7e-m+fp/hard\libc.a(libc_a-writer.o)
                                                  C:/PROGRA~2/ARMGNU~1/14EFD8~1.2RE/bin/../lib/gcc/arm-none-eabi/14.2.1/thumb/v7e-m+fp/hard\libc.a(libc_a-stdio.o)
addCollisionSurface                               CMakeFiles\CrossUp.dir\C\collisions.c.obj
                                                  CMakeFiles\CrossUp.dir\C\main.c.obj
allAmt                                            CMakeFiles\CrossUp.dir\C\main.c.obj
allEnts                                           CMakeFiles\CrossUp.dir\C\main.c.obj
allPoints                                         CMakeFiles\CrossUp.dir\C\main.c.obj
allPointsCount                                    CMakeFiles\CrossUp.dir\C\main.c.obj
atan2f                                            C:/PROGRA~2/ARMGNU~1/14EFD8~1.2RE/bin/../lib/gcc/arm-none-eabi/14.2.1/thumb/v7e-m+fp/hard\libm.a(libm_a-wf_atan2.o)
                                                  CMakeFiles\CrossUp.dir\C\movement.c.obj
atanf                                             C:/PROGRA~2/ARMGNU~1/14EFD8~1.2RE/bin/../lib/gcc/arm-none-eabi/14.2.1/thumb/v7e-m+fp/hard\libm.a(libm_a-sf_atan.o)
                                                  C:/PROGRA~2/ARMGNU~1/14EFD8~1.2RE/bin/../lib/gcc/arm-none-eabi/14.2.1/thumb/v7e-m+fp/hard\libm.a(libm_a-ef_atan2.o)
buf                                               CMakeFiles\CrossUp.dir\C\main.c.obj
                                                  CMakeFiles\CrossUp.dir\C\draw.c.obj
cam                                               CMakeFiles\CrossUp.dir\C\main.c.obj
camForward                                        CMakeFiles\CrossUp.dir\C\main.c.obj
colRend                                           CMakeFiles\CrossUp.dir\C\main.c.obj
collisionCount                                    CMakeFiles\CrossUp.dir\C\collisions.c.obj
collisionSurfaces                                 CMakeFiles\CrossUp.dir\C\collisions.c.obj
computeRotScaleMatrix                             CMakeFiles\CrossUp.dir\C\draw.c.obj
                                                  CMakeFiles\CrossUp.dir\C\main.c.obj
cosf                                              C:/PROGRA~2/ARMGNU~1/14EFD8~1.2RE/bin/../lib/gcc/arm-none-eabi/14.2.1/thumb/v7e-m+fp/hard\libm.a(libm_a-sf_cos.o)
                                                  CMakeFiles\CrossUp.dir\C\draw.c.obj
                                                  CMakeFiles\CrossUp.dir\C\movement.c.obj
                                                  CMakeFiles\CrossUp.dir\C\main.c.obj
createCamera                                      CMakeFiles\CrossUp.dir\C\entities.c.obj
                                                  CMakeFiles\CrossUp.dir\C\main.c.obj
createEntity                                      CMakeFiles\CrossUp.dir\C\entities.c.obj
                                                  CMakeFiles\CrossUp.dir\C\main.c.obj
createPlayer                                      CMakeFiles\CrossUp.dir\C\entities.c.obj
                                                  CMakeFiles\CrossUp.dir\C\main.c.obj
cylinderInTriangle                                CMakeFiles\CrossUp.dir\C\collisions.c.obj
                                                  CMakeFiles\CrossUp.dir\C\movement.c.obj
debug                                             CMakeFiles\CrossUp.dir\C\main.c.obj
degToRad                                          CMakeFiles\CrossUp.dir\C\library.c.obj
                                                  CMakeFiles\CrossUp.dir\C\movement.c.obj
deltaTime                                         CMakeFiles\CrossUp.dir\C\library.c.obj
                                                  CMakeFiles\CrossUp.dir\C\movement.c.obj
                                                  CMakeFiles\CrossUp.dir\C\main.c.obj
destroyCamera                                     CMakeFiles\CrossUp.dir\C\entities.c.obj
destroyEntity                                     CMakeFiles\CrossUp.dir\C\entities.c.obj
destroyPlayer                                     CMakeFiles\CrossUp.dir\C\entities.c.obj
detectDist                                        CMakeFiles\CrossUp.dir\C\movement.c.obj
dot                                               CMakeFiles\CrossUp.dir\C\library.c.obj
                                                  CMakeFiles\CrossUp.dir\C\main.c.obj
drawFilledTrisZ                                   CMakeFiles\CrossUp.dir\C\draw.c.obj
                                                  CMakeFiles\CrossUp.dir\C\main.c.obj
entAmt                                            CMakeFiles\CrossUp.dir\C\main.c.obj
entArray                                          CMakeFiles\CrossUp.dir\C\main.c.obj
entModels                                         CMakeFiles\CrossUp.dir\C\main.c.obj
errno                                             C:/PROGRA~2/ARMGNU~1/14EFD8~1.2RE/bin/../lib/gcc/arm-none-eabi/14.2.1/thumb/v7e-m+fp/hard\libc.a(libc_a-reent.o)
                                                  C:/PROGRA~2/ARMGNU~1/14EFD8~1.2RE/bin/../lib/gcc/arm-none-eabi/14.2.1/thumb/v7e-m+fp/hard\libc.a(libc_a-writer.o)
                                                  C:/PROGRA~2/ARMGNU~1/14EFD8~1.2RE/bin/../lib/gcc/arm-none-eabi/14.2.1/thumb/v7e-m+fp/hard\libc.a(libc_a-readr.o)
                                                  C:/PROGRA~2/ARMGNU~1/14EFD8~1.2RE/bin/../lib/gcc/arm-none-eabi/14.2.1/thumb/v7e-m+fp/hard\libc.a(libc_a-lseekr.o)
                                                  C:/PROGRA~2/ARMGNU~1/14EFD8~1.2RE/bin/../lib/gcc/arm-none-eabi/14.2.1/thumb/v7e-m+fp/hard\libc.a(libc_a-closer.o)
eventHandler                                      CMakeFiles\CrossUp.dir\C\main.c.obj
                                                  CMakeFiles\CrossUp.dir\E_\PlaydateSDK\C_API\buildsupport\setup.c.obj
eventHandlerShim                                  CMakeFiles\CrossUp.dir\E_\PlaydateSDK\C_API\buildsupport\setup.c.obj
fabsf                                             C:/PROGRA~2/ARMGNU~1/14EFD8~1.2RE/bin/../lib/gcc/arm-none-eabi/14.2.1/thumb/v7e-m+fp/hard\libm.a(libm_a-sf_fabs.o)
                                                  C:/PROGRA~2/ARMGNU~1/14EFD8~1.2RE/bin/../lib/gcc/arm-none-eabi/14.2.1/thumb/v7e-m+fp/hard\libm.a(libm_a-sf_atan.o)
                                                  C:/PROGRA~2/ARMGNU~1/14EFD8~1.2RE/bin/../lib/gcc/arm-none-eabi/14.2.1/thumb/v7e-m+fp/hard\libm.a(libm_a-ef_rem_pio2.o)
                                                  C:/PROGRA~2/ARMGNU~1/14EFD8~1.2RE/bin/../lib/gcc/arm-none-eabi/14.2.1/thumb/v7e-m+fp/hard\libm.a(libm_a-ef_pow.o)
                                                  C:/PROGRA~2/ARMGNU~1/14EFD8~1.2RE/bin/../lib/gcc/arm-none-eabi/14.2.1/thumb/v7e-m+fp/hard\libm.a(libm_a-ef_atan2.o)
fade                                              CMakeFiles\CrossUp.dir\C\library.c.obj
fclose                                            C:/PROGRA~2/ARMGNU~1/14EFD8~1.2RE/bin/../lib/gcc/arm-none-eabi/14.2.1/thumb/v7e-m+fp/hard\libc.a(libc_a-fclose.o)
fflush                                            C:/PROGRA~2/ARMGNU~1/14EFD8~1.2RE/bin/../lib/gcc/arm-none-eabi/14.2.1/thumb/v7e-m+fp/hard\libc.a(libc_a-fflush.o)
finitef                                           C:/PROGRA~2/ARMGNU~1/14EFD8~1.2RE/bin/../lib/gcc/arm-none-eabi/14.2.1/thumb/v7e-m+fp/hard\libm.a(libm_a-sf_finite.o)
                                                  C:/PROGRA~2/ARMGNU~1/14EFD8~1.2RE/bin/../lib/gcc/arm-none-eabi/14.2.1/thumb/v7e-m+fp/hard\libm.a(libm_a-wf_pow.o)
floorf                                            C:/PROGRA~2/ARMGNU~1/14EFD8~1.2RE/bin/../lib/gcc/arm-none-eabi/14.2.1/thumb/v7e-m+fp/hard\libm.a(libm_a-sf_floor.o)
                                                  C:/PROGRA~2/ARMGNU~1/14EFD8~1.2RE/bin/../lib/gcc/arm-none-eabi/14.2.1/thumb/v7e-m+fp/hard\libm.a(libm_a-kf_rem_pio2.o)
fmodf                                             C:/PROGRA~2/ARMGNU~1/14EFD8~1.2RE/bin/../lib/gcc/arm-none-eabi/14.2.1/thumb/v7e-m+fp/hard\libm.a(libm_a-wf_fmod.o)
                                                  CMakeFiles\CrossUp.dir\C\movement.c.obj
fovX                                              CMakeFiles\CrossUp.dir\C\library.c.obj
fovY                                              CMakeFiles\CrossUp.dir\C\library.c.obj
gameStart                                         CMakeFiles\CrossUp.dir\C\main.c.obj
handleCameraInput                                 CMakeFiles\CrossUp.dir\C\movement.c.obj
                                                  CMakeFiles\CrossUp.dir\C\main.c.obj
inside                                            CMakeFiles\CrossUp.dir\C\library.c.obj
lastTime                                          CMakeFiles\CrossUp.dir\C\library.c.obj
                                                  CMakeFiles\CrossUp.dir\C\main.c.obj
lengthJoints                                      CMakeFiles\CrossUp.dir\C\main.c.obj
lerp                                              CMakeFiles\CrossUp.dir\C\library.c.obj
mapArray                                          CMakeFiles\CrossUp.dir\C\main.c.obj
maxEntStored                                      CMakeFiles\CrossUp.dir\C\main.c.obj
maxEntities                                       CMakeFiles\CrossUp.dir\C\main.c.obj
maxMaps                                           CMakeFiles\CrossUp.dir\C\main.c.obj
memcpy                                            C:/PROGRA~2/ARMGNU~1/14EFD8~1.2RE/bin/../lib/gcc/arm-none-eabi/14.2.1/thumb/v7e-m+fp/hard\libc.a(libc_a-memcpy.o)
                                                  CMakeFiles\CrossUp.dir\C\main.c.obj
memset                                            C:/PROGRA~2/ARMGNU~1/14EFD8~1.2RE/bin/../lib/gcc/arm-none-eabi/14.2.1/thumb/v7e-m+fp/hard\libc.a(libc_a-memset.o)
                                                  C:/PROGRA~2/ARMGNU~1/14EFD8~1.2RE/bin/../lib/gcc/arm-none-eabi/14.2.1/thumb/v7e-m+fp/hard\libc.a(libc_a-findfp.o)
modelIndex                                        CMakeFiles\CrossUp.dir\C\main.c.obj
moveCamera                                        CMakeFiles\CrossUp.dir\C\entities.c.obj
moveEntObj                                        CMakeFiles\CrossUp.dir\C\movement.c.obj
                                                  CMakeFiles\CrossUp.dir\C\main.c.obj
moveEntity                                        CMakeFiles\CrossUp.dir\C\entities.c.obj
movePlayer                                        CMakeFiles\CrossUp.dir\C\entities.c.obj
                                                  CMakeFiles\CrossUp.dir\C\movement.c.obj
movePlayerObj                                     CMakeFiles\CrossUp.dir\C\movement.c.obj
                                                  CMakeFiles\CrossUp.dir\C\main.c.obj
pColPoints                                        CMakeFiles\CrossUp.dir\C\movement.c.obj
pCollisionPos                                     CMakeFiles\CrossUp.dir\C\movement.c.obj
pattern                                           CMakeFiles\CrossUp.dir\C\draw.c.obj
pd                                                CMakeFiles\CrossUp.dir\C\main.c.obj
                                                  CMakeFiles\CrossUp.dir\C\collisions.c.obj
                                                  CMakeFiles\CrossUp.dir\C\draw.c.obj
                                                  CMakeFiles\CrossUp.dir\C\movement.c.obj
                                                  CMakeFiles\CrossUp.dir\C\entities.c.obj
player                                            CMakeFiles\CrossUp.dir\C\main.c.obj
powf                                              C:/PROGRA~2/ARMGNU~1/14EFD8~1.2RE/bin/../lib/gcc/arm-none-eabi/14.2.1/thumb/v7e-m+fp/hard\libm.a(libm_a-wf_pow.o)
                                                  CMakeFiles\CrossUp.dir\C\movement.c.obj
project2D                                         CMakeFiles\CrossUp.dir\C\draw.c.obj
                                                  CMakeFiles\CrossUp.dir\C\main.c.obj
rand                                              C:/PROGRA~2/ARMGNU~1/14EFD8~1.2RE/bin/../lib/gcc/arm-none-eabi/14.2.1/thumb/v7e-m+fp/hard\libc.a(libc_a-rand.o)
                                                  CMakeFiles\CrossUp.dir\C\library.c.obj
randomFloat                                       CMakeFiles\CrossUp.dir\C\library.c.obj
                                                  CMakeFiles\CrossUp.dir\C\movement.c.obj
randomInt                                         CMakeFiles\CrossUp.dir\C\library.c.obj
                                                  CMakeFiles\CrossUp.dir\C\draw.c.obj
                                                  CMakeFiles\CrossUp.dir\C\movement.c.obj
                                                  CMakeFiles\CrossUp.dir\C\main.c.obj
rendAmt                                           CMakeFiles\CrossUp.dir\C\main.c.obj
renderRadius                                      CMakeFiles\CrossUp.dir\C\main.c.obj
resetCollisionSurface                             CMakeFiles\CrossUp.dir\C\collisions.c.obj
                                                  CMakeFiles\CrossUp.dir\C\main.c.obj
rotateCamera                                      CMakeFiles\CrossUp.dir\C\entities.c.obj
rotateEntity                                      CMakeFiles\CrossUp.dir\C\entities.c.obj
rotatePlayer                                      CMakeFiles\CrossUp.dir\C\entities.c.obj
rotateVertex                                      CMakeFiles\CrossUp.dir\C\draw.c.obj
                                                  CMakeFiles\CrossUp.dir\C\main.c.obj
scalbnf                                           C:/PROGRA~2/ARMGNU~1/14EFD8~1.2RE/bin/../lib/gcc/arm-none-eabi/14.2.1/thumb/v7e-m+fp/hard\libm.a(libm_a-sf_scalbn.o)
                                                  C:/PROGRA~2/ARMGNU~1/14EFD8~1.2RE/bin/../lib/gcc/arm-none-eabi/14.2.1/thumb/v7e-m+fp/hard\libm.a(libm_a-kf_rem_pio2.o)
                                                  C:/PROGRA~2/ARMGNU~1/14EFD8~1.2RE/bin/../lib/gcc/arm-none-eabi/14.2.1/thumb/v7e-m+fp/hard\libm.a(libm_a-ef_pow.o)
setPixelRaw                                       CMakeFiles\CrossUp.dir\C\library.c.obj
                                                  CMakeFiles\CrossUp.dir\C\draw.c.obj
sinf                                              C:/PROGRA~2/ARMGNU~1/14EFD8~1.2RE/bin/../lib/gcc/arm-none-eabi/14.2.1/thumb/v7e-m+fp/hard\libm.a(libm_a-sf_sin.o)
                                                  CMakeFiles\CrossUp.dir\C\draw.c.obj
                                                  CMakeFiles\CrossUp.dir\C\movement.c.obj
                                                  CMakeFiles\CrossUp.dir\C\main.c.obj
srand                                             C:/PROGRA~2/ARMGNU~1/14EFD8~1.2RE/bin/../lib/gcc/arm-none-eabi/14.2.1/thumb/v7e-m+fp/hard\libc.a(libc_a-rand.o)
static3D                                          CMakeFiles\CrossUp.dir\C\main.c.obj
staticAmt                                         CMakeFiles\CrossUp.dir\C\main.c.obj
staticLineDrawing                                 CMakeFiles\CrossUp.dir\C\draw.c.obj
substeps                                          CMakeFiles\CrossUp.dir\C\movement.c.obj
swapFloat                                         CMakeFiles\CrossUp.dir\C\library.c.obj
swapFloat2                                        CMakeFiles\CrossUp.dir\C\library.c.obj
swapInt                                           CMakeFiles\CrossUp.dir\C\library.c.obj
swapInt2                                          CMakeFiles\CrossUp.dir\C\library.c.obj
updateCamera                                      CMakeFiles\CrossUp.dir\C\movement.c.obj
                                                  CMakeFiles\CrossUp.dir\C\main.c.obj
windingOrder                                      CMakeFiles\CrossUp.dir\C\draw.c.obj
                                                  CMakeFiles\CrossUp.dir\C\main.c.obj
zBuffer                                           CMakeFiles\CrossUp.dir\C\main.c.obj
