Archive member included to satisfy reference by file (symbol)

C:/Program Files (x86)/Arm GNU Toolchain arm-none-eabi/14.2 rel1/bin/../lib/gcc/arm-none-eabi/14.2.1/thumb/v7e-m+fp/hard\libc.a(libc_a-atoi.o)
                              device_build/C/playdate/meshConvert.o (symbol from plugin) (atoi)
C:/Program Files (x86)/Arm GNU Toolchain arm-none-eabi/14.2 rel1/bin/../lib/gcc/arm-none-eabi/14.2.1/thumb/v7e-m+fp/hard\libc.a(libc_a-exit.o)
                              C:/Program Files (x86)/Arm GNU Toolchain arm-none-eabi/14.2 rel1/bin/../lib/gcc/arm-none-eabi/14.2.1/thumb/v7e-m+fp/hard/crt0.o (exit)
C:/Program Files (x86)/Arm GNU Toolchain arm-none-eabi/14.2 rel1/bin/../lib/gcc/arm-none-eabi/14.2.1/thumb/v7e-m+fp/hard\libc.a(libc_a-rand.o)
                              device_build/C/allFiles/library.o (symbol from plugin) (rand)
C:/Program Files (x86)/Arm GNU Toolchain arm-none-eabi/14.2 rel1/bin/../lib/gcc/arm-none-eabi/14.2.1/thumb/v7e-m+fp/hard\libc.a(libc_a-strtol.o)
                              C:/Program Files (x86)/Arm GNU Toolchain arm-none-eabi/14.2 rel1/bin/../lib/gcc/arm-none-eabi/14.2.1/thumb/v7e-m+fp/hard\libc.a(libc_a-atoi.o) (_strtol_r)
C:/Program Files (x86)/Arm GNU Toolchain arm-none-eabi/14.2 rel1/bin/../lib/gcc/arm-none-eabi/14.2.1/thumb/v7e-m+fp/hard\libc.a(libc_a-ctype_.o)
                              C:/Program Files (x86)/Arm GNU Toolchain arm-none-eabi/14.2 rel1/bin/../lib/gcc/arm-none-eabi/14.2.1/thumb/v7e-m+fp/hard\libc.a(libc_a-strtol.o) (_ctype_)
C:/Program Files (x86)/Arm GNU Toolchain arm-none-eabi/14.2 rel1/bin/../lib/gcc/arm-none-eabi/14.2.1/thumb/v7e-m+fp/hard\libc.a(libc_a-qsort.o)
                              device_build/C/Foxgine/engine.o (symbol from plugin) (qsort)
C:/Program Files (x86)/Arm GNU Toolchain arm-none-eabi/14.2 rel1/bin/../lib/gcc/arm-none-eabi/14.2.1/thumb/v7e-m+fp/hard\libc.a(libc_a-findfp.o)
                              C:/Program Files (x86)/Arm GNU Toolchain arm-none-eabi/14.2 rel1/bin/../lib/gcc/arm-none-eabi/14.2.1/thumb/v7e-m+fp/hard\libc.a(libc_a-exit.o) (__stdio_exit_handler)
C:/Program Files (x86)/Arm GNU Toolchain arm-none-eabi/14.2 rel1/bin/../lib/gcc/arm-none-eabi/14.2.1/thumb/v7e-m+fp/hard\libc.a(libc_a-fwalk.o)
                              C:/Program Files (x86)/Arm GNU Toolchain arm-none-eabi/14.2 rel1/bin/../lib/gcc/arm-none-eabi/14.2.1/thumb/v7e-m+fp/hard\libc.a(libc_a-findfp.o) (_fwalk_sglue)
C:/Program Files (x86)/Arm GNU Toolchain arm-none-eabi/14.2 rel1/bin/../lib/gcc/arm-none-eabi/14.2.1/thumb/v7e-m+fp/hard\libc.a(libc_a-stdio.o)
                              C:/Program Files (x86)/Arm GNU Toolchain arm-none-eabi/14.2 rel1/bin/../lib/gcc/arm-none-eabi/14.2.1/thumb/v7e-m+fp/hard\libc.a(libc_a-findfp.o) (__sread)
C:/Program Files (x86)/Arm GNU Toolchain arm-none-eabi/14.2 rel1/bin/../lib/gcc/arm-none-eabi/14.2.1/thumb/v7e-m+fp/hard\libc.a(libc_a-memset.o)
                              C:/Program Files (x86)/Arm GNU Toolchain arm-none-eabi/14.2 rel1/bin/../lib/gcc/arm-none-eabi/14.2.1/thumb/v7e-m+fp/hard/crt0.o (memset)
C:/Program Files (x86)/Arm GNU Toolchain arm-none-eabi/14.2 rel1/bin/../lib/gcc/arm-none-eabi/14.2.1/thumb/v7e-m+fp/hard\libc.a(libc_a-strtok.o)
                              device_build/C/playdate/meshConvert.o (symbol from plugin) (strtok)
C:/Program Files (x86)/Arm GNU Toolchain arm-none-eabi/14.2 rel1/bin/../lib/gcc/arm-none-eabi/14.2.1/thumb/v7e-m+fp/hard\libc.a(libc_a-strtok_r.o)
                              C:/Program Files (x86)/Arm GNU Toolchain arm-none-eabi/14.2 rel1/bin/../lib/gcc/arm-none-eabi/14.2.1/thumb/v7e-m+fp/hard\libc.a(libc_a-strtok.o) (__strtok_r)
C:/Program Files (x86)/Arm GNU Toolchain arm-none-eabi/14.2 rel1/bin/../lib/gcc/arm-none-eabi/14.2.1/thumb/v7e-m+fp/hard\libc.a(libc_a-closer.o)
                              C:/Program Files (x86)/Arm GNU Toolchain arm-none-eabi/14.2 rel1/bin/../lib/gcc/arm-none-eabi/14.2.1/thumb/v7e-m+fp/hard\libc.a(libc_a-stdio.o) (_close_r)
C:/Program Files (x86)/Arm GNU Toolchain arm-none-eabi/14.2 rel1/bin/../lib/gcc/arm-none-eabi/14.2.1/thumb/v7e-m+fp/hard\libc.a(libc_a-reent.o)
                              C:/Program Files (x86)/Arm GNU Toolchain arm-none-eabi/14.2 rel1/bin/../lib/gcc/arm-none-eabi/14.2.1/thumb/v7e-m+fp/hard\libc.a(libc_a-closer.o) (errno)
C:/Program Files (x86)/Arm GNU Toolchain arm-none-eabi/14.2 rel1/bin/../lib/gcc/arm-none-eabi/14.2.1/thumb/v7e-m+fp/hard\libc.a(libc_a-impure.o)
                              C:/Program Files (x86)/Arm GNU Toolchain arm-none-eabi/14.2 rel1/bin/../lib/gcc/arm-none-eabi/14.2.1/thumb/v7e-m+fp/hard\libc.a(libc_a-rand.o) (_impure_ptr)
C:/Program Files (x86)/Arm GNU Toolchain arm-none-eabi/14.2 rel1/bin/../lib/gcc/arm-none-eabi/14.2.1/thumb/v7e-m+fp/hard\libc.a(libc_a-lseekr.o)
                              C:/Program Files (x86)/Arm GNU Toolchain arm-none-eabi/14.2 rel1/bin/../lib/gcc/arm-none-eabi/14.2.1/thumb/v7e-m+fp/hard\libc.a(libc_a-stdio.o) (_lseek_r)
[...]
Memory Configuration

Name             Origin             Length             Attributes
*default*        0x00000000         0xffffffff

Linker script and memory map

LOAD C:/Program Files (x86)/Arm GNU Toolchain arm-none-eabi/14.2 rel1/bin/../lib/gcc/arm-none-eabi/14.2.1/thumb/v7e-m+fp/hard/crti.o
LOAD C:/Program Files (x86)/Arm GNU Toolchain arm-none-eabi/14.2 rel1/bin/../lib/gcc/arm-none-eabi/14.2.1/thumb/v7e-m+fp/hard/crtbegin.o
LOAD C:/Program Files (x86)/Arm GNU Toolchain arm-none-eabi/14.2 rel1/bin/../lib/gcc/arm-none-eabi/14.2.1/thumb/v7e-m+fp/hard/crt0.o
LOAD device_build/C/playdate/movement.o
LOAD C:\msys64\tmp\ccycuf4N.ltrans0.ltrans.o
LOAD C:\msys64\tmp\ccmWImob.debug.temp.o
LOAD C:\msys64\tmp\ccSEegwU.debug.temp.o
LOAD C:\msys64\tmp\cc8wnNID.debug.temp.o
LOAD C:\msys64\tmp\ccgTt8hn.debug.temp.o
LOAD C:\msys64\tmp\cccvL7V6.debug.temp.o
LOAD C:\msys64\tmp\cc6BzJnQ.debug.temp.o
LOAD C:\msys64\tmp\ccegL85y.debug.temp.o
LOAD C:\msys64\tmp\ccaa8bTh.debug.temp.o
LOAD C:\msys64\tmp\ccegn3S0.debug.temp.o
LOAD device_build/C/playdate/main.o
LOAD device_build/C/playdate/meshConvert.o
LOAD device_build/C/Foxgine/_3DMath.o
LOAD device_build/C/Foxgine/engine.o
LOAD device_build/C/Foxgine/entities.o
LOAD device_build/C/Foxgine/collisions.o
LOAD device_build/C/allFiles/library.o
LOAD device_build/C/allFiles/draw.o
START GROUP
LOAD C:/Program Files (x86)/Arm GNU Toolchain arm-none-eabi/14.2 rel1/bin/../lib/gcc/arm-none-eabi/14.2.1/thumb/v7e-m+fp/hard\libgcc.a
LOAD C:/Program Files (x86)/Arm GNU Toolchain arm-none-eabi/14.2 rel1/bin/../lib/gcc/arm-none-eabi/14.2.1/thumb/v7e-m+fp/hard\libc.a
END GROUP
START GROUP
LOAD C:/Program Files (x86)/Arm GNU Toolchain arm-none-eabi/14.2 rel1/bin/../lib/gcc/arm-none-eabi/14.2.1/thumb/v7e-m+fp/hard\libgcc.a
LOAD C:/Program Files (x86)/Arm GNU Toolchain arm-none-eabi/14.2 rel1/bin/../lib/gcc/arm-none-eabi/14.2.1/thumb/v7e-m+fp/hard\libc.a
LOAD C:/Program Files (x86)/Arm GNU Toolchain arm-none-eabi/14.2 rel1/bin/../lib/gcc/arm-none-eabi/14.2.1/thumb/v7e-m+fp/hard\libnosys.a
END GROUP
LOAD C:/Program Files (x86)/Arm GNU Toolchain arm-none-eabi/14.2 rel1/bin/../lib/gcc/arm-none-eabi/14.2.1/thumb/v7e-m+fp/hard/crtend.o
LOAD C:/Program Files (x86)/Arm GNU Toolchain arm-none-eabi/14.2 rel1/bin/../lib/gcc/arm-none-eabi/14.2.1/thumb/v7e-m+fp/hard/crtn.o
START GROUP
LOAD C:/Program Files (x86)/Arm GNU Toolchain arm-none-eabi/14.2 rel1/bin/../lib/gcc/arm-none-eabi/14.2.1/thumb/v7e-m+fp/hard\libgcc.a
LOAD C:/Program Files (x86)/Arm GNU Toolchain arm-none-eabi/14.2 rel1/bin/../lib/gcc/arm-none-eabi/14.2.1/thumb/v7e-m+fp/hard\libc.a
LOAD C:/Program Files (x86)/Arm GNU Toolchain arm-none-eabi/14.2 rel1/bin/../lib/gcc/arm-none-eabi/14.2.1/thumb/v7e-m+fp/hard\libm.a
END GROUP

.text           0x00000000    0x18a50
 *(.text)
 .text          0x00000000     0x34c0 C:\msys64\tmp\ccycuf4N.ltrans0.ltrans.o
                0x00003490                eventHandler
 .text          0x000034c0      0x134 C:/Program Files (x86)/Arm GNU Toolchain arm-none-eabi/14.2 rel1/bin/../lib/gcc/arm-none-eabi/14.2.1/thumb/v7e-m+fp/hard\libc.a(libc_a-memcpy.o)
                0x000034c0                memcpy
 *fill*         0x000035f4        0xc 
 .text          0x00003600       0xd8 C:/Program Files (x86)/Arm GNU Toolchain arm-none-eabi/14.2 rel1/bin/../lib/gcc/arm-none-eabi/14.2.1/thumb/v7e-m+fp/hard\libc.a(libc_a-strlen.o)
                0x00003600                strlen
 *fill*         0x000036d8        0x8 
 .text          0x000036e0      0x2e0 C:/Program Files (x86)/Arm GNU Toolchain arm-none-eabi/14.2 rel1/bin/../lib/gcc/arm-none-eabi/14.2.1/thumb/v7e-m+fp/hard\libc.a(libc_a-strcmp.o)
                0x000036e0                strcmp
 .text          0x000039c0       0xa0 C:/Program Files (x86)/Arm GNU Toolchain arm-none-eabi/14.2 rel1/bin/../lib/gcc/arm-none-eabi/14.2.1/thumb/v7e-m+fp/hard\libc.a(libc_a-memchr.o)
                0x000039c0                memchr
 .text          0x00003a60      0x378 C:/Program Files (x86)/Arm GNU Toolchain arm-none-eabi/14.2 rel1/bin/../lib/gcc/arm-none-eabi/14.2.1/thumb/v7e-m+fp/hard\libgcc.a(_arm_addsubdf3.o)
                0x00003a60                __aeabi_drsub
                0x00003a68                __aeabi_dsub
                0x00003a68                __subdf3
                0x00003a6c                __aeabi_dadd
                0x00003a6c                __adddf3
                0x00003ce4                __floatunsidf
                0x00003ce4                __aeabi_ui2d
                0x00003d04                __floatsidf
                0x00003d04                __aeabi_i2d
                0x00003d28                __aeabi_f2d
                0x00003d28                __extendsfdf2
                0x00003d6c                __floatundidf
                0x00003d6c                __aeabi_ul2d
                0x00003d7c                __floatdidf
                0x00003d7c                __aeabi_l2d
 .text          0x00003dd8      0x110 C:/Program Files (x86)/Arm GNU Toolchain arm-none-eabi/14.2 rel1/bin/../lib/gcc/arm-none-eabi/14.2.1/thumb/v7e-m+fp/hard\libgcc.a(_arm_cmpdf2.o)
                0x00003dd8                __gtdf2
                0x00003dd8                __gedf2
                0x00003de0                __ltdf2
                0x00003de0                __ledf2
                0x00003de8                __nedf2
                0x00003de8                __eqdf2
                0x00003de8                __cmpdf2
                0x00003e64                __aeabi_cdrcmple
                0x00003e74                __aeabi_cdcmpeq
                0x00003e74                __aeabi_cdcmple
                0x00003e84                __aeabi_dcmpeq
                0x00003e98                __aeabi_dcmplt
                0x00003eac                __aeabi_dcmple
                0x00003ec0                __aeabi_dcmpge
                0x00003ed4                __aeabi_dcmpgt
 .text          0x00003ee8      0x21c C:/Program Files (x86)/Arm GNU Toolchain arm-none-eabi/14.2 rel1/bin/../lib/gcc/arm-none-eabi/14.2.1/thumb/v7e-m+fp/hard\libgcc.a(_arm_addsubsf3.o)
                0x00003ee8                __aeabi_frsub
                0x00003ef0                __subsf3
                0x00003ef0                __aeabi_fsub
                0x00003ef4                __aeabi_fadd
                0x00003ef4                __addsf3
                0x00004054                __aeabi_ui2f
                0x00004054                __floatunsisf
                0x0000405c                __aeabi_i2f
                0x0000405c                __floatsisf
                0x00004078                __aeabi_ul2f
                0x00004078                __floatundisf
                0x00004088                __aeabi_l2f
                0x00004088                __floatdisf
 .text          0x00004104       0xa0 C:/Program Files (x86)/Arm GNU Toolchain arm-none-eabi/14.2 rel1/bin/../lib/gcc/arm-none-eabi/14.2.1/thumb/v7e-m+fp/hard\libgcc.a(_aeabi_ldivmod.o)
                0x00004104                __aeabi_ldivmod
 .text          0x000041a4        0x4 C:/Program Files (x86)/Arm GNU Toolchain arm-none-eabi/14.2 rel1/bin/../lib/gcc/arm-none-eabi/14.2.1/thumb/v7e-m+fp/hard\libgcc.a(_dvmd_tls.o)
                0x000041a4                __aeabi_idiv0
                0x000041a4                __aeabi_ldiv0
 .text          0x000041a8       0x40 C:/Program Files (x86)/Arm GNU Toolchain arm-none-eabi/14.2 rel1/bin/../lib/gcc/arm-none-eabi/14.2.1/thumb/v7e-m+fp/hard\libgcc.a(_arm_fixunsdfsi.o)
                0x000041a8                __aeabi_d2uiz
                0x000041a8                __fixunsdfsi
 .text          0x000041e8      0x424 C:/Program Files (x86)/Arm GNU Toolchain arm-none-eabi/14.2 rel1/bin/../lib/gcc/arm-none-eabi/14.2.1/thumb/v7e-m+fp/hard\libgcc.a(_arm_muldivdf3.o)
                0x000041e8                __aeabi_dmul
                0x000041e8                __muldf3
                0x0000443c                __divdf3
                0x0000443c                __aeabi_ddiv
 .text          0x0000460c       0x2c C:/Program Files (x86)/Arm GNU Toolchain arm-none-eabi/14.2 rel1/bin/../lib/gcc/arm-none-eabi/14.2.1/thumb/v7e-m+fp/hard\libgcc.a(_arm_unorddf2.o)
                0x0000460c                __unorddf2
                0x0000460c                __aeabi_dcmpun
 .text          0x00004638       0x50 C:/Program Files (x86)/Arm GNU Toolchain arm-none-eabi/14.2 rel1/bin/../lib/gcc/arm-none-eabi/14.2.1/thumb/v7e-m+fp/hard\libgcc.a(_arm_fixdfsi.o)
                0x00004638                __aeabi_d2iz
                0x00004638                __fixdfsi
 .text          0x00004688       0xa0 C:/Program Files (x86)/Arm GNU Toolchain arm-none-eabi/14.2 rel1/bin/../lib/gcc/arm-none-eabi/14.2.1/thumb/v7e-m+fp/hard\libgcc.a(_arm_truncdfsf2.o)
                0x00004688                __truncdfsf2
                0x00004688                __aeabi_d2f
 .text          0x00004728       0x30 C:/Program Files (x86)/Arm GNU Toolchain arm-none-eabi/14.2 rel1/bin/../lib/gcc/arm-none-eabi/14.2.1/thumb/v7e-m+fp/hard\libgcc.a(_aeabi_uldivmod.o)
                0x00004728                __aeabi_uldivmod
 *(.text.*)
 .text.deregister_tm_clones
                0x00004758       0x1c C:/Program Files (x86)/Arm GNU Toolchain arm-none-eabi/14.2 rel1/bin/../lib/gcc/arm-none-eabi/14.2.1/thumb/v7e-m+fp/hard/crtbegin.o
 .text.register_tm_clones
                0x00004774       0x24 C:/Program Files (x86)/Arm GNU Toolchain arm-none-eabi/14.2 rel1/bin/../lib/gcc/arm-none-eabi/14.2.1/thumb/v7e-m+fp/hard/crtbegin.o
 .text.__do_global_dtors_aux
                0x00004798       0x28 C:/Program Files (x86)/Arm GNU Toolchain arm-none-eabi/14.2 rel1/bin/../lib/gcc/arm-none-eabi/14.2.1/thumb/v7e-m+fp/hard/crtbegin.o
 .text.frame_dummy
                0x000047c0       0x24 C:/Program Files (x86)/Arm GNU Toolchain arm-none-eabi/14.2 rel1/bin/../lib/gcc/arm-none-eabi/14.2.1/thumb/v7e-m+fp/hard/crtbegin.o
 .text.atoi     0x000047e4        0x8 C:/Program Files (x86)/Arm GNU Toolchain arm-none-eabi/14.2 rel1/bin/../lib/gcc/arm-none-eabi/14.2.1/thumb/v7e-m+fp/hard\libc.a(libc_a-atoi.o)
                0x000047e4                atoi
 .text.rand     0x000047ec       0x40 C:/Program Files (x86)/Arm GNU Toolchain arm-none-eabi/14.2 rel1/bin/../lib/gcc/arm-none-eabi/14.2.1/thumb/v7e-m+fp/hard\libc.a(libc_a-rand.o)
                0x000047ec                rand
 .text._strtol_l.isra.0
                0x0000482c      0x138 C:/Program Files (x86)/Arm GNU Toolchain arm-none-eabi/14.2 rel1/bin/../lib/gcc/arm-none-eabi/14.2.1/thumb/v7e-m+fp/hard\libc.a(libc_a-strtol.o)
 .text._strtol_r
                0x00004964        0x4 C:/Program Files (x86)/Arm GNU Toolchain arm-none-eabi/14.2 rel1/bin/../lib/gcc/arm-none-eabi/14.2.1/thumb/v7e-m+fp/hard\libc.a(libc_a-strtol.o)
                0x00004964                _strtol_r
 .text.strtol   0x00004968       0x1c C:/Program Files (x86)/Arm GNU Toolchain arm-none-eabi/14.2 rel1/bin/../lib/gcc/arm-none-eabi/14.2.1/thumb/v7e-m+fp/hard\libc.a(libc_a-strtol.o)
                0x00004968                strtol
 .text.qsort    0x00004984      0x5dc C:/Program Files (x86)/Arm GNU Toolchain arm-none-eabi/14.2 rel1/bin/../lib/gcc/arm-none-eabi/14.2.1/thumb/v7e-m+fp/hard\libc.a(libc_a-qsort.o)
                0x00004984                qsort
 .text.stdio_exit_handler
                0x00004f60       0x18 C:/Program Files (x86)/Arm GNU Toolchain arm-none-eabi/14.2 rel1/bin/../lib/gcc/arm-none-eabi/14.2.1/thumb/v7e-m+fp/hard\libc.a(libc_a-findfp.o)
 .text.cleanup_stdio
                0x00004f78       0x40 C:/Program Files (x86)/Arm GNU Toolchain arm-none-eabi/14.2 rel1/bin/../lib/gcc/arm-none-eabi/14.2.1/thumb/v7e-m+fp/hard\libc.a(libc_a-findfp.o)
 .text.global_stdio_init.part.0
                0x00004fb8       0xf0 C:/Program Files (x86)/Arm GNU Toolchain arm-none-eabi/14.2 rel1/bin/../lib/gcc/arm-none-eabi/14.2.1/thumb/v7e-m+fp/hard\libc.a(libc_a-findfp.o)
 .text.__sinit  0x000050a8       0x3c C:/Program Files (x86)/Arm GNU Toolchain arm-none-eabi/14.2 rel1/bin/../lib/gcc/arm-none-eabi/14.2.1/thumb/v7e-m+fp/hard\libc.a(libc_a-findfp.o)
                0x000050a8                __sinit
 .text.__sfp_lock_acquire
                0x000050e4        0xc C:/Program Files (x86)/Arm GNU Toolchain arm-none-eabi/14.2 rel1/bin/../lib/gcc/arm-none-eabi/14.2.1/thumb/v7e-m+fp/hard\libc.a(libc_a-findfp.o)
                0x000050e4                __sfp_lock_acquire
 .text.__sfp_lock_release
                0x000050f0        0xc C:/Program Files (x86)/Arm GNU Toolchain arm-none-eabi/14.2 rel1/bin/../lib/gcc/arm-none-eabi/14.2.1/thumb/v7e-m+fp/hard\libc.a(libc_a-findfp.o)
                0x000050f0                __sfp_lock_release
 .text._fwalk_sglue
                0x000050fc       0x44 C:/Program Files (x86)/Arm GNU Toolchain arm-none-eabi/14.2 rel1/bin/../lib/gcc/arm-none-eabi/14.2.1/thumb/v7e-m+fp/hard\libc.a(libc_a-fwalk.o)
                0x000050fc                _fwalk_sglue
 .text.__sread  0x00005140       0x24 C:/Program Files (x86)/Arm GNU Toolchain arm-none-eabi/14.2 rel1/bin/../lib/gcc/arm-none-eabi/14.2.1/thumb/v7e-m+fp/hard\libc.a(libc_a-stdio.o)
                0x00005140                __sread
 .text.__seofread
                0x00005164        0x4 C:/Program Files (x86)/Arm GNU Toolchain arm-none-eabi/14.2 rel1/bin/../lib/gcc/arm-none-eabi/14.2.1/thumb/v7e-m+fp/hard\libc.a(libc_a-stdio.o)
                0x00005164                __seofread
 .text.__swrite
                0x00005168       0x40 C:/Program Files (x86)/Arm GNU Toolchain arm-none-eabi/14.2 rel1/bin/../lib/gcc/arm-none-eabi/14.2.1/thumb/v7e-m+fp/hard\libc.a(libc_a-stdio.o)
                0x00005168                __swrite
 .text.__sseek  0x000051a8       0x24 C:/Program Files (x86)/Arm GNU Toolchain arm-none-eabi/14.2 rel1/bin/../lib/gcc/arm-none-eabi/14.2.1/thumb/v7e-m+fp/hard\libc.a(libc_a-stdio.o)
                0x000051a8                __sseek
 .text.__sclose
                0x000051cc        0x8 C:/Program Files (x86)/Arm GNU Toolchain arm-none-eabi/14.2 rel1/bin/../lib/gcc/arm-none-eabi/14.2.1/thumb/v7e-m+fp/hard\libc.a(libc_a-stdio.o)
                0x000051cc                __sclose
 .text.memset   0x000051d4       0x9c C:/Program Files (x86)/Arm GNU Toolchain arm-none-eabi/14.2 rel1/bin/../lib/gcc/arm-none-eabi/14.2.1/thumb/v7e-m+fp/hard\libc.a(libc_a-memset.o)
                0x000051d4                memset
 .text.strtok   0x00005270       0x10 C:/Program Files (x86)/Arm GNU Toolchain arm-none-eabi/14.2 rel1/bin/../lib/gcc/arm-none-eabi/14.2.1/thumb/v7e-m+fp/hard\libc.a(libc_a-strtok.o)
                0x00005270                strtok
 .text.__strtok_r
                0x00005280       0x64 C:/Program Files (x86)/Arm GNU Toolchain arm-none-eabi/14.2 rel1/bin/../lib/gcc/arm-none-eabi/14.2.1/thumb/v7e-m+fp/hard\libc.a(libc_a-strtok_r.o)
                0x00005280                __strtok_r
 .text._close_r
                0x000052e4       0x24 C:/Program Files (x86)/Arm GNU Toolchain arm-none-eabi/14.2 rel1/bin/../lib/gcc/arm-none-eabi/14.2.1/thumb/v7e-m+fp/hard\libc.a(libc_a-closer.o)
                0x000052e4                _close_r
 .text._lseek_r
                0x00005308       0x2c C:/Program Files (x86)/Arm GNU Toolchain arm-none-eabi/14.2 rel1/bin/../lib/gcc/arm-none-eabi/14.2.1/thumb/v7e-m+fp/hard\libc.a(libc_a-lseekr.o)
                0x00005308                _lseek_r
 .text._read_r  0x00005334       0x2c C:/Program Files (x86)/Arm GNU Toolchain arm-none-eabi/14.2 rel1/bin/../lib/gcc/arm-none-eabi/14.2.1/thumb/v7e-m+fp/hard\libc.a(libc_a-readr.o)
                0x00005334                _read_r
 .text._write_r
                0x00005360       0x2c C:/Program Files (x86)/Arm GNU Toolchain arm-none-eabi/14.2 rel1/bin/../lib/gcc/arm-none-eabi/14.2.1/thumb/v7e-m+fp/hard\libc.a(libc_a-writer.o)
                0x00005360                _write_r
 .text.__errno  0x0000538c        0xc C:/Program Files (x86)/Arm GNU Toolchain arm-none-eabi/14.2 rel1/bin/../lib/gcc/arm-none-eabi/14.2.1/thumb/v7e-m+fp/hard\libc.a(libc_a-errno.o)
                0x0000538c                __errno
 .text.__retarget_lock_init_recursive
                0x00005398        0x4 C:/Program Files (x86)/Arm GNU Toolchain arm-none-eabi/14.2 rel1/bin/../lib/gcc/arm-none-eabi/14.2.1/thumb/v7e-m+fp/hard\libc.a(libc_a-lock.o)
                0x00005398                __retarget_lock_init_recursive
 .text.__retarget_lock_close_recursive
                0x0000539c        0x4 C:/Program Files (x86)/Arm GNU Toolchain arm-none-eabi/14.2 rel1/bin/../lib/gcc/arm-none-eabi/14.2.1/thumb/v7e-m+fp/hard\libc.a(libc_a-lock.o)
                0x0000539c                __retarget_lock_close_recursive
 .text.__retarget_lock_acquire_recursive
                0x000053a0        0x4 C:/Program Files (x86)/Arm GNU Toolchain arm-none-eabi/14.2 rel1/bin/../lib/gcc/arm-none-eabi/14.2.1/thumb/v7e-m+fp/hard\libc.a(libc_a-lock.o)
                0x000053a0                __retarget_lock_acquire_recursive
 .text.__retarget_lock_release_recursive
                0x000053a4        0x4 C:/Program Files (x86)/Arm GNU Toolchain arm-none-eabi/14.2 rel1/bin/../lib/gcc/arm-none-eabi/14.2.1/thumb/v7e-m+fp/hard\libc.a(libc_a-lock.o)
                0x000053a4                __retarget_lock_release_recursive
 .text.startup.register_fini
                0x000053a8       0x14 C:/Program Files (x86)/Arm GNU Toolchain arm-none-eabi/14.2 rel1/bin/../lib/gcc/arm-none-eabi/14.2.1/thumb/v7e-m+fp/hard\libc.a(libc_a-__call_atexit.o)
 .text.atexit   0x000053bc        0xc C:/Program Files (x86)/Arm GNU Toolchain arm-none-eabi/14.2 rel1/bin/../lib/gcc/arm-none-eabi/14.2.1/thumb/v7e-m+fp/hard\libc.a(libc_a-atexit.o)
                0x000053bc                atexit
 .text._malloc_trim_r
                0x000053c8       0xb8 C:/Program Files (x86)/Arm GNU Toolchain arm-none-eabi/14.2 rel1/bin/../lib/gcc/arm-none-eabi/14.2.1/thumb/v7e-m+fp/hard\libc.a(libc_a-freer.o)
                0x000053c8                _malloc_trim_r
 .text._free_r  0x00005480      0x1f0 C:/Program Files (x86)/Arm GNU Toolchain arm-none-eabi/14.2 rel1/bin/../lib/gcc/arm-none-eabi/14.2.1/thumb/v7e-m+fp/hard\libc.a(libc_a-freer.o)
                0x00005480                _free_r
 .text._malloc_r
                0x00005670      0x598 C:/Program Files (x86)/Arm GNU Toolchain arm-none-eabi/14.2 rel1/bin/../lib/gcc/arm-none-eabi/14.2.1/thumb/v7e-m+fp/hard\libc.a(libc_a-mallocr.o)
                0x00005670                _malloc_r
 .text.__malloc_lock
                0x00005c08        0xc C:/Program Files (x86)/Arm GNU Toolchain arm-none-eabi/14.2 rel1/bin/../lib/gcc/arm-none-eabi/14.2.1/thumb/v7e-m+fp/hard\libc.a(libc_a-mlock.o)
                0x00005c08                __malloc_lock
 .text.__malloc_unlock
                0x00005c14        0xc C:/Program Files (x86)/Arm GNU Toolchain arm-none-eabi/14.2 rel1/bin/../lib/gcc/arm-none-eabi/14.2.1/thumb/v7e-m+fp/hard\libc.a(libc_a-mlock.o)
                0x00005c14                __malloc_unlock
 .text._fclose_r
                0x00005c20       0xc0 C:/Program Files (x86)/Arm GNU Toolchain arm-none-eabi/14.2 rel1/bin/../lib/gcc/arm-none-eabi/14.2.1/thumb/v7e-m+fp/hard\libc.a(libc_a-fclose.o)
                0x00005c20                _fclose_r
 .text.__sflush_r
                0x00005ce0      0x134 C:/Program Files (x86)/Arm GNU Toolchain arm-none-eabi/14.2 rel1/bin/../lib/gcc/arm-none-eabi/14.2.1/thumb/v7e-m+fp/hard\libc.a(libc_a-fflush.o)
                0x00005ce0                __sflush_r
 .text._fflush_r
                0x00005e14       0x54 C:/Program Files (x86)/Arm GNU Toolchain arm-none-eabi/14.2 rel1/bin/../lib/gcc/arm-none-eabi/14.2.1/thumb/v7e-m+fp/hard\libc.a(libc_a-fflush.o)
                0x00005e14                _fflush_r
 .text._sbrk_r  0x00005e68       0x24 C:/Program Files (x86)/Arm GNU Toolchain arm-none-eabi/14.2 rel1/bin/../lib/gcc/arm-none-eabi/14.2.1/thumb/v7e-m+fp/hard\libc.a(libc_a-sbrkr.o)
                0x00005e68                _sbrk_r
 .text.__libc_fini_array
                0x00005e8c       0x28 C:/Program Files (x86)/Arm GNU Toolchain arm-none-eabi/14.2 rel1/bin/../lib/gcc/arm-none-eabi/14.2.1/thumb/v7e-m+fp/hard\libc.a(libc_a-fini.o)
                0x00005e8c                __libc_fini_array
 .text.sysconf  0x00005eb4       0x1c C:/Program Files (x86)/Arm GNU Toolchain arm-none-eabi/14.2 rel1/bin/../lib/gcc/arm-none-eabi/14.2.1/thumb/v7e-m+fp/hard\libc.a(libc_a-sysconf.o)
                0x00005eb4                sysconf
 .text.__register_exitproc
                0x00005ed0       0x80 C:/Program Files (x86)/Arm GNU Toolchain arm-none-eabi/14.2 rel1/bin/../lib/gcc/arm-none-eabi/14.2.1/thumb/v7e-m+fp/hard\libc.a(libc_a-__atexit.o)
                0x00005ed0                __register_exitproc
 .text.sscanf   0x00005f50       0x58 C:/Program Files (x86)/Arm GNU Toolchain arm-none-eabi/14.2 rel1/bin/../lib/gcc/arm-none-eabi/14.2.1/thumb/v7e-m+fp/hard\libc.a(libc_a-sscanf.o)
                0x00005f50                sscanf
 .text.strchr   0x00005fa8       0xd0 C:/Program Files (x86)/Arm GNU Toolchain arm-none-eabi/14.2 rel1/bin/../lib/gcc/arm-none-eabi/14.2.1/thumb/v7e-m+fp/hard\libc.a(libc_a-strchr.o)
                0x00005fa8                strchr
 .text.__ssvfscanf_r
                0x00006078     0x18fc C:/Program Files (x86)/Arm GNU Toolchain arm-none-eabi/14.2 rel1/bin/../lib/gcc/arm-none-eabi/14.2.1/thumb/v7e-m+fp/hard\libc.a(libc_a-svfscanf.o)
                0x00006078                __ssvfscanf_r
 .text.__sccl   0x00007974       0x98 C:/Program Files (x86)/Arm GNU Toolchain arm-none-eabi/14.2 rel1/bin/../lib/gcc/arm-none-eabi/14.2.1/thumb/v7e-m+fp/hard\libc.a(libc_a-sccl.o)
                0x00007974                __sccl
 .text.sprintf  0x00007a0c       0x44 C:/Program Files (x86)/Arm GNU Toolchain arm-none-eabi/14.2 rel1/bin/../lib/gcc/arm-none-eabi/14.2.1/thumb/v7e-m+fp/hard\libc.a(libc_a-sprintf.o)
                0x00007a0c                sprintf
 .text.stpncpy  0x00007a50       0x70 C:/Program Files (x86)/Arm GNU Toolchain arm-none-eabi/14.2 rel1/bin/../lib/gcc/arm-none-eabi/14.2.1/thumb/v7e-m+fp/hard\libc.a(libc_a-stpncpy.o)
                0x00007a50                stpncpy
 .text.__locale_mb_cur_max
                0x00007ac0        0xc C:/Program Files (x86)/Arm GNU Toolchain arm-none-eabi/14.2 rel1/bin/../lib/gcc/arm-none-eabi/14.2.1/thumb/v7e-m+fp/hard\libc.a(libc_a-locale.o)
                0x00007ac0                __locale_mb_cur_max
 .text._localeconv_r
                0x00007acc        0x8 C:/Program Files (x86)/Arm GNU Toolchain arm-none-eabi/14.2 rel1/bin/../lib/gcc/arm-none-eabi/14.2.1/thumb/v7e-m+fp/hard\libc.a(libc_a-localeconv.o)
                0x00007acc                _localeconv_r
 .text.nanf     0x00007ad4        0xc C:/Program Files (x86)/Arm GNU Toolchain arm-none-eabi/14.2 rel1/bin/../lib/gcc/arm-none-eabi/14.2.1/thumb/v7e-m+fp/hard\libc.a(libm_a-sf_nan.o)
                0x00007ad4                nanf
 .text.malloc   0x00007ae0       0x10 C:/Program Files (x86)/Arm GNU Toolchain arm-none-eabi/14.2 rel1/bin/../lib/gcc/arm-none-eabi/14.2.1/thumb/v7e-m+fp/hard\libc.a(libc_a-malloc.o)
                0x00007ae0                malloc
 .text.free     0x00007af0       0x10 C:/Program Files (x86)/Arm GNU Toolchain arm-none-eabi/14.2 rel1/bin/../lib/gcc/arm-none-eabi/14.2.1/thumb/v7e-m+fp/hard\libc.a(libc_a-malloc.o)
                0x00007af0                free
 .text.__ascii_mbtowc
                0x00007b00       0x2c C:/Program Files (x86)/Arm GNU Toolchain arm-none-eabi/14.2 rel1/bin/../lib/gcc/arm-none-eabi/14.2.1/thumb/v7e-m+fp/hard\libc.a(libc_a-mbtowc_r.o)
                0x00007b00                __ascii_mbtowc
 .text.realloc  0x00007b2c       0x18 C:/Program Files (x86)/Arm GNU Toolchain arm-none-eabi/14.2 rel1/bin/../lib/gcc/arm-none-eabi/14.2.1/thumb/v7e-m+fp/hard\libc.a(libc_a-realloc.o)
                0x00007b2c                realloc
 .text._realloc_r
                0x00007b44      0x348 C:/Program Files (x86)/Arm GNU Toolchain arm-none-eabi/14.2 rel1/bin/../lib/gcc/arm-none-eabi/14.2.1/thumb/v7e-m+fp/hard\libc.a(libc_a-reallocr.o)
                0x00007b44                _realloc_r
 *fill*         0x00007e8c        0x4 
 .text._strtod_l
                0x00007e90     0x1158 C:/Program Files (x86)/Arm GNU Toolchain arm-none-eabi/14.2 rel1/bin/../lib/gcc/arm-none-eabi/14.2.1/thumb/v7e-m+fp/hard\libc.a(libc_a-strtod.o)
                0x00007e90                _strtod_l
 .text._strtod_r
                0x00008fe8        0xc C:/Program Files (x86)/Arm GNU Toolchain arm-none-eabi/14.2 rel1/bin/../lib/gcc/arm-none-eabi/14.2.1/thumb/v7e-m+fp/hard\libc.a(libc_a-strtod.o)
                0x00008fe8                _strtod_r
 .text._strtoul_l.isra.0
                0x00008ff4      0x134 C:/Program Files (x86)/Arm GNU Toolchain arm-none-eabi/14.2 rel1/bin/../lib/gcc/arm-none-eabi/14.2.1/thumb/v7e-m+fp/hard\libc.a(libc_a-strtoul.o)
 .text._strtoul_r
                0x00009128        0x4 C:/Program Files (x86)/Arm GNU Toolchain arm-none-eabi/14.2 rel1/bin/../lib/gcc/arm-none-eabi/14.2.1/thumb/v7e-m+fp/hard\libc.a(libc_a-strtoul.o)
                0x00009128                _strtoul_r
 .text.__ascii_wctomb
                0x0000912c       0x1c C:/Program Files (x86)/Arm GNU Toolchain arm-none-eabi/14.2 rel1/bin/../lib/gcc/arm-none-eabi/14.2.1/thumb/v7e-m+fp/hard\libc.a(libc_a-wctomb_r.o)
                0x0000912c                __ascii_wctomb
 .text._strtoll_l.isra.0
                0x00009148      0x17c C:/Program Files (x86)/Arm GNU Toolchain arm-none-eabi/14.2 rel1/bin/../lib/gcc/arm-none-eabi/14.2.1/thumb/v7e-m+fp/hard\libc.a(libc_a-strtoll.o)
 .text._strtoll_r
                0x000092c4        0x4 C:/Program Files (x86)/Arm GNU Toolchain arm-none-eabi/14.2 rel1/bin/../lib/gcc/arm-none-eabi/14.2.1/thumb/v7e-m+fp/hard\libc.a(libc_a-strtoll.o)
                0x000092c4                _strtoll_r
 .text._strtoull_l.isra.0
                0x000092c8      0x194 C:/Program Files (x86)/Arm GNU Toolchain arm-none-eabi/14.2 rel1/bin/../lib/gcc/arm-none-eabi/14.2.1/thumb/v7e-m+fp/hard\libc.a(libc_a-strtoull.o)
 .text._strtoull_r
                0x0000945c        0x4 C:/Program Files (x86)/Arm GNU Toolchain arm-none-eabi/14.2 rel1/bin/../lib/gcc/arm-none-eabi/14.2.1/thumb/v7e-m+fp/hard\libc.a(libc_a-strtoull.o)
                0x0000945c                _strtoull_r
 .text._mbrtowc_r
                0x00009460       0x54 C:/Program Files (x86)/Arm GNU Toolchain arm-none-eabi/14.2 rel1/bin/../lib/gcc/arm-none-eabi/14.2.1/thumb/v7e-m+fp/hard\libc.a(libc_a-mbrtowc.o)
                0x00009460                _mbrtowc_r
 .text.iswspace
                0x000094b4        0x8 C:/Program Files (x86)/Arm GNU Toolchain arm-none-eabi/14.2 rel1/bin/../lib/gcc/arm-none-eabi/14.2.1/thumb/v7e-m+fp/hard\libc.a(libc_a-iswspace.o)
                0x000094b4                iswspace
 .text.iswspace_l
                0x000094bc       0x28 C:/Program Files (x86)/Arm GNU Toolchain arm-none-eabi/14.2 rel1/bin/../lib/gcc/arm-none-eabi/14.2.1/thumb/v7e-m+fp/hard\libc.a(libc_a-iswspace_l.o)
                0x000094bc                iswspace_l
 .text.__jp2uc  0x000094e4      0x128 C:/Program Files (x86)/Arm GNU Toolchain arm-none-eabi/14.2 rel1/bin/../lib/gcc/arm-none-eabi/14.2.1/thumb/v7e-m+fp/hard\libc.a(libc_a-jp2uc.o)
 .text._jp2uc_l
                0x0000960c       0x64 C:/Program Files (x86)/Arm GNU Toolchain arm-none-eabi/14.2 rel1/bin/../lib/gcc/arm-none-eabi/14.2.1/thumb/v7e-m+fp/hard\libc.a(libc_a-jp2uc.o)
                0x0000960c                _jp2uc_l
 .text._sungetc_r
                0x00009670       0x7c C:/Program Files (x86)/Arm GNU Toolchain arm-none-eabi/14.2 rel1/bin/../lib/gcc/arm-none-eabi/14.2.1/thumb/v7e-m+fp/hard\libc.a(libc_a-svfiscanf.o)
                0x00009670                _sungetc_r
 .text.__ssrefill_r
                0x000096ec       0x38 C:/Program Files (x86)/Arm GNU Toolchain arm-none-eabi/14.2 rel1/bin/../lib/gcc/arm-none-eabi/14.2.1/thumb/v7e-m+fp/hard\libc.a(libc_a-svfiscanf.o)
                0x000096ec                __ssrefill_r
 .text._sfread_r
                0x00009724       0xa4 C:/Program Files (x86)/Arm GNU Toolchain arm-none-eabi/14.2 rel1/bin/../lib/gcc/arm-none-eabi/14.2.1/thumb/v7e-m+fp/hard\libc.a(libc_a-svfiscanf.o)
                0x00009724                _sfread_r
 .text._svfprintf_r
                0x000097c8     0x21f0 C:/Program Files (x86)/Arm GNU Toolchain arm-none-eabi/14.2 rel1/bin/../lib/gcc/arm-none-eabi/14.2.1/thumb/v7e-m+fp/hard\libc.a(libc_a-svfprintf.o)
                0x000097c8                _svfprintf_r
 .text.__ssprint_r
                0x0000b9b8       0x58 C:/Program Files (x86)/Arm GNU Toolchain arm-none-eabi/14.2 rel1/bin/../lib/gcc/arm-none-eabi/14.2.1/thumb/v7e-m+fp/hard\libc.a(libc_a-ssprint_r.o)
                0x0000b9b8                __ssprint_r
 .text.__submore
                0x0000ba10       0x74 C:/Program Files (x86)/Arm GNU Toolchain arm-none-eabi/14.2 rel1/bin/../lib/gcc/arm-none-eabi/14.2.1/thumb/v7e-m+fp/hard\libc.a(libc_a-ungetc.o)
                0x0000ba10                __submore
 .text.memmove  0x0000ba84       0xf8 C:/Program Files (x86)/Arm GNU Toolchain arm-none-eabi/14.2 rel1/bin/../lib/gcc/arm-none-eabi/14.2.1/thumb/v7e-m+fp/hard\libc.a(libc_a-memmove.o)
                0x0000ba84                memmove
 .text.strncmp  0x0000bb7c       0x78 C:/Program Files (x86)/Arm GNU Toolchain arm-none-eabi/14.2 rel1/bin/../lib/gcc/arm-none-eabi/14.2.1/thumb/v7e-m+fp/hard\libc.a(libc_a-strncmp.o)
                0x0000bb7c                strncmp
 .text.strncpy  0x0000bbf4       0x68 C:/Program Files (x86)/Arm GNU Toolchain arm-none-eabi/14.2 rel1/bin/../lib/gcc/arm-none-eabi/14.2.1/thumb/v7e-m+fp/hard\libc.a(libc_a-strncpy.o)
                0x0000bbf4                strncpy
 *fill*         0x0000bc5c        0x4 
 .text.nan      0x0000bc60       0x10 C:/Program Files (x86)/Arm GNU Toolchain arm-none-eabi/14.2 rel1/bin/../lib/gcc/arm-none-eabi/14.2.1/thumb/v7e-m+fp/hard\libc.a(libm_a-s_nan.o)
                0x0000bc60                nan
 .text.frexp    0x0000bc70       0x64 C:/Program Files (x86)/Arm GNU Toolchain arm-none-eabi/14.2 rel1/bin/../lib/gcc/arm-none-eabi/14.2.1/thumb/v7e-m+fp/hard\libc.a(libm_a-s_frexp.o)
                0x0000bc70                frexp
 .text.quorem   0x0000bcd4      0x12c C:/Program Files (x86)/Arm GNU Toolchain arm-none-eabi/14.2 rel1/bin/../lib/gcc/arm-none-eabi/14.2.1/thumb/v7e-m+fp/hard\libc.a(libc_a-dtoa.o)
 .text._dtoa_r  0x0000be00     0x1034 C:/Program Files (x86)/Arm GNU Toolchain arm-none-eabi/14.2 rel1/bin/../lib/gcc/arm-none-eabi/14.2.1/thumb/v7e-m+fp/hard\libc.a(libc_a-dtoa.o)
                0x0000be00                _dtoa_r
 .text.rshift   0x0000ce34       0xac C:/Program Files (x86)/Arm GNU Toolchain arm-none-eabi/14.2 rel1/bin/../lib/gcc/arm-none-eabi/14.2.1/thumb/v7e-m+fp/hard\libc.a(libc_a-gdtoa-gethex.o)
 .text.__gethex
                0x0000cee0      0x5f8 C:/Program Files (x86)/Arm GNU Toolchain arm-none-eabi/14.2 rel1/bin/../lib/gcc/arm-none-eabi/14.2.1/thumb/v7e-m+fp/hard\libc.a(libc_a-gdtoa-gethex.o)
                0x0000cee0                __gethex
 .text.__match  0x0000d4d8       0x38 C:/Program Files (x86)/Arm GNU Toolchain arm-none-eabi/14.2 rel1/bin/../lib/gcc/arm-none-eabi/14.2.1/thumb/v7e-m+fp/hard\libc.a(libc_a-gdtoa-hexnan.o)
                0x0000d4d8                __match
 .text.__hexnan
                0x0000d510      0x1c8 C:/Program Files (x86)/Arm GNU Toolchain arm-none-eabi/14.2 rel1/bin/../lib/gcc/arm-none-eabi/14.2.1/thumb/v7e-m+fp/hard\libc.a(libc_a-gdtoa-hexnan.o)
                0x0000d510                __hexnan
 .text._Balloc  0x0000d6d8       0x4c C:/Program Files (x86)/Arm GNU Toolchain arm-none-eabi/14.2 rel1/bin/../lib/gcc/arm-none-eabi/14.2.1/thumb/v7e-m+fp/hard\libc.a(libc_a-mprec.o)
                0x0000d6d8                _Balloc
 .text._Bfree   0x0000d724       0x14 C:/Program Files (x86)/Arm GNU Toolchain arm-none-eabi/14.2 rel1/bin/../lib/gcc/arm-none-eabi/14.2.1/thumb/v7e-m+fp/hard\libc.a(libc_a-mprec.o)
                0x0000d724                _Bfree
 .text.__multadd
                0x0000d738       0xa0 C:/Program Files (x86)/Arm GNU Toolchain arm-none-eabi/14.2 rel1/bin/../lib/gcc/arm-none-eabi/14.2.1/thumb/v7e-m+fp/hard\libc.a(libc_a-mprec.o)
                0x0000d738                __multadd
 .text.__s2b    0x0000d7d8       0xb4 C:/Program Files (x86)/Arm GNU Toolchain arm-none-eabi/14.2 rel1/bin/../lib/gcc/arm-none-eabi/14.2.1/thumb/v7e-m+fp/hard\libc.a(libc_a-mprec.o)
                0x0000d7d8                __s2b
 .text.__hi0bits
                0x0000d88c       0x54 C:/Program Files (x86)/Arm GNU Toolchain arm-none-eabi/14.2 rel1/bin/../lib/gcc/arm-none-eabi/14.2.1/thumb/v7e-m+fp/hard\libc.a(libc_a-mprec.o)
                0x0000d88c                __hi0bits
 .text.__lo0bits
                0x0000d8e0       0x80 C:/Program Files (x86)/Arm GNU Toolchain arm-none-eabi/14.2 rel1/bin/../lib/gcc/arm-none-eabi/14.2.1/thumb/v7e-m+fp/hard\libc.a(libc_a-mprec.o)
                0x0000d8e0                __lo0bits
 .text.__i2b    0x0000d960       0x5c C:/Program Files (x86)/Arm GNU Toolchain arm-none-eabi/14.2 rel1/bin/../lib/gcc/arm-none-eabi/14.2.1/thumb/v7e-m+fp/hard\libc.a(libc_a-mprec.o)
                0x0000d960                __i2b
 .text.__multiply
                0x0000d9bc      0x16c C:/Program Files (x86)/Arm GNU Toolchain arm-none-eabi/14.2 rel1/bin/../lib/gcc/arm-none-eabi/14.2.1/thumb/v7e-m+fp/hard\libc.a(libc_a-mprec.o)
                0x0000d9bc                __multiply
 .text.__pow5mult
                0x0000db28       0xc0 C:/Program Files (x86)/Arm GNU Toolchain arm-none-eabi/14.2 rel1/bin/../lib/gcc/arm-none-eabi/14.2.1/thumb/v7e-m+fp/hard\libc.a(libc_a-mprec.o)
                0x0000db28                __pow5mult
 .text.__lshift
                0x0000dbe8       0xe8 C:/Program Files (x86)/Arm GNU Toolchain arm-none-eabi/14.2 rel1/bin/../lib/gcc/arm-none-eabi/14.2.1/thumb/v7e-m+fp/hard\libc.a(libc_a-mprec.o)
                0x0000dbe8                __lshift
 .text.__mcmp   0x0000dcd0       0x44 C:/Program Files (x86)/Arm GNU Toolchain arm-none-eabi/14.2 rel1/bin/../lib/gcc/arm-none-eabi/14.2.1/thumb/v7e-m+fp/hard\libc.a(libc_a-mprec.o)
                0x0000dcd0                __mcmp
 .text.__mdiff  0x0000dd14      0x174 C:/Program Files (x86)/Arm GNU Toolchain arm-none-eabi/14.2 rel1/bin/../lib/gcc/arm-none-eabi/14.2.1/thumb/v7e-m+fp/hard\libc.a(libc_a-mprec.o)
                0x0000dd14                __mdiff
 .text.__ulp    0x0000de88       0x64 C:/Program Files (x86)/Arm GNU Toolchain arm-none-eabi/14.2 rel1/bin/../lib/gcc/arm-none-eabi/14.2.1/thumb/v7e-m+fp/hard\libc.a(libc_a-mprec.o)
                0x0000de88                __ulp
 .text.__b2d    0x0000deec       0xbc C:/Program Files (x86)/Arm GNU Toolchain arm-none-eabi/14.2 rel1/bin/../lib/gcc/arm-none-eabi/14.2.1/thumb/v7e-m+fp/hard\libc.a(libc_a-mprec.o)
                0x0000deec                __b2d
 .text.__d2b    0x0000dfa8       0xbc C:/Program Files (x86)/Arm GNU Toolchain arm-none-eabi/14.2 rel1/bin/../lib/gcc/arm-none-eabi/14.2.1/thumb/v7e-m+fp/hard\libc.a(libc_a-mprec.o)
                0x0000dfa8                __d2b
 .text.__ratio  0x0000e064       0x60 C:/Program Files (x86)/Arm GNU Toolchain arm-none-eabi/14.2 rel1/bin/../lib/gcc/arm-none-eabi/14.2.1/thumb/v7e-m+fp/hard\libc.a(libc_a-mprec.o)
                0x0000e064                __ratio
 .text.__copybits
                0x0000e0c4       0x5c C:/Program Files (x86)/Arm GNU Toolchain arm-none-eabi/14.2 rel1/bin/../lib/gcc/arm-none-eabi/14.2.1/thumb/v7e-m+fp/hard\libc.a(libc_a-mprec.o)
                0x0000e0c4                __copybits
 .text.__any_on
                0x0000e120       0x5c C:/Program Files (x86)/Arm GNU Toolchain arm-none-eabi/14.2 rel1/bin/../lib/gcc/arm-none-eabi/14.2.1/thumb/v7e-m+fp/hard\libc.a(libc_a-mprec.o)
                0x0000e120                __any_on
 .text._wcrtomb_r
                0x0000e17c       0x4c C:/Program Files (x86)/Arm GNU Toolchain arm-none-eabi/14.2 rel1/bin/../lib/gcc/arm-none-eabi/14.2.1/thumb/v7e-m+fp/hard\libc.a(libc_a-wcrtomb.o)
                0x0000e17c                _wcrtomb_r
 .text._wcsrtombs_r
                0x0000e1c8       0x18 C:/Program Files (x86)/Arm GNU Toolchain arm-none-eabi/14.2 rel1/bin/../lib/gcc/arm-none-eabi/14.2.1/thumb/v7e-m+fp/hard\libc.a(libc_a-wcsrtombs.o)
                0x0000e1c8                _wcsrtombs_r
 .text.category
                0x0000e1e0       0x6c C:/Program Files (x86)/Arm GNU Toolchain arm-none-eabi/14.2 rel1/bin/../lib/gcc/arm-none-eabi/14.2.1/thumb/v7e-m+fp/hard\libc.a(libc_a-categories.o)
                0x0000e1e0                category
 .text.__ssputs_r
                0x0000e24c       0xc0 C:/Program Files (x86)/Arm GNU Toolchain arm-none-eabi/14.2 rel1/bin/../lib/gcc/arm-none-eabi/14.2.1/thumb/v7e-m+fp/hard\libc.a(libc_a-ssputs_r.o)
                0x0000e24c                __ssputs_r
 .text.__assert_func
                0x0000e30c       0x40 C:/Program Files (x86)/Arm GNU Toolchain arm-none-eabi/14.2 rel1/bin/../lib/gcc/arm-none-eabi/14.2.1/thumb/v7e-m+fp/hard\libc.a(libc_a-assert.o)
                0x0000e30c                __assert_func
 .text._calloc_r
                0x0000e34c       0x6c C:/Program Files (x86)/Arm GNU Toolchain arm-none-eabi/14.2 rel1/bin/../lib/gcc/arm-none-eabi/14.2.1/thumb/v7e-m+fp/hard\libc.a(libc_a-callocr.o)
                0x0000e34c                _calloc_r
 .text._wcsnrtombs_l
                0x0000e3b8       0xf0 C:/Program Files (x86)/Arm GNU Toolchain arm-none-eabi/14.2 rel1/bin/../lib/gcc/arm-none-eabi/14.2.1/thumb/v7e-m+fp/hard\libc.a(libc_a-wcsnrtombs.o)
                0x0000e3b8                _wcsnrtombs_l
 .text._wcsnrtombs_r
                0x0000e4a8       0x24 C:/Program Files (x86)/Arm GNU Toolchain arm-none-eabi/14.2 rel1/bin/../lib/gcc/arm-none-eabi/14.2.1/thumb/v7e-m+fp/hard\libc.a(libc_a-wcsnrtombs.o)
                0x0000e4a8                _wcsnrtombs_r
 .text.fiprintf
                0x0000e4cc       0x28 C:/Program Files (x86)/Arm GNU Toolchain arm-none-eabi/14.2 rel1/bin/../lib/gcc/arm-none-eabi/14.2.1/thumb/v7e-m+fp/hard\libc.a(libc_a-fiprintf.o)
                0x0000e4cc                fiprintf
 .text._vfiprintf_r
                0x0000e4f4     0x1288 C:/Program Files (x86)/Arm GNU Toolchain arm-none-eabi/14.2 rel1/bin/../lib/gcc/arm-none-eabi/14.2.1/thumb/v7e-m+fp/hard\libc.a(libc_a-vfiprintf.o)
                0x0000e4f4                _vfiprintf_r
 .text.__sbprintf
                0x0000f77c       0x84 C:/Program Files (x86)/Arm GNU Toolchain arm-none-eabi/14.2 rel1/bin/../lib/gcc/arm-none-eabi/14.2.1/thumb/v7e-m+fp/hard\libc.a(libc_a-vfiprintf.o)
 .text.__sprint_r
                0x0000f800       0x20 C:/Program Files (x86)/Arm GNU Toolchain arm-none-eabi/14.2 rel1/bin/../lib/gcc/arm-none-eabi/14.2.1/thumb/v7e-m+fp/hard\libc.a(libc_a-sprint_r.o)
                0x0000f800                __sprint_r
 .text.__sfvwrite_r
                0x0000f820      0x2e4 C:/Program Files (x86)/Arm GNU Toolchain arm-none-eabi/14.2 rel1/bin/../lib/gcc/arm-none-eabi/14.2.1/thumb/v7e-m+fp/hard\libc.a(libc_a-fvwrite.o)
                0x0000f820                __sfvwrite_r
 .text.__swsetup_r
                0x0000fb04       0xfc C:/Program Files (x86)/Arm GNU Toolchain arm-none-eabi/14.2 rel1/bin/../lib/gcc/arm-none-eabi/14.2.1/thumb/v7e-m+fp/hard\libc.a(libc_a-wsetup.o)
                0x0000fb04                __swsetup_r
 .text.abort    0x0000fc00       0x10 C:/Program Files (x86)/Arm GNU Toolchain arm-none-eabi/14.2 rel1/bin/../lib/gcc/arm-none-eabi/14.2.1/thumb/v7e-m+fp/hard\libc.a(libc_a-abort.o)
                0x0000fc00                abort
 .text.__smakebuf_r
                0x0000fc10       0xd0 C:/Program Files (x86)/Arm GNU Toolchain arm-none-eabi/14.2 rel1/bin/../lib/gcc/arm-none-eabi/14.2.1/thumb/v7e-m+fp/hard\libc.a(libc_a-makebuf.o)
                0x0000fc10                __smakebuf_r
 .text.raise    0x0000fce0       0x58 C:/Program Files (x86)/Arm GNU Toolchain arm-none-eabi/14.2 rel1/bin/../lib/gcc/arm-none-eabi/14.2.1/thumb/v7e-m+fp/hard\libc.a(libc_a-signal.o)
                0x0000fce0                raise
 .text._fstat_r
                0x0000fd38       0x2c C:/Program Files (x86)/Arm GNU Toolchain arm-none-eabi/14.2 rel1/bin/../lib/gcc/arm-none-eabi/14.2.1/thumb/v7e-m+fp/hard\libc.a(libc_a-fstatr.o)
                0x0000fd38                _fstat_r
 .text._isatty_r
                0x0000fd64       0x24 C:/Program Files (x86)/Arm GNU Toolchain arm-none-eabi/14.2 rel1/bin/../lib/gcc/arm-none-eabi/14.2.1/thumb/v7e-m+fp/hard\libc.a(libc_a-isattyr.o)
                0x0000fd64                _isatty_r
 .text._kill_r  0x0000fd88       0x2c C:/Program Files (x86)/Arm GNU Toolchain arm-none-eabi/14.2 rel1/bin/../lib/gcc/arm-none-eabi/14.2.1/thumb/v7e-m+fp/hard\libc.a(libc_a-signalr.o)
                0x0000fd88                _kill_r
 .text._getpid_r
                0x0000fdb4        0x4 C:/Program Files (x86)/Arm GNU Toolchain arm-none-eabi/14.2 rel1/bin/../lib/gcc/arm-none-eabi/14.2.1/thumb/v7e-m+fp/hard\libc.a(libc_a-signalr.o)
                0x0000fdb4                _getpid_r
 .text._close   0x0000fdb8       0x10 C:/Program Files (x86)/Arm GNU Toolchain arm-none-eabi/14.2 rel1/bin/../lib/gcc/arm-none-eabi/14.2.1/thumb/v7e-m+fp/hard\libnosys.a(close.o)
                0x0000fdb8                _close
 .text._lseek   0x0000fdc8       0x10 C:/Program Files (x86)/Arm GNU Toolchain arm-none-eabi/14.2 rel1/bin/../lib/gcc/arm-none-eabi/14.2.1/thumb/v7e-m+fp/hard\libnosys.a(lseek.o)
                0x0000fdc8                _lseek
 .text._read    0x0000fdd8       0x10 C:/Program Files (x86)/Arm GNU Toolchain arm-none-eabi/14.2 rel1/bin/../lib/gcc/arm-none-eabi/14.2.1/thumb/v7e-m+fp/hard\libnosys.a(read.o)
                0x0000fdd8                _read
 .text._sbrk    0x0000fde8       0x1c C:/Program Files (x86)/Arm GNU Toolchain arm-none-eabi/14.2 rel1/bin/../lib/gcc/arm-none-eabi/14.2.1/thumb/v7e-m+fp/hard\libnosys.a(sbrk.o)
                0x0000fde8                _sbrk
 .text._write   0x0000fe04       0x10 C:/Program Files (x86)/Arm GNU Toolchain arm-none-eabi/14.2 rel1/bin/../lib/gcc/arm-none-eabi/14.2.1/thumb/v7e-m+fp/hard\libnosys.a(write.o)
                0x0000fe04                _write
 .text._exit    0x0000fe14        0x4 C:/Program Files (x86)/Arm GNU Toolchain arm-none-eabi/14.2 rel1/bin/../lib/gcc/arm-none-eabi/14.2.1/thumb/v7e-m+fp/hard\libnosys.a(_exit.o)
                0x0000fe14                _exit
 .text._fstat   0x0000fe18       0x10 C:/Program Files (x86)/Arm GNU Toolchain arm-none-eabi/14.2 rel1/bin/../lib/gcc/arm-none-eabi/14.2.1/thumb/v7e-m+fp/hard\libnosys.a(fstat.o)
                0x0000fe18                _fstat
 .text._getpid  0x0000fe28       0x10 C:/Program Files (x86)/Arm GNU Toolchain arm-none-eabi/14.2 rel1/bin/../lib/gcc/arm-none-eabi/14.2.1/thumb/v7e-m+fp/hard\libnosys.a(getpid.o)
                0x0000fe28                _getpid
 .text._isatty  0x0000fe38       0x10 C:/Program Files (x86)/Arm GNU Toolchain arm-none-eabi/14.2 rel1/bin/../lib/gcc/arm-none-eabi/14.2.1/thumb/v7e-m+fp/hard\libnosys.a(isatty.o)
                0x0000fe38                _isatty
 .text._kill    0x0000fe48       0x10 C:/Program Files (x86)/Arm GNU Toolchain arm-none-eabi/14.2 rel1/bin/../lib/gcc/arm-none-eabi/14.2.1/thumb/v7e-m+fp/hard\libnosys.a(kill.o)
                0x0000fe48                _kill
 .text.__fixsfdi
                0x0000fe58       0x28 C:/Program Files (x86)/Arm GNU Toolchain arm-none-eabi/14.2 rel1/bin/../lib/gcc/arm-none-eabi/14.2.1/thumb/v7e-m+fp/hard\libgcc.a(_fixsfdi.o)
                0x0000fe58                __fixsfdi
                0x0000fe58                __aeabi_f2lz
 .text.__fixunssfdi
                0x0000fe80       0x40 C:/Program Files (x86)/Arm GNU Toolchain arm-none-eabi/14.2 rel1/bin/../lib/gcc/arm-none-eabi/14.2.1/thumb/v7e-m+fp/hard\libgcc.a(_fixunssfdi.o)
                0x0000fe80                __fixunssfdi
                0x0000fe80                __aeabi_f2ulz
 .text.__udivmoddi4
                0x0000fec0      0x2f8 C:/Program Files (x86)/Arm GNU Toolchain arm-none-eabi/14.2 rel1/bin/../lib/gcc/arm-none-eabi/14.2.1/thumb/v7e-m+fp/hard\libgcc.a(_udivmoddi4.o)
                0x0000fec0                __udivmoddi4
 .text.__fixdfdi
                0x000101b8       0x30 C:/Program Files (x86)/Arm GNU Toolchain arm-none-eabi/14.2 rel1/bin/../lib/gcc/arm-none-eabi/14.2.1/thumb/v7e-m+fp/hard\libgcc.a(_fixdfdi.o)
                0x000101b8                __fixdfdi
                0x000101b8                __aeabi_d2lz
 .text.__fixunsdfdi
                0x000101e8       0x3c C:/Program Files (x86)/Arm GNU Toolchain arm-none-eabi/14.2 rel1/bin/../lib/gcc/arm-none-eabi/14.2.1/thumb/v7e-m+fp/hard\libgcc.a(_fixunsdfdi.o)
                0x000101e8                __fixunsdfdi
                0x000101e8                __aeabi_d2ulz
 .text.atan2f   0x00010224        0x4 C:/Program Files (x86)/Arm GNU Toolchain arm-none-eabi/14.2 rel1/bin/../lib/gcc/arm-none-eabi/14.2.1/thumb/v7e-m+fp/hard\libm.a(libm_a-wf_atan2.o)
                0x00010224                atan2f
 .text.fmodf    0x00010228       0x48 C:/Program Files (x86)/Arm GNU Toolchain arm-none-eabi/14.2 rel1/bin/../lib/gcc/arm-none-eabi/14.2.1/thumb/v7e-m+fp/hard\libm.a(libm_a-wf_fmod.o)
                0x00010228                fmodf
 .text.cosf     0x00010270       0x70 C:/Program Files (x86)/Arm GNU Toolchain arm-none-eabi/14.2 rel1/bin/../lib/gcc/arm-none-eabi/14.2.1/thumb/v7e-m+fp/hard\libm.a(libm_a-sf_cos.o)
                0x00010270                cosf
 .text.sinf     0x000102e0       0x74 C:/Program Files (x86)/Arm GNU Toolchain arm-none-eabi/14.2 rel1/bin/../lib/gcc/arm-none-eabi/14.2.1/thumb/v7e-m+fp/hard\libm.a(libm_a-sf_sin.o)
                0x000102e0                sinf
 .text.floorf   0x00010354       0x94 C:/Program Files (x86)/Arm GNU Toolchain arm-none-eabi/14.2 rel1/bin/../lib/gcc/arm-none-eabi/14.2.1/thumb/v7e-m+fp/hard\libm.a(libm_a-sf_floor.o)
                0x00010354                floorf
 .text.__kernel_cosf
                0x000103e8      0x104 C:/Program Files (x86)/Arm GNU Toolchain arm-none-eabi/14.2 rel1/bin/../lib/gcc/arm-none-eabi/14.2.1/thumb/v7e-m+fp/hard\libm.a(libm_a-kf_cos.o)
                0x000103e8                __kernel_cosf
 .text.__kernel_sinf
                0x000104ec       0x90 C:/Program Files (x86)/Arm GNU Toolchain arm-none-eabi/14.2 rel1/bin/../lib/gcc/arm-none-eabi/14.2.1/thumb/v7e-m+fp/hard\libm.a(libm_a-kf_sin.o)
                0x000104ec                __kernel_sinf
 .text.__ieee754_atan2f
                0x0001057c      0x14c C:/Program Files (x86)/Arm GNU Toolchain arm-none-eabi/14.2 rel1/bin/../lib/gcc/arm-none-eabi/14.2.1/thumb/v7e-m+fp/hard\libm.a(libm_a-ef_atan2.o)
                0x0001057c                __ieee754_atan2f
 .text.__ieee754_fmodf
                0x000106c8      0x184 C:/Program Files (x86)/Arm GNU Toolchain arm-none-eabi/14.2 rel1/bin/../lib/gcc/arm-none-eabi/14.2.1/thumb/v7e-m+fp/hard\libm.a(libm_a-ef_fmod.o)
                0x000106c8                __ieee754_fmodf
 .text.__ieee754_rem_pio2f
                0x0001084c      0x26c C:/Program Files (x86)/Arm GNU Toolchain arm-none-eabi/14.2 rel1/bin/../lib/gcc/arm-none-eabi/14.2.1/thumb/v7e-m+fp/hard\libm.a(libm_a-ef_rem_pio2.o)
                0x0001084c                __ieee754_rem_pio2f
 .text.atanf    0x00010ab8      0x1a4 C:/Program Files (x86)/Arm GNU Toolchain arm-none-eabi/14.2 rel1/bin/../lib/gcc/arm-none-eabi/14.2.1/thumb/v7e-m+fp/hard\libm.a(libm_a-sf_atan.o)
                0x00010ab8                atanf
 .text.fabsf    0x00010c5c       0x10 C:/Program Files (x86)/Arm GNU Toolchain arm-none-eabi/14.2 rel1/bin/../lib/gcc/arm-none-eabi/14.2.1/thumb/v7e-m+fp/hard\libm.a(libm_a-sf_fabs.o)
                0x00010c5c                fabsf
 .text.__kernel_rem_pio2f
                0x00010c6c      0x68c C:/Program Files (x86)/Arm GNU Toolchain arm-none-eabi/14.2 rel1/bin/../lib/gcc/arm-none-eabi/14.2.1/thumb/v7e-m+fp/hard\libm.a(libm_a-kf_rem_pio2.o)
                0x00010c6c                __kernel_rem_pio2f
 .text.scalbnf  0x000112f8       0xdc C:/Program Files (x86)/Arm GNU Toolchain arm-none-eabi/14.2 rel1/bin/../lib/gcc/arm-none-eabi/14.2.1/thumb/v7e-m+fp/hard\libm.a(libm_a-sf_scalbn.o)
                0x000112f8                scalbnf
 *(.init)
 .init          0x000113d4        0x4 C:/Program Files (x86)/Arm GNU Toolchain arm-none-eabi/14.2 rel1/bin/../lib/gcc/arm-none-eabi/14.2.1/thumb/v7e-m+fp/hard/crti.o
                0x000113d4                _init
 .init          0x000113d8        0x8 C:/Program Files (x86)/Arm GNU Toolchain arm-none-eabi/14.2 rel1/bin/../lib/gcc/arm-none-eabi/14.2.1/thumb/v7e-m+fp/hard/crtn.o
 *(.fini)
 .fini          0x000113e0        0x4 C:/Program Files (x86)/Arm GNU Toolchain arm-none-eabi/14.2 rel1/bin/../lib/gcc/arm-none-eabi/14.2.1/thumb/v7e-m+fp/hard/crti.o
                0x000113e0                _fini
 .fini          0x000113e4        0x8 C:/Program Files (x86)/Arm GNU Toolchain arm-none-eabi/14.2 rel1/bin/../lib/gcc/arm-none-eabi/14.2.1/thumb/v7e-m+fp/hard/crtn.o
 *crtbegin.o(.ctors)
 *crtbegin?.o(.ctors)
 *(EXCLUDE_FILE(*crtend.o *crtend?.o) .ctors)
 *(SORT_BY_NAME(.ctors.*))
 *(.ctors)
 *crtbegin.o(.dtors)
 *crtbegin?.o(.dtors)
 *(EXCLUDE_FILE(*crtend.o *crtend?.o) .dtors)
 *(SORT_BY_NAME(.dtors.*))
 *(.dtors)
 *(.rodata*)
 .rodata.str1.4
                0x000113ec      0x39f C:\msys64\tmp\ccycuf4N.ltrans0.ltrans.o
                                0x165 (size before relaxing)
 *fill*         0x0001178b        0x1 
 .rodata        0x0001178c       0x48 C:\msys64\tmp\ccycuf4N.ltrans0.ltrans.o
 .rodata._ctype_
                0x000117d4      0x101 C:/Program Files (x86)/Arm GNU Toolchain arm-none-eabi/14.2 rel1/bin/../lib/gcc/arm-none-eabi/14.2.1/thumb/v7e-m+fp/hard\libc.a(libc_a-ctype_.o)
                0x000117d4                _ctype_
 .rodata.__ssvfscanf_r.str1.4
                0x000118d5        0x9 C:/Program Files (x86)/Arm GNU Toolchain arm-none-eabi/14.2 rel1/bin/../lib/gcc/arm-none-eabi/14.2.1/thumb/v7e-m+fp/hard\libc.a(libc_a-svfscanf.o)
 *fill*         0x000118d5        0x3 
 .rodata.basefix.0
                0x000118d8       0x22 C:/Program Files (x86)/Arm GNU Toolchain arm-none-eabi/14.2 rel1/bin/../lib/gcc/arm-none-eabi/14.2.1/thumb/v7e-m+fp/hard\libc.a(libc_a-svfscanf.o)
 .rodata.str1.4
                0x000118fa       0x4c C:/Program Files (x86)/Arm GNU Toolchain arm-none-eabi/14.2 rel1/bin/../lib/gcc/arm-none-eabi/14.2.1/thumb/v7e-m+fp/hard\libc.a(libc_a-locale.o)
 .rodata._strtod_l.str1.4
                0x000118fa       0x15 C:/Program Files (x86)/Arm GNU Toolchain arm-none-eabi/14.2 rel1/bin/../lib/gcc/arm-none-eabi/14.2.1/thumb/v7e-m+fp/hard\libc.a(libc_a-strtod.o)
 *fill*         0x000118fa        0x2 
 .rodata.fpinan.0
                0x000118fc       0x14 C:/Program Files (x86)/Arm GNU Toolchain arm-none-eabi/14.2 rel1/bin/../lib/gcc/arm-none-eabi/14.2.1/thumb/v7e-m+fp/hard\libc.a(libc_a-strtod.o)
 .rodata.fpi.1  0x00011910       0x14 C:/Program Files (x86)/Arm GNU Toolchain arm-none-eabi/14.2 rel1/bin/../lib/gcc/arm-none-eabi/14.2.1/thumb/v7e-m+fp/hard\libc.a(libc_a-strtod.o)
 *fill*         0x00011924        0x4 
 .rodata.tinytens
                0x00011928       0x28 C:/Program Files (x86)/Arm GNU Toolchain arm-none-eabi/14.2 rel1/bin/../lib/gcc/arm-none-eabi/14.2.1/thumb/v7e-m+fp/hard\libc.a(libc_a-strtod.o)
 .rodata._mbrtowc_r.str1.4
                0x00011950        0x1 C:/Program Files (x86)/Arm GNU Toolchain arm-none-eabi/14.2 rel1/bin/../lib/gcc/arm-none-eabi/14.2.1/thumb/v7e-m+fp/hard\libc.a(libc_a-mbrtowc.o)
 .rodata._jp2uc_l.str1.4
                0x00011950       0x12 C:/Program Files (x86)/Arm GNU Toolchain arm-none-eabi/14.2 rel1/bin/../lib/gcc/arm-none-eabi/14.2.1/thumb/v7e-m+fp/hard\libc.a(libc_a-jp2uc.o)
 .rodata.d02f4  0x00011950     0x1a7c C:/Program Files (x86)/Arm GNU Toolchain arm-none-eabi/14.2 rel1/bin/../lib/gcc/arm-none-eabi/14.2.1/thumb/v7e-m+fp/hard\libc.a(libc_a-jp2uc.o)
 .rodata.b02cf  0x000133cc     0x172a C:/Program Files (x86)/Arm GNU Toolchain arm-none-eabi/14.2 rel1/bin/../lib/gcc/arm-none-eabi/14.2.1/thumb/v7e-m+fp/hard\libc.a(libc_a-jp2uc.o)
 *fill*         0x00014af6        0x2 
 .rodata.a8     0x00014af8       0x40 C:/Program Files (x86)/Arm GNU Toolchain arm-none-eabi/14.2 rel1/bin/../lib/gcc/arm-none-eabi/14.2.1/thumb/v7e-m+fp/hard\libc.a(libc_a-jp2uc.o)
 .rodata.a7     0x00014b38       0xa2 C:/Program Files (x86)/Arm GNU Toolchain arm-none-eabi/14.2 rel1/bin/../lib/gcc/arm-none-eabi/14.2.1/thumb/v7e-m+fp/hard\libc.a(libc_a-jp2uc.o)
 *fill*         0x00014bda        0x2 
 .rodata.a6     0x00014bdc       0x70 C:/Program Files (x86)/Arm GNU Toolchain arm-none-eabi/14.2 rel1/bin/../lib/gcc/arm-none-eabi/14.2.1/thumb/v7e-m+fp/hard\libc.a(libc_a-jp2uc.o)
 .rodata.a3     0x00014c4c       0x5b C:/Program Files (x86)/Arm GNU Toolchain arm-none-eabi/14.2 rel1/bin/../lib/gcc/arm-none-eabi/14.2.1/thumb/v7e-m+fp/hard\libc.a(libc_a-jp2uc.o)
 *fill*         0x00014ca7        0x1 
 .rodata.a2     0x00014ca8       0xbc C:/Program Files (x86)/Arm GNU Toolchain arm-none-eabi/14.2 rel1/bin/../lib/gcc/arm-none-eabi/14.2.1/thumb/v7e-m+fp/hard\libc.a(libc_a-jp2uc.o)
 .rodata.a1     0x00014d64       0xbc C:/Program Files (x86)/Arm GNU Toolchain arm-none-eabi/14.2 rel1/bin/../lib/gcc/arm-none-eabi/14.2.1/thumb/v7e-m+fp/hard\libc.a(libc_a-jp2uc.o)
 .rodata._svfprintf_r.str1.4
                0x00014e20       0x42 C:/Program Files (x86)/Arm GNU Toolchain arm-none-eabi/14.2 rel1/bin/../lib/gcc/arm-none-eabi/14.2.1/thumb/v7e-m+fp/hard\libc.a(libc_a-svfprintf.o)
 .rodata.zeroes.0
                0x00014e20       0x10 C:/Program Files (x86)/Arm GNU Toolchain arm-none-eabi/14.2 rel1/bin/../lib/gcc/arm-none-eabi/14.2.1/thumb/v7e-m+fp/hard\libc.a(libc_a-svfprintf.o)
 .rodata.blanks.1
                0x00014e30       0x10 C:/Program Files (x86)/Arm GNU Toolchain arm-none-eabi/14.2 rel1/bin/../lib/gcc/arm-none-eabi/14.2.1/thumb/v7e-m+fp/hard\libc.a(libc_a-svfprintf.o)
 .rodata._dtoa_r.str1.4
                0x00014e40       0x81 C:/Program Files (x86)/Arm GNU Toolchain arm-none-eabi/14.2 rel1/bin/../lib/gcc/arm-none-eabi/14.2.1/thumb/v7e-m+fp/hard\libc.a(libc_a-dtoa.o)
 .rodata.__gethex.str1.4
                0x00014e40       0x79 C:/Program Files (x86)/Arm GNU Toolchain arm-none-eabi/14.2 rel1/bin/../lib/gcc/arm-none-eabi/14.2.1/thumb/v7e-m+fp/hard\libc.a(libc_a-gdtoa-gethex.o)
 .rodata.__hexdig
                0x00014e40      0x100 C:/Program Files (x86)/Arm GNU Toolchain arm-none-eabi/14.2 rel1/bin/../lib/gcc/arm-none-eabi/14.2.1/thumb/v7e-m+fp/hard\libc.a(libc_a-gdtoa-gethex.o)
                0x00014e40                __hexdig
 .rodata.__multadd.str1.4
                0x00014f40       0x6e C:/Program Files (x86)/Arm GNU Toolchain arm-none-eabi/14.2 rel1/bin/../lib/gcc/arm-none-eabi/14.2.1/thumb/v7e-m+fp/hard\libc.a(libc_a-mprec.o)
 .rodata.p05.0  0x00014f40        0xc C:/Program Files (x86)/Arm GNU Toolchain arm-none-eabi/14.2 rel1/bin/../lib/gcc/arm-none-eabi/14.2.1/thumb/v7e-m+fp/hard\libc.a(libc_a-mprec.o)
 *fill*         0x00014f4c        0x4 
 .rodata.__mprec_bigtens
                0x00014f50       0x28 C:/Program Files (x86)/Arm GNU Toolchain arm-none-eabi/14.2 rel1/bin/../lib/gcc/arm-none-eabi/14.2.1/thumb/v7e-m+fp/hard\libc.a(libc_a-mprec.o)
                0x00014f50                __mprec_bigtens
 .rodata.__mprec_tens
                0x00014f78       0xc8 C:/Program Files (x86)/Arm GNU Toolchain arm-none-eabi/14.2 rel1/bin/../lib/gcc/arm-none-eabi/14.2.1/thumb/v7e-m+fp/hard\libc.a(libc_a-mprec.o)
                0x00014f78                __mprec_tens
 .rodata.categories
                0x00015040     0x35dc C:/Program Files (x86)/Arm GNU Toolchain arm-none-eabi/14.2 rel1/bin/../lib/gcc/arm-none-eabi/14.2.1/thumb/v7e-m+fp/hard\libc.a(libc_a-categories.o)
 .rodata.__assert_func.str1.4
                0x0001861c       0x43 C:/Program Files (x86)/Arm GNU Toolchain arm-none-eabi/14.2 rel1/bin/../lib/gcc/arm-none-eabi/14.2.1/thumb/v7e-m+fp/hard\libc.a(libc_a-assert.o)
 .rodata._vfiprintf_r.str1.4
                0x0001861c       0x2f C:/Program Files (x86)/Arm GNU Toolchain arm-none-eabi/14.2 rel1/bin/../lib/gcc/arm-none-eabi/14.2.1/thumb/v7e-m+fp/hard\libc.a(libc_a-vfiprintf.o)
 .rodata.zeroes.0
                0x0001861c       0x10 C:/Program Files (x86)/Arm GNU Toolchain arm-none-eabi/14.2 rel1/bin/../lib/gcc/arm-none-eabi/14.2.1/thumb/v7e-m+fp/hard\libc.a(libc_a-vfiprintf.o)
 .rodata.blanks.1
                0x0001862c       0x10 C:/Program Files (x86)/Arm GNU Toolchain arm-none-eabi/14.2 rel1/bin/../lib/gcc/arm-none-eabi/14.2.1/thumb/v7e-m+fp/hard\libc.a(libc_a-vfiprintf.o)
 .rodata.CSWTCH.9
                0x0001863c        0xc C:/Program Files (x86)/Arm GNU Toolchain arm-none-eabi/14.2 rel1/bin/../lib/gcc/arm-none-eabi/14.2.1/thumb/v7e-m+fp/hard\libm.a(libm_a-ef_atan2.o)
 .rodata.CSWTCH.8
                0x00018648        0xc C:/Program Files (x86)/Arm GNU Toolchain arm-none-eabi/14.2 rel1/bin/../lib/gcc/arm-none-eabi/14.2.1/thumb/v7e-m+fp/hard\libm.a(libm_a-ef_atan2.o)
 .rodata.Zero   0x00018654        0x8 C:/Program Files (x86)/Arm GNU Toolchain arm-none-eabi/14.2 rel1/bin/../lib/gcc/arm-none-eabi/14.2.1/thumb/v7e-m+fp/hard\libm.a(libm_a-ef_fmod.o)
 .rodata.npio2_hw
                0x0001865c       0x80 C:/Program Files (x86)/Arm GNU Toolchain arm-none-eabi/14.2 rel1/bin/../lib/gcc/arm-none-eabi/14.2.1/thumb/v7e-m+fp/hard\libm.a(libm_a-ef_rem_pio2.o)
 .rodata.two_over_pi
                0x000186dc      0x318 C:/Program Files (x86)/Arm GNU Toolchain arm-none-eabi/14.2 rel1/bin/../lib/gcc/arm-none-eabi/14.2.1/thumb/v7e-m+fp/hard\libm.a(libm_a-ef_rem_pio2.o)
 .rodata.atanlo
                0x000189f4       0x10 C:/Program Files (x86)/Arm GNU Toolchain arm-none-eabi/14.2 rel1/bin/../lib/gcc/arm-none-eabi/14.2.1/thumb/v7e-m+fp/hard\libm.a(libm_a-sf_atan.o)
 .rodata.atanhi
                0x00018a04       0x10 C:/Program Files (x86)/Arm GNU Toolchain arm-none-eabi/14.2 rel1/bin/../lib/gcc/arm-none-eabi/14.2.1/thumb/v7e-m+fp/hard\libm.a(libm_a-sf_atan.o)
 .rodata.PIo2   0x00018a14       0x2c C:/Program Files (x86)/Arm GNU Toolchain arm-none-eabi/14.2 rel1/bin/../lib/gcc/arm-none-eabi/14.2.1/thumb/v7e-m+fp/hard\libm.a(libm_a-kf_rem_pio2.o)
 .rodata.init_jk
                0x00018a40        0xc C:/Program Files (x86)/Arm GNU Toolchain arm-none-eabi/14.2 rel1/bin/../lib/gcc/arm-none-eabi/14.2.1/thumb/v7e-m+fp/hard\libm.a(libm_a-kf_rem_pio2.o)
 *(.eh_frame*)
 .eh_frame      0x00018a4c        0x0 C:/Program Files (x86)/Arm GNU Toolchain arm-none-eabi/14.2 rel1/bin/../lib/gcc/arm-none-eabi/14.2.1/thumb/v7e-m+fp/hard/crtbegin.o
 .eh_frame      0x00018a4c        0x4 C:/Program Files (x86)/Arm GNU Toolchain arm-none-eabi/14.2 rel1/bin/../lib/gcc/arm-none-eabi/14.2.1/thumb/v7e-m+fp/hard/crtend.o

.glue_7         0x00018a50        0x0
 .glue_7        0x00018a50        0x0 linker stubs

.glue_7t        0x00018a50        0x0
 .glue_7t       0x00018a50        0x0 linker stubs

.vfp11_veneer   0x00018a50        0x0
 .vfp11_veneer  0x00018a50        0x0 linker stubs

.v4_bx          0x00018a50        0x0
 .v4_bx         0x00018a50        0x0 linker stubs

.iplt           0x00018a50        0x0
 .iplt          0x00018a50        0x0 C:/Program Files (x86)/Arm GNU Toolchain arm-none-eabi/14.2 rel1/bin/../lib/gcc/arm-none-eabi/14.2.1/thumb/v7e-m+fp/hard/crtbegin.o

.rel.dyn        0x00018a50        0x0
 .rel.iplt      0x00018a50        0x0 C:/Program Files (x86)/Arm GNU Toolchain arm-none-eabi/14.2 rel1/bin/../lib/gcc/arm-none-eabi/14.2.1/thumb/v7e-m+fp/hard/crtbegin.o

.ARM.exidx.text.__udivmoddi4
                0x00018a50        0x8
 .ARM.exidx.text.__udivmoddi4
                0x00018a50        0x8 C:/Program Files (x86)/Arm GNU Toolchain arm-none-eabi/14.2 rel1/bin/../lib/gcc/arm-none-eabi/14.2.1/thumb/v7e-m+fp/hard\libgcc.a(_udivmoddi4.o)

.data           0x00018a58      0x740
                0x00018a58                        __etext = .
                0x00018a58                        __data_start__ = .
 *(vtable)
 *(.data*)
 .data          0x00018a58       0x5c C:\msys64\tmp\ccycuf4N.ltrans0.ltrans.o
 .data.__sglue  0x00018ab4        0xc C:/Program Files (x86)/Arm GNU Toolchain arm-none-eabi/14.2 rel1/bin/../lib/gcc/arm-none-eabi/14.2.1/thumb/v7e-m+fp/hard\libc.a(libc_a-findfp.o)
                0x00018ab4                __sglue
 .data._impure_ptr
                0x00018ac0        0x4 C:/Program Files (x86)/Arm GNU Toolchain arm-none-eabi/14.2 rel1/bin/../lib/gcc/arm-none-eabi/14.2.1/thumb/v7e-m+fp/hard\libc.a(libc_a-impure.o)
                0x00018ac0                _impure_ptr
 *fill*         0x00018ac4        0x4 
 .data._impure_data
                0x00018ac8      0x140 C:/Program Files (x86)/Arm GNU Toolchain arm-none-eabi/14.2 rel1/bin/../lib/gcc/arm-none-eabi/14.2.1/thumb/v7e-m+fp/hard\libc.a(libc_a-impure.o)
                0x00018ac8                _impure_data
 .data.__atexit_recursive_mutex
                0x00018c08        0x4 C:/Program Files (x86)/Arm GNU Toolchain arm-none-eabi/14.2 rel1/bin/../lib/gcc/arm-none-eabi/14.2.1/thumb/v7e-m+fp/hard\libc.a(libc_a-__call_atexit.o)
                0x00018c08                __atexit_recursive_mutex
 .data.__malloc_sbrk_base
                0x00018c0c        0x4 C:/Program Files (x86)/Arm GNU Toolchain arm-none-eabi/14.2 rel1/bin/../lib/gcc/arm-none-eabi/14.2.1/thumb/v7e-m+fp/hard\libc.a(libc_a-mallocr.o)
                0x00018c0c                __malloc_sbrk_base
 .data.__malloc_trim_threshold
                0x00018c10        0x4 C:/Program Files (x86)/Arm GNU Toolchain arm-none-eabi/14.2 rel1/bin/../lib/gcc/arm-none-eabi/14.2.1/thumb/v7e-m+fp/hard\libc.a(libc_a-mallocr.o)
                0x00018c10                __malloc_trim_threshold
 *fill*         0x00018c14        0x4 
 .data.__malloc_av_
                0x00018c18      0x408 C:/Program Files (x86)/Arm GNU Toolchain arm-none-eabi/14.2 rel1/bin/../lib/gcc/arm-none-eabi/14.2.1/thumb/v7e-m+fp/hard\libc.a(libc_a-mallocr.o)
                0x00018c18                __malloc_av_
 .data.__global_locale
                0x00019020      0x16c C:/Program Files (x86)/Arm GNU Toolchain arm-none-eabi/14.2 rel1/bin/../lib/gcc/arm-none-eabi/14.2.1/thumb/v7e-m+fp/hard\libc.a(libc_a-locale.o)
                0x00019020                __global_locale
                0x0001918c                        . = ALIGN (0x4)
                0x0001918c                        PROVIDE (__preinit_array_start = .)
 *(.preinit_array)
                0x0001918c                        PROVIDE (__preinit_array_end = .)
                0x0001918c                        . = ALIGN (0x4)
                0x0001918c                        PROVIDE (__init_array_start = .)
 *(SORT_BY_NAME(.init_array.*))
 .init_array.00000
                0x0001918c        0x4 C:/Program Files (x86)/Arm GNU Toolchain arm-none-eabi/14.2 rel1/bin/../lib/gcc/arm-none-eabi/14.2.1/thumb/v7e-m+fp/hard\libc.a(libc_a-__call_atexit.o)
 *(.init_array)
 .init_array    0x00019190        0x4 C:/Program Files (x86)/Arm GNU Toolchain arm-none-eabi/14.2 rel1/bin/../lib/gcc/arm-none-eabi/14.2.1/thumb/v7e-m+fp/hard/crtbegin.o
                0x00019194                        PROVIDE (__init_array_end = .)
                0x00019194                        . = ALIGN (0x4)
                0x00019194                        PROVIDE (__fini_array_start = .)
 *(SORT_BY_NAME(.fini_array.*))
 *(.fini_array)
 .fini_array    0x00019194        0x4 C:/Program Files (x86)/Arm GNU Toolchain arm-none-eabi/14.2 rel1/bin/../lib/gcc/arm-none-eabi/14.2.1/thumb/v7e-m+fp/hard/crtbegin.o
                0x00019198                        PROVIDE (__fini_array_end = .)
                0x00019198                        . = ALIGN (0x4)
                0x00019198                        __data_end__ = .

.tm_clone_table
                0x00019198        0x0
 .tm_clone_table
                0x00019198        0x0 C:/Program Files (x86)/Arm GNU Toolchain arm-none-eabi/14.2 rel1/bin/../lib/gcc/arm-none-eabi/14.2.1/thumb/v7e-m+fp/hard/crtbegin.o
 .tm_clone_table
                0x00019198        0x0 C:/Program Files (x86)/Arm GNU Toolchain arm-none-eabi/14.2 rel1/bin/../lib/gcc/arm-none-eabi/14.2.1/thumb/v7e-m+fp/hard/crtend.o
                0x00019198                __TMC_END__

.igot.plt       0x00019198        0x0
 .igot.plt      0x00019198        0x0 C:/Program Files (x86)/Arm GNU Toolchain arm-none-eabi/14.2 rel1/bin/../lib/gcc/arm-none-eabi/14.2.1/thumb/v7e-m+fp/hard/crtbegin.o

.bss            0x00019198      0x480
                0x00019198                        . = ALIGN (0x4)
                0x00019198                        __bss_start__ = .
 *(.bss*)
 .bss.completed.1
                0x00019198        0x1 C:/Program Files (x86)/Arm GNU Toolchain arm-none-eabi/14.2 rel1/bin/../lib/gcc/arm-none-eabi/14.2.1/thumb/v7e-m+fp/hard/crtbegin.o
 *fill*         0x00019199        0x3 
 .bss.object.0  0x0001919c       0x18 C:/Program Files (x86)/Arm GNU Toolchain arm-none-eabi/14.2 rel1/bin/../lib/gcc/arm-none-eabi/14.2.1/thumb/v7e-m+fp/hard/crtbegin.o
 *fill*         0x000191b4        0x4 
 .bss           0x000191b8      0x148 C:\msys64\tmp\ccycuf4N.ltrans0.ltrans.o
 .bss.__sf      0x00019300      0x138 C:/Program Files (x86)/Arm GNU Toolchain arm-none-eabi/14.2 rel1/bin/../lib/gcc/arm-none-eabi/14.2.1/thumb/v7e-m+fp/hard\libc.a(libc_a-findfp.o)
                0x00019300                __sf
 .bss.__stdio_exit_handler
                0x00019438        0x4 C:/Program Files (x86)/Arm GNU Toolchain arm-none-eabi/14.2 rel1/bin/../lib/gcc/arm-none-eabi/14.2.1/thumb/v7e-m+fp/hard\libc.a(libc_a-findfp.o)
                0x00019438                __stdio_exit_handler
 .bss.errno     0x0001943c        0x4 C:/Program Files (x86)/Arm GNU Toolchain arm-none-eabi/14.2 rel1/bin/../lib/gcc/arm-none-eabi/14.2.1/thumb/v7e-m+fp/hard\libc.a(libc_a-reent.o)
                0x0001943c                errno
 .bss.__lock___malloc_recursive_mutex
                0x00019440        0x1 C:/Program Files (x86)/Arm GNU Toolchain arm-none-eabi/14.2 rel1/bin/../lib/gcc/arm-none-eabi/14.2.1/thumb/v7e-m+fp/hard\libc.a(libc_a-lock.o)
                0x00019440                __lock___malloc_recursive_mutex
 *fill*         0x00019441        0x3 
 .bss.__lock___atexit_recursive_mutex
                0x00019444        0x1 C:/Program Files (x86)/Arm GNU Toolchain arm-none-eabi/14.2 rel1/bin/../lib/gcc/arm-none-eabi/14.2.1/thumb/v7e-m+fp/hard\libc.a(libc_a-lock.o)
                0x00019444                __lock___atexit_recursive_mutex
 *fill*         0x00019445        0x3 
 .bss.__lock___sfp_recursive_mutex
                0x00019448        0x1 C:/Program Files (x86)/Arm GNU Toolchain arm-none-eabi/14.2 rel1/bin/../lib/gcc/arm-none-eabi/14.2.1/thumb/v7e-m+fp/hard\libc.a(libc_a-lock.o)
                0x00019448                __lock___sfp_recursive_mutex
 *fill*         0x00019449        0x3 
 .bss.__atexit  0x0001944c        0x4 C:/Program Files (x86)/Arm GNU Toolchain arm-none-eabi/14.2 rel1/bin/../lib/gcc/arm-none-eabi/14.2.1/thumb/v7e-m+fp/hard\libc.a(libc_a-__call_atexit.o)
                0x0001944c                __atexit
 .bss.__malloc_current_mallinfo
                0x00019450       0x28 C:/Program Files (x86)/Arm GNU Toolchain arm-none-eabi/14.2 rel1/bin/../lib/gcc/arm-none-eabi/14.2.1/thumb/v7e-m+fp/hard\libc.a(libc_a-mallocr.o)
                0x00019450                __malloc_current_mallinfo
 .bss.__malloc_max_total_mem
                0x00019478        0x4 C:/Program Files (x86)/Arm GNU Toolchain arm-none-eabi/14.2 rel1/bin/../lib/gcc/arm-none-eabi/14.2.1/thumb/v7e-m+fp/hard\libc.a(libc_a-mallocr.o)
                0x00019478                __malloc_max_total_mem
 .bss.__malloc_max_sbrked_mem
                0x0001947c        0x4 C:/Program Files (x86)/Arm GNU Toolchain arm-none-eabi/14.2 rel1/bin/../lib/gcc/arm-none-eabi/14.2.1/thumb/v7e-m+fp/hard\libc.a(libc_a-mallocr.o)
                0x0001947c                __malloc_max_sbrked_mem
 .bss.__malloc_top_pad
                0x00019480        0x4 C:/Program Files (x86)/Arm GNU Toolchain arm-none-eabi/14.2 rel1/bin/../lib/gcc/arm-none-eabi/14.2.1/thumb/v7e-m+fp/hard\libc.a(libc_a-mallocr.o)
                0x00019480                __malloc_top_pad
 .bss.__atexit0
                0x00019484      0x190 C:/Program Files (x86)/Arm GNU Toolchain arm-none-eabi/14.2 rel1/bin/../lib/gcc/arm-none-eabi/14.2.1/thumb/v7e-m+fp/hard\libc.a(libc_a-__atexit.o)
                0x00019484                __atexit0
 .bss.heap_end.0
                0x00019614        0x4 C:/Program Files (x86)/Arm GNU Toolchain arm-none-eabi/14.2 rel1/bin/../lib/gcc/arm-none-eabi/14.2.1/thumb/v7e-m+fp/hard\libnosys.a(sbrk.o)
 *(COMMON)
 *(COM)
                0x00019618                        . = ALIGN (0x4)
                0x00019618                        __bss_end__ = .

/DISCARD/
 *(.ARM.exidx)
                0x00019618                        end = .
                [!provide]                        PROVIDE (end = .)
OUTPUT(device_build/pdex_unstripped.elf elf32-littlearm)
LOAD linker stubs

.ARM.attributes
                0x00000000       0x30
 .ARM.attributes
                0x00000000       0x22 C:/Program Files (x86)/Arm GNU Toolchain arm-none-eabi/14.2 rel1/bin/../lib/gcc/arm-none-eabi/14.2.1/thumb/v7e-m+fp/hard/crti.o
 .ARM.attributes
                0x00000022       0x34 C:/Program Files (x86)/Arm GNU Toolchain arm-none-eabi/14.2 rel1/bin/../lib/gcc/arm-none-eabi/14.2.1/thumb/v7e-m+fp/hard/crtbegin.o
 .ARM.attributes
                0x00000056       0x32 C:\msys64\tmp\ccycuf4N.ltrans0.ltrans.o
 .ARM.attributes
                0x00000088       0x34 C:/Program Files (x86)/Arm GNU Toolchain arm-none-eabi/14.2 rel1/bin/../lib/gcc/arm-none-eabi/14.2.1/thumb/v7e-m+fp/hard\libc.a(libc_a-atoi.o)
 .ARM.attributes
                0x000000bc       0x34 C:/Program Files (x86)/Arm GNU Toolchain arm-none-eabi/14.2 rel1/bin/../lib/gcc/arm-none-eabi/14.2.1/thumb/v7e-m+fp/hard\libc.a(libc_a-rand.o)
 .ARM.attributes
                0x000000f0       0x34 C:/Program Files (x86)/Arm GNU Toolchain arm-none-eabi/14.2 rel1/bin/../lib/gcc/arm-none-eabi/14.2.1/thumb/v7e-m+fp/hard\libc.a(libc_a-strtol.o)
 .ARM.attributes
                0x00000124       0x34 C:/Program Files (x86)/Arm GNU Toolchain arm-none-eabi/14.2 rel1/bin/../lib/gcc/arm-none-eabi/14.2.1/thumb/v7e-m+fp/hard\libc.a(libc_a-ctype_.o)
 .ARM.attributes
                0x00000158       0x34 C:/Program Files (x86)/Arm GNU Toolchain arm-none-eabi/14.2 rel1/bin/../lib/gcc/arm-none-eabi/14.2.1/thumb/v7e-m+fp/hard\libc.a(libc_a-qsort.o)
 .ARM.attributes
                0x0000018c       0x34 C:/Program Files (x86)/Arm GNU Toolchain arm-none-eabi/14.2 rel1/bin/../lib/gcc/arm-none-eabi/14.2.1/thumb/v7e-m+fp/hard\libc.a(libc_a-findfp.o)
 .ARM.attributes
                0x000001c0       0x34 C:/Program Files (x86)/Arm GNU Toolchain arm-none-eabi/14.2 rel1/bin/../lib/gcc/arm-none-eabi/14.2.1/thumb/v7e-m+fp/hard\libc.a(libc_a-fwalk.o)
 .ARM.attributes
                0x000001f4       0x34 C:/Program Files (x86)/Arm GNU Toolchain arm-none-eabi/14.2 rel1/bin/../lib/gcc/arm-none-eabi/14.2.1/thumb/v7e-m+fp/hard\libc.a(libc_a-stdio.o)
 .ARM.attributes
                0x00000228       0x34 C:/Program Files (x86)/Arm GNU Toolchain arm-none-eabi/14.2 rel1/bin/../lib/gcc/arm-none-eabi/14.2.1/thumb/v7e-m+fp/hard\libc.a(libc_a-memset.o)
 .ARM.attributes
                0x0000025c       0x34 C:/Program Files (x86)/Arm GNU Toolchain arm-none-eabi/14.2 rel1/bin/../lib/gcc/arm-none-eabi/14.2.1/thumb/v7e-m+fp/hard\libc.a(libc_a-strtok.o)
 .ARM.attributes
                0x00000290       0x34 C:/Program Files (x86)/Arm GNU Toolchain arm-none-eabi/14.2 rel1/bin/../lib/gcc/arm-none-eabi/14.2.1/thumb/v7e-m+fp/hard\libc.a(libc_a-strtok_r.o)
 .ARM.attributes
                0x000002c4       0x34 C:/Program Files (x86)/Arm GNU Toolchain arm-none-eabi/14.2 rel1/bin/../lib/gcc/arm-none-eabi/14.2.1/thumb/v7e-m+fp/hard\libc.a(libc_a-closer.o)
 .ARM.attributes
                0x000002f8       0x34 C:/Program Files (x86)/Arm GNU Toolchain arm-none-eabi/14.2 rel1/bin/../lib/gcc/arm-none-eabi/14.2.1/thumb/v7e-m+fp/hard\libc.a(libc_a-reent.o)
 .ARM.attributes
                0x0000032c       0x34 C:/Program Files (x86)/Arm GNU Toolchain arm-none-eabi/14.2 rel1/bin/../lib/gcc/arm-none-eabi/14.2.1/thumb/v7e-m+fp/hard\libc.a(libc_a-impure.o)
 .ARM.attributes
                0x00000360       0x34 C:/Program Files (x86)/Arm GNU Toolchain arm-none-eabi/14.2 rel1/bin/../lib/gcc/arm-none-eabi/14.2.1/thumb/v7e-m+fp/hard\libc.a(libc_a-lseekr.o)
 .ARM.attributes
                0x00000394       0x34 C:/Program Files (x86)/Arm GNU Toolchain arm-none-eabi/14.2 rel1/bin/../lib/gcc/arm-none-eabi/14.2.1/thumb/v7e-m+fp/hard\libc.a(libc_a-readr.o)
 .ARM.attributes
                0x000003c8       0x34 C:/Program Files (x86)/Arm GNU Toolchain arm-none-eabi/14.2 rel1/bin/../lib/gcc/arm-none-eabi/14.2.1/thumb/v7e-m+fp/hard\libc.a(libc_a-writer.o)
 .ARM.attributes
                0x000003fc       0x34 C:/Program Files (x86)/Arm GNU Toolchain arm-none-eabi/14.2 rel1/bin/../lib/gcc/arm-none-eabi/14.2.1/thumb/v7e-m+fp/hard\libc.a(libc_a-errno.o)
 .ARM.attributes
                0x00000430       0x34 C:/Program Files (x86)/Arm GNU Toolchain arm-none-eabi/14.2 rel1/bin/../lib/gcc/arm-none-eabi/14.2.1/thumb/v7e-m+fp/hard\libc.a(libc_a-lock.o)
 .ARM.attributes
                0x00000464       0x34 C:/Program Files (x86)/Arm GNU Toolchain arm-none-eabi/14.2 rel1/bin/../lib/gcc/arm-none-eabi/14.2.1/thumb/v7e-m+fp/hard\libc.a(libc_a-__call_atexit.o)
 .ARM.attributes
                0x00000498       0x34 C:/Program Files (x86)/Arm GNU Toolchain arm-none-eabi/14.2 rel1/bin/../lib/gcc/arm-none-eabi/14.2.1/thumb/v7e-m+fp/hard\libc.a(libc_a-atexit.o)
 .ARM.attributes
                0x000004cc       0x34 C:/Program Files (x86)/Arm GNU Toolchain arm-none-eabi/14.2 rel1/bin/../lib/gcc/arm-none-eabi/14.2.1/thumb/v7e-m+fp/hard\libc.a(libc_a-freer.o)
 .ARM.attributes
                0x00000500       0x34 C:/Program Files (x86)/Arm GNU Toolchain arm-none-eabi/14.2 rel1/bin/../lib/gcc/arm-none-eabi/14.2.1/thumb/v7e-m+fp/hard\libc.a(libc_a-mallocr.o)
 .ARM.attributes
                0x00000534       0x34 C:/Program Files (x86)/Arm GNU Toolchain arm-none-eabi/14.2 rel1/bin/../lib/gcc/arm-none-eabi/14.2.1/thumb/v7e-m+fp/hard\libc.a(libc_a-mlock.o)
 .ARM.attributes
                0x00000568       0x34 C:/Program Files (x86)/Arm GNU Toolchain arm-none-eabi/14.2 rel1/bin/../lib/gcc/arm-none-eabi/14.2.1/thumb/v7e-m+fp/hard\libc.a(libc_a-fclose.o)
 .ARM.attributes
                0x0000059c       0x34 C:/Program Files (x86)/Arm GNU Toolchain arm-none-eabi/14.2 rel1/bin/../lib/gcc/arm-none-eabi/14.2.1/thumb/v7e-m+fp/hard\libc.a(libc_a-fflush.o)
 .ARM.attributes
                0x000005d0       0x34 C:/Program Files (x86)/Arm GNU Toolchain arm-none-eabi/14.2 rel1/bin/../lib/gcc/arm-none-eabi/14.2.1/thumb/v7e-m+fp/hard\libc.a(libc_a-sbrkr.o)
 .ARM.attributes
                0x00000604       0x34 C:/Program Files (x86)/Arm GNU Toolchain arm-none-eabi/14.2 rel1/bin/../lib/gcc/arm-none-eabi/14.2.1/thumb/v7e-m+fp/hard\libc.a(libc_a-fini.o)
 .ARM.attributes
                0x00000638       0x34 C:/Program Files (x86)/Arm GNU Toolchain arm-none-eabi/14.2 rel1/bin/../lib/gcc/arm-none-eabi/14.2.1/thumb/v7e-m+fp/hard\libc.a(libc_a-sysconf.o)
 .ARM.attributes
                0x0000066c       0x34 C:/Program Files (x86)/Arm GNU Toolchain arm-none-eabi/14.2 rel1/bin/../lib/gcc/arm-none-eabi/14.2.1/thumb/v7e-m+fp/hard\libc.a(libc_a-__atexit.o)
 .ARM.attributes
                0x000006a0       0x34 C:/Program Files (x86)/Arm GNU Toolchain arm-none-eabi/14.2 rel1/bin/../lib/gcc/arm-none-eabi/14.2.1/thumb/v7e-m+fp/hard\libc.a(libc_a-sscanf.o)
 .ARM.attributes
                0x000006d4       0x34 C:/Program Files (x86)/Arm GNU Toolchain arm-none-eabi/14.2 rel1/bin/../lib/gcc/arm-none-eabi/14.2.1/thumb/v7e-m+fp/hard\libc.a(libc_a-strchr.o)
 .ARM.attributes
                0x00000708       0x20 C:/Program Files (x86)/Arm GNU Toolchain arm-none-eabi/14.2 rel1/bin/../lib/gcc/arm-none-eabi/14.2.1/thumb/v7e-m+fp/hard\libc.a(libc_a-memcpy.o)
 .ARM.attributes
                0x00000728       0x1c C:/Program Files (x86)/Arm GNU Toolchain arm-none-eabi/14.2 rel1/bin/../lib/gcc/arm-none-eabi/14.2.1/thumb/v7e-m+fp/hard\libc.a(libc_a-strlen.o)
 .ARM.attributes
                0x00000744       0x34 C:/Program Files (x86)/Arm GNU Toolchain arm-none-eabi/14.2 rel1/bin/../lib/gcc/arm-none-eabi/14.2.1/thumb/v7e-m+fp/hard\libc.a(libc_a-svfscanf.o)
 .ARM.attributes
                0x00000778       0x34 C:/Program Files (x86)/Arm GNU Toolchain arm-none-eabi/14.2 rel1/bin/../lib/gcc/arm-none-eabi/14.2.1/thumb/v7e-m+fp/hard\libc.a(libc_a-sccl.o)
 .ARM.attributes
                0x000007ac       0x34 C:/Program Files (x86)/Arm GNU Toolchain arm-none-eabi/14.2 rel1/bin/../lib/gcc/arm-none-eabi/14.2.1/thumb/v7e-m+fp/hard\libc.a(libc_a-sprintf.o)
 .ARM.attributes
                0x000007e0       0x34 C:/Program Files (x86)/Arm GNU Toolchain arm-none-eabi/14.2 rel1/bin/../lib/gcc/arm-none-eabi/14.2.1/thumb/v7e-m+fp/hard\libc.a(libc_a-stpncpy.o)
 .ARM.attributes
                0x00000814       0x34 C:/Program Files (x86)/Arm GNU Toolchain arm-none-eabi/14.2 rel1/bin/../lib/gcc/arm-none-eabi/14.2.1/thumb/v7e-m+fp/hard\libc.a(libc_a-locale.o)
 .ARM.attributes
                0x00000848       0x34 C:/Program Files (x86)/Arm GNU Toolchain arm-none-eabi/14.2 rel1/bin/../lib/gcc/arm-none-eabi/14.2.1/thumb/v7e-m+fp/hard\libc.a(libc_a-localeconv.o)
 .ARM.attributes
                0x0000087c       0x20 C:/Program Files (x86)/Arm GNU Toolchain arm-none-eabi/14.2 rel1/bin/../lib/gcc/arm-none-eabi/14.2.1/thumb/v7e-m+fp/hard\libc.a(libc_a-strcmp.o)
 .ARM.attributes
                0x0000089c       0x34 C:/Program Files (x86)/Arm GNU Toolchain arm-none-eabi/14.2 rel1/bin/../lib/gcc/arm-none-eabi/14.2.1/thumb/v7e-m+fp/hard\libc.a(libm_a-sf_nan.o)
 .ARM.attributes
                0x000008d0       0x34 C:/Program Files (x86)/Arm GNU Toolchain arm-none-eabi/14.2 rel1/bin/../lib/gcc/arm-none-eabi/14.2.1/thumb/v7e-m+fp/hard\libc.a(libc_a-malloc.o)
 .ARM.attributes
                0x00000904       0x34 C:/Program Files (x86)/Arm GNU Toolchain arm-none-eabi/14.2 rel1/bin/../lib/gcc/arm-none-eabi/14.2.1/thumb/v7e-m+fp/hard\libc.a(libc_a-mbtowc_r.o)
 .ARM.attributes
                0x00000938       0x34 C:/Program Files (x86)/Arm GNU Toolchain arm-none-eabi/14.2 rel1/bin/../lib/gcc/arm-none-eabi/14.2.1/thumb/v7e-m+fp/hard\libc.a(libc_a-realloc.o)
 .ARM.attributes
                0x0000096c       0x34 C:/Program Files (x86)/Arm GNU Toolchain arm-none-eabi/14.2 rel1/bin/../lib/gcc/arm-none-eabi/14.2.1/thumb/v7e-m+fp/hard\libc.a(libc_a-reallocr.o)
 .ARM.attributes
                0x000009a0       0x34 C:/Program Files (x86)/Arm GNU Toolchain arm-none-eabi/14.2 rel1/bin/../lib/gcc/arm-none-eabi/14.2.1/thumb/v7e-m+fp/hard\libc.a(libc_a-strtod.o)
 .ARM.attributes
                0x000009d4       0x34 C:/Program Files (x86)/Arm GNU Toolchain arm-none-eabi/14.2 rel1/bin/../lib/gcc/arm-none-eabi/14.2.1/thumb/v7e-m+fp/hard\libc.a(libc_a-strtoul.o)
 .ARM.attributes
                0x00000a08       0x34 C:/Program Files (x86)/Arm GNU Toolchain arm-none-eabi/14.2 rel1/bin/../lib/gcc/arm-none-eabi/14.2.1/thumb/v7e-m+fp/hard\libc.a(libc_a-wctomb_r.o)
 .ARM.attributes
                0x00000a3c       0x34 C:/Program Files (x86)/Arm GNU Toolchain arm-none-eabi/14.2 rel1/bin/../lib/gcc/arm-none-eabi/14.2.1/thumb/v7e-m+fp/hard\libc.a(libc_a-strtoll.o)
 .ARM.attributes
                0x00000a70       0x34 C:/Program Files (x86)/Arm GNU Toolchain arm-none-eabi/14.2 rel1/bin/../lib/gcc/arm-none-eabi/14.2.1/thumb/v7e-m+fp/hard\libc.a(libc_a-strtoull.o)
 .ARM.attributes
                0x00000aa4       0x34 C:/Program Files (x86)/Arm GNU Toolchain arm-none-eabi/14.2 rel1/bin/../lib/gcc/arm-none-eabi/14.2.1/thumb/v7e-m+fp/hard\libc.a(libc_a-mbrtowc.o)
 .ARM.attributes
                0x00000ad8       0x34 C:/Program Files (x86)/Arm GNU Toolchain arm-none-eabi/14.2 rel1/bin/../lib/gcc/arm-none-eabi/14.2.1/thumb/v7e-m+fp/hard\libc.a(libc_a-iswspace.o)
 .ARM.attributes
                0x00000b0c       0x34 C:/Program Files (x86)/Arm GNU Toolchain arm-none-eabi/14.2 rel1/bin/../lib/gcc/arm-none-eabi/14.2.1/thumb/v7e-m+fp/hard\libc.a(libc_a-iswspace_l.o)
 .ARM.attributes
                0x00000b40       0x34 C:/Program Files (x86)/Arm GNU Toolchain arm-none-eabi/14.2 rel1/bin/../lib/gcc/arm-none-eabi/14.2.1/thumb/v7e-m+fp/hard\libc.a(libc_a-jp2uc.o)
 .ARM.attributes
                0x00000b74       0x34 C:/Program Files (x86)/Arm GNU Toolchain arm-none-eabi/14.2 rel1/bin/../lib/gcc/arm-none-eabi/14.2.1/thumb/v7e-m+fp/hard\libc.a(libc_a-svfiscanf.o)
 .ARM.attributes
                0x00000ba8       0x34 C:/Program Files (x86)/Arm GNU Toolchain arm-none-eabi/14.2 rel1/bin/../lib/gcc/arm-none-eabi/14.2.1/thumb/v7e-m+fp/hard\libc.a(libc_a-svfprintf.o)
 .ARM.attributes
                0x00000bdc       0x34 C:/Program Files (x86)/Arm GNU Toolchain arm-none-eabi/14.2 rel1/bin/../lib/gcc/arm-none-eabi/14.2.1/thumb/v7e-m+fp/hard\libc.a(libc_a-ssprint_r.o)
 .ARM.attributes
                0x00000c10       0x34 C:/Program Files (x86)/Arm GNU Toolchain arm-none-eabi/14.2 rel1/bin/../lib/gcc/arm-none-eabi/14.2.1/thumb/v7e-m+fp/hard\libc.a(libc_a-ungetc.o)
 .ARM.attributes
                0x00000c44       0x34 C:/Program Files (x86)/Arm GNU Toolchain arm-none-eabi/14.2 rel1/bin/../lib/gcc/arm-none-eabi/14.2.1/thumb/v7e-m+fp/hard\libc.a(libc_a-memmove.o)
 .ARM.attributes
                0x00000c78       0x34 C:/Program Files (x86)/Arm GNU Toolchain arm-none-eabi/14.2 rel1/bin/../lib/gcc/arm-none-eabi/14.2.1/thumb/v7e-m+fp/hard\libc.a(libc_a-strncmp.o)
 .ARM.attributes
                0x00000cac       0x34 C:/Program Files (x86)/Arm GNU Toolchain arm-none-eabi/14.2 rel1/bin/../lib/gcc/arm-none-eabi/14.2.1/thumb/v7e-m+fp/hard\libc.a(libc_a-strncpy.o)
 .ARM.attributes
                0x00000ce0       0x1c C:/Program Files (x86)/Arm GNU Toolchain arm-none-eabi/14.2 rel1/bin/../lib/gcc/arm-none-eabi/14.2.1/thumb/v7e-m+fp/hard\libc.a(libc_a-memchr.o)
 .ARM.attributes
                0x00000cfc       0x34 C:/Program Files (x86)/Arm GNU Toolchain arm-none-eabi/14.2 rel1/bin/../lib/gcc/arm-none-eabi/14.2.1/thumb/v7e-m+fp/hard\libc.a(libm_a-s_nan.o)
 .ARM.attributes
                0x00000d30       0x34 C:/Program Files (x86)/Arm GNU Toolchain arm-none-eabi/14.2 rel1/bin/../lib/gcc/arm-none-eabi/14.2.1/thumb/v7e-m+fp/hard\libc.a(libm_a-s_frexp.o)
 .ARM.attributes
                0x00000d64       0x34 C:/Program Files (x86)/Arm GNU Toolchain arm-none-eabi/14.2 rel1/bin/../lib/gcc/arm-none-eabi/14.2.1/thumb/v7e-m+fp/hard\libc.a(libc_a-dtoa.o)
 .ARM.attributes
                0x00000d98       0x34 C:/Program Files (x86)/Arm GNU Toolchain arm-none-eabi/14.2 rel1/bin/../lib/gcc/arm-none-eabi/14.2.1/thumb/v7e-m+fp/hard\libc.a(libc_a-gdtoa-gethex.o)
 .ARM.attributes
                0x00000dcc       0x34 C:/Program Files (x86)/Arm GNU Toolchain arm-none-eabi/14.2 rel1/bin/../lib/gcc/arm-none-eabi/14.2.1/thumb/v7e-m+fp/hard\libc.a(libc_a-gdtoa-hexnan.o)
 .ARM.attributes
                0x00000e00       0x34 C:/Program Files (x86)/Arm GNU Toolchain arm-none-eabi/14.2 rel1/bin/../lib/gcc/arm-none-eabi/14.2.1/thumb/v7e-m+fp/hard\libc.a(libc_a-mprec.o)
 .ARM.attributes
                0x00000e34       0x34 C:/Program Files (x86)/Arm GNU Toolchain arm-none-eabi/14.2 rel1/bin/../lib/gcc/arm-none-eabi/14.2.1/thumb/v7e-m+fp/hard\libc.a(libc_a-wcrtomb.o)
 .ARM.attributes
                0x00000e68       0x34 C:/Program Files (x86)/Arm GNU Toolchain arm-none-eabi/14.2 rel1/bin/../lib/gcc/arm-none-eabi/14.2.1/thumb/v7e-m+fp/hard\libc.a(libc_a-wcsrtombs.o)
 .ARM.attributes
                0x00000e9c       0x34 C:/Program Files (x86)/Arm GNU Toolchain arm-none-eabi/14.2 rel1/bin/../lib/gcc/arm-none-eabi/14.2.1/thumb/v7e-m+fp/hard\libc.a(libc_a-categories.o)
 .ARM.attributes
                0x00000ed0       0x34 C:/Program Files (x86)/Arm GNU Toolchain arm-none-eabi/14.2 rel1/bin/../lib/gcc/arm-none-eabi/14.2.1/thumb/v7e-m+fp/hard\libc.a(libc_a-ssputs_r.o)
 .ARM.attributes
                0x00000f04       0x34 C:/Program Files (x86)/Arm GNU Toolchain arm-none-eabi/14.2 rel1/bin/../lib/gcc/arm-none-eabi/14.2.1/thumb/v7e-m+fp/hard\libc.a(libc_a-assert.o)
 .ARM.attributes
                0x00000f38       0x34 C:/Program Files (x86)/Arm GNU Toolchain arm-none-eabi/14.2 rel1/bin/../lib/gcc/arm-none-eabi/14.2.1/thumb/v7e-m+fp/hard\libc.a(libc_a-callocr.o)
 .ARM.attributes
                0x00000f6c       0x34 C:/Program Files (x86)/Arm GNU Toolchain arm-none-eabi/14.2 rel1/bin/../lib/gcc/arm-none-eabi/14.2.1/thumb/v7e-m+fp/hard\libc.a(libc_a-wcsnrtombs.o)
 .ARM.attributes
                0x00000fa0       0x34 C:/Program Files (x86)/Arm GNU Toolchain arm-none-eabi/14.2 rel1/bin/../lib/gcc/arm-none-eabi/14.2.1/thumb/v7e-m+fp/hard\libc.a(libc_a-fiprintf.o)
 .ARM.attributes
                0x00000fd4       0x34 C:/Program Files (x86)/Arm GNU Toolchain arm-none-eabi/14.2 rel1/bin/../lib/gcc/arm-none-eabi/14.2.1/thumb/v7e-m+fp/hard\libc.a(libc_a-vfiprintf.o)
 .ARM.attributes
                0x00001008       0x34 C:/Program Files (x86)/Arm GNU Toolchain arm-none-eabi/14.2 rel1/bin/../lib/gcc/arm-none-eabi/14.2.1/thumb/v7e-m+fp/hard\libc.a(libc_a-sprint_r.o)
 .ARM.attributes
                0x0000103c       0x34 C:/Program Files (x86)/Arm GNU Toolchain arm-none-eabi/14.2 rel1/bin/../lib/gcc/arm-none-eabi/14.2.1/thumb/v7e-m+fp/hard\libc.a(libc_a-fvwrite.o)
 .ARM.attributes
                0x00001070       0x34 C:/Program Files (x86)/Arm GNU Toolchain arm-none-eabi/14.2 rel1/bin/../lib/gcc/arm-none-eabi/14.2.1/thumb/v7e-m+fp/hard\libc.a(libc_a-wsetup.o)
 .ARM.attributes
                0x000010a4       0x34 C:/Program Files (x86)/Arm GNU Toolchain arm-none-eabi/14.2 rel1/bin/../lib/gcc/arm-none-eabi/14.2.1/thumb/v7e-m+fp/hard\libc.a(libc_a-abort.o)
 .ARM.attributes
                0x000010d8       0x34 C:/Program Files (x86)/Arm GNU Toolchain arm-none-eabi/14.2 rel1/bin/../lib/gcc/arm-none-eabi/14.2.1/thumb/v7e-m+fp/hard\libc.a(libc_a-makebuf.o)
 .ARM.attributes
                0x0000110c       0x34 C:/Program Files (x86)/Arm GNU Toolchain arm-none-eabi/14.2 rel1/bin/../lib/gcc/arm-none-eabi/14.2.1/thumb/v7e-m+fp/hard\libc.a(libc_a-signal.o)
 .ARM.attributes
                0x00001140       0x34 C:/Program Files (x86)/Arm GNU Toolchain arm-none-eabi/14.2 rel1/bin/../lib/gcc/arm-none-eabi/14.2.1/thumb/v7e-m+fp/hard\libc.a(libc_a-fstatr.o)
 .ARM.attributes
                0x00001174       0x34 C:/Program Files (x86)/Arm GNU Toolchain arm-none-eabi/14.2 rel1/bin/../lib/gcc/arm-none-eabi/14.2.1/thumb/v7e-m+fp/hard\libc.a(libc_a-isattyr.o)
 .ARM.attributes
                0x000011a8       0x34 C:/Program Files (x86)/Arm GNU Toolchain arm-none-eabi/14.2 rel1/bin/../lib/gcc/arm-none-eabi/14.2.1/thumb/v7e-m+fp/hard\libc.a(libc_a-signalr.o)
 .ARM.attributes
                0x000011dc       0x34 C:/Program Files (x86)/Arm GNU Toolchain arm-none-eabi/14.2 rel1/bin/../lib/gcc/arm-none-eabi/14.2.1/thumb/v7e-m+fp/hard\libnosys.a(close.o)
 .ARM.attributes
                0x00001210       0x34 C:/Program Files (x86)/Arm GNU Toolchain arm-none-eabi/14.2 rel1/bin/../lib/gcc/arm-none-eabi/14.2.1/thumb/v7e-m+fp/hard\libnosys.a(lseek.o)
 .ARM.attributes
                0x00001244       0x34 C:/Program Files (x86)/Arm GNU Toolchain arm-none-eabi/14.2 rel1/bin/../lib/gcc/arm-none-eabi/14.2.1/thumb/v7e-m+fp/hard\libnosys.a(read.o)
 .ARM.attributes
                0x00001278       0x34 C:/Program Files (x86)/Arm GNU Toolchain arm-none-eabi/14.2 rel1/bin/../lib/gcc/arm-none-eabi/14.2.1/thumb/v7e-m+fp/hard\libnosys.a(sbrk.o)
 .ARM.attributes
                0x000012ac       0x34 C:/Program Files (x86)/Arm GNU Toolchain arm-none-eabi/14.2 rel1/bin/../lib/gcc/arm-none-eabi/14.2.1/thumb/v7e-m+fp/hard\libnosys.a(write.o)
 .ARM.attributes
                0x000012e0       0x34 C:/Program Files (x86)/Arm GNU Toolchain arm-none-eabi/14.2 rel1/bin/../lib/gcc/arm-none-eabi/14.2.1/thumb/v7e-m+fp/hard\libnosys.a(_exit.o)
 .ARM.attributes
                0x00001314       0x34 C:/Program Files (x86)/Arm GNU Toolchain arm-none-eabi/14.2 rel1/bin/../lib/gcc/arm-none-eabi/14.2.1/thumb/v7e-m+fp/hard\libnosys.a(fstat.o)
 .ARM.attributes
                0x00001348       0x34 C:/Program Files (x86)/Arm GNU Toolchain arm-none-eabi/14.2 rel1/bin/../lib/gcc/arm-none-eabi/14.2.1/thumb/v7e-m+fp/hard\libnosys.a(getpid.o)
 .ARM.attributes
                0x0000137c       0x34 C:/Program Files (x86)/Arm GNU Toolchain arm-none-eabi/14.2 rel1/bin/../lib/gcc/arm-none-eabi/14.2.1/thumb/v7e-m+fp/hard\libnosys.a(isatty.o)
 .ARM.attributes
                0x000013b0       0x34 C:/Program Files (x86)/Arm GNU Toolchain arm-none-eabi/14.2 rel1/bin/../lib/gcc/arm-none-eabi/14.2.1/thumb/v7e-m+fp/hard\libnosys.a(kill.o)
 .ARM.attributes
                0x000013e4       0x22 C:/Program Files (x86)/Arm GNU Toolchain arm-none-eabi/14.2 rel1/bin/../lib/gcc/arm-none-eabi/14.2.1/thumb/v7e-m+fp/hard\libgcc.a(_arm_addsubdf3.o)
 .ARM.attributes
                0x00001406       0x22 C:/Program Files (x86)/Arm GNU Toolchain arm-none-eabi/14.2 rel1/bin/../lib/gcc/arm-none-eabi/14.2.1/thumb/v7e-m+fp/hard\libgcc.a(_arm_cmpdf2.o)
 .ARM.attributes
                0x00001428       0x22 C:/Program Files (x86)/Arm GNU Toolchain arm-none-eabi/14.2 rel1/bin/../lib/gcc/arm-none-eabi/14.2.1/thumb/v7e-m+fp/hard\libgcc.a(_arm_addsubsf3.o)
 .ARM.attributes
                0x0000144a       0x22 C:/Program Files (x86)/Arm GNU Toolchain arm-none-eabi/14.2 rel1/bin/../lib/gcc/arm-none-eabi/14.2.1/thumb/v7e-m+fp/hard\libgcc.a(_aeabi_ldivmod.o)
 .ARM.attributes
                0x0000146c       0x34 C:/Program Files (x86)/Arm GNU Toolchain arm-none-eabi/14.2 rel1/bin/../lib/gcc/arm-none-eabi/14.2.1/thumb/v7e-m+fp/hard\libgcc.a(_fixsfdi.o)
 .ARM.attributes
                0x000014a0       0x34 C:/Program Files (x86)/Arm GNU Toolchain arm-none-eabi/14.2 rel1/bin/../lib/gcc/arm-none-eabi/14.2.1/thumb/v7e-m+fp/hard\libgcc.a(_fixunssfdi.o)
 .ARM.attributes
                0x000014d4       0x34 C:/Program Files (x86)/Arm GNU Toolchain arm-none-eabi/14.2 rel1/bin/../lib/gcc/arm-none-eabi/14.2.1/thumb/v7e-m+fp/hard\libgcc.a(_udivmoddi4.o)
 .ARM.attributes
                0x00001508       0x22 C:/Program Files (x86)/Arm GNU Toolchain arm-none-eabi/14.2 rel1/bin/../lib/gcc/arm-none-eabi/14.2.1/thumb/v7e-m+fp/hard\libgcc.a(_dvmd_tls.o)
 .ARM.attributes
                0x0000152a       0x22 C:/Program Files (x86)/Arm GNU Toolchain arm-none-eabi/14.2 rel1/bin/../lib/gcc/arm-none-eabi/14.2.1/thumb/v7e-m+fp/hard\libgcc.a(_arm_fixunsdfsi.o)
 .ARM.attributes
                0x0000154c       0x22 C:/Program Files (x86)/Arm GNU Toolchain arm-none-eabi/14.2 rel1/bin/../lib/gcc/arm-none-eabi/14.2.1/thumb/v7e-m+fp/hard\libgcc.a(_arm_muldivdf3.o)
 .ARM.attributes
                0x0000156e       0x22 C:/Program Files (x86)/Arm GNU Toolchain arm-none-eabi/14.2 rel1/bin/../lib/gcc/arm-none-eabi/14.2.1/thumb/v7e-m+fp/hard\libgcc.a(_arm_unorddf2.o)
 .ARM.attributes
                0x00001590       0x22 C:/Program Files (x86)/Arm GNU Toolchain arm-none-eabi/14.2 rel1/bin/../lib/gcc/arm-none-eabi/14.2.1/thumb/v7e-m+fp/hard\libgcc.a(_arm_fixdfsi.o)
 .ARM.attributes
                0x000015b2       0x22 C:/Program Files (x86)/Arm GNU Toolchain arm-none-eabi/14.2 rel1/bin/../lib/gcc/arm-none-eabi/14.2.1/thumb/v7e-m+fp/hard\libgcc.a(_arm_truncdfsf2.o)
 .ARM.attributes
                0x000015d4       0x22 C:/Program Files (x86)/Arm GNU Toolchain arm-none-eabi/14.2 rel1/bin/../lib/gcc/arm-none-eabi/14.2.1/thumb/v7e-m+fp/hard\libgcc.a(_aeabi_uldivmod.o)
 .ARM.attributes
                0x000015f6       0x34 C:/Program Files (x86)/Arm GNU Toolchain arm-none-eabi/14.2 rel1/bin/../lib/gcc/arm-none-eabi/14.2.1/thumb/v7e-m+fp/hard\libgcc.a(_fixdfdi.o)
 .ARM.attributes
                0x0000162a       0x34 C:/Program Files (x86)/Arm GNU Toolchain arm-none-eabi/14.2 rel1/bin/../lib/gcc/arm-none-eabi/14.2.1/thumb/v7e-m+fp/hard\libgcc.a(_fixunsdfdi.o)
 .ARM.attributes
                0x0000165e       0x34 C:/Program Files (x86)/Arm GNU Toolchain arm-none-eabi/14.2 rel1/bin/../lib/gcc/arm-none-eabi/14.2.1/thumb/v7e-m+fp/hard/crtend.o
 .ARM.attributes
                0x00001692       0x22 C:/Program Files (x86)/Arm GNU Toolchain arm-none-eabi/14.2 rel1/bin/../lib/gcc/arm-none-eabi/14.2.1/thumb/v7e-m+fp/hard/crtn.o
 .ARM.attributes
                0x000016b4       0x34 C:/Program Files (x86)/Arm GNU Toolchain arm-none-eabi/14.2 rel1/bin/../lib/gcc/arm-none-eabi/14.2.1/thumb/v7e-m+fp/hard\libm.a(libm_a-wf_atan2.o)
 .ARM.attributes
                0x000016e8       0x34 C:/Program Files (x86)/Arm GNU Toolchain arm-none-eabi/14.2 rel1/bin/../lib/gcc/arm-none-eabi/14.2.1/thumb/v7e-m+fp/hard\libm.a(libm_a-wf_fmod.o)
 .ARM.attributes
                0x0000171c       0x34 C:/Program Files (x86)/Arm GNU Toolchain arm-none-eabi/14.2 rel1/bin/../lib/gcc/arm-none-eabi/14.2.1/thumb/v7e-m+fp/hard\libm.a(libm_a-sf_cos.o)
 .ARM.attributes
                0x00001750       0x34 C:/Program Files (x86)/Arm GNU Toolchain arm-none-eabi/14.2 rel1/bin/../lib/gcc/arm-none-eabi/14.2.1/thumb/v7e-m+fp/hard\libm.a(libm_a-sf_sin.o)
 .ARM.attributes
                0x00001784       0x34 C:/Program Files (x86)/Arm GNU Toolchain arm-none-eabi/14.2 rel1/bin/../lib/gcc/arm-none-eabi/14.2.1/thumb/v7e-m+fp/hard\libm.a(libm_a-sf_floor.o)
 .ARM.attributes
                0x000017b8       0x34 C:/Program Files (x86)/Arm GNU Toolchain arm-none-eabi/14.2 rel1/bin/../lib/gcc/arm-none-eabi/14.2.1/thumb/v7e-m+fp/hard\libm.a(libm_a-kf_cos.o)
 .ARM.attributes
                0x000017ec       0x34 C:/Program Files (x86)/Arm GNU Toolchain arm-none-eabi/14.2 rel1/bin/../lib/gcc/arm-none-eabi/14.2.1/thumb/v7e-m+fp/hard\libm.a(libm_a-kf_sin.o)
 .ARM.attributes
                0x00001820       0x34 C:/Program Files (x86)/Arm GNU Toolchain arm-none-eabi/14.2 rel1/bin/../lib/gcc/arm-none-eabi/14.2.1/thumb/v7e-m+fp/hard\libm.a(libm_a-ef_atan2.o)
 .ARM.attributes
                0x00001854       0x34 C:/Program Files (x86)/Arm GNU Toolchain arm-none-eabi/14.2 rel1/bin/../lib/gcc/arm-none-eabi/14.2.1/thumb/v7e-m+fp/hard\libm.a(libm_a-ef_fmod.o)
 .ARM.attributes
                0x00001888       0x34 C:/Program Files (x86)/Arm GNU Toolchain arm-none-eabi/14.2 rel1/bin/../lib/gcc/arm-none-eabi/14.2.1/thumb/v7e-m+fp/hard\libm.a(libm_a-ef_rem_pio2.o)
 .ARM.attributes